-- Found rosidl_default_generators: 1.2.1 (/opt/ros/humble/share/rosidl_default_generators/cmake)
-- Found ament_cmake_core: 1.3.14 (/opt/ros/humble/share/ament_cmake_core/cmake)
-- Override CMake install command with custom implementation using symlinks instead of copying resources
-- Using all available rosidl_typesupport_c: rosidl_typesupport_fastrtps_c;rosidl_typesupport_introspection_c
-- Found rosidl_adapter: 3.1.8 (/opt/ros/humble/share/rosidl_adapter/cmake)
-- Using all available rosidl_typesupport_cpp: rosidl_typesupport_fastrtps_cpp;rosidl_typesupport_introspection_cpp
-- Found ament_cmake_ros: 0.10.0 (/opt/ros/humble/share/ament_cmake_ros/cmake)
-- Using all available rosidl_typesupport_c: rosidl_typesupport_fastrtps_c;rosidl_typesupport_introspection_c
-- Using all available rosidl_typesupport_cpp: rosidl_typesupport_fastrtps_cpp;rosidl_typesupport_introspection_cpp
-- Found python_cmake_module: 0.10.0 (/opt/ros/humble/share/python_cmake_module/cmake)
-- Using PYTHON_EXECUTABLE: /usr/bin/python3
-- Using PYTHON_INCLUDE_DIRS: /usr/include/python3.10
-- Using PYTHON_LIBRARIES: /usr/lib/x86_64-linux-gnu/libpython3.10.so
-- Found rclcpp: 16.0.19 (/opt/ros/humble/share/rclcpp/cmake)
-- Found rmw_implementation_cmake: 6.1.2 (/opt/ros/humble/share/rmw_implementation_cmake/cmake)
-- Found rmw_fastrtps_cpp: 6.2.10 (/opt/ros/humble/share/rmw_fastrtps_cpp/cmake)
-- Using RMW implementation 'rmw_fastrtps_cpp' as default
-- Found rclpy: 3.3.21 (/opt/ros/humble/share/rclpy/cmake)
-- Configuring done
-- Generating done
-- Build files have been written to: /home/sarah/ros2_ws/build/part1_pubsub
[35m[1mConsolidate compiler generated dependencies of target part1_pubsub__rosidl_generator_c[0m
[  3%] Built target part1_pubsub__cpp
[  3%] Built target ament_cmake_python_symlink_part1_pubsub_modules
[  3%] Built target ament_cmake_python_symlink_part1_pubsub
[  6%] Built target part1_pubsub__rs
[ 15%] Built target part1_pubsub__rosidl_generator_c
[35m[1mConsolidate compiler generated dependencies of target part1_pubsub__rosidl_typesupport_fastrtps_cpp[0m
[35m[1mConsolidate compiler generated dependencies of target part1_pubsub__rosidl_typesupport_introspection_cpp[0m
[35m[1mConsolidate compiler generated dependencies of target part1_pubsub__rosidl_typesupport_cpp[0m
[35m[1mConsolidate compiler generated dependencies of target part1_pubsub__rosidl_typesupport_introspection_c[0m
[35m[1mConsolidate compiler generated dependencies of target part1_pubsub__rosidl_typesupport_fastrtps_c[0m
[35m[1mConsolidate compiler generated dependencies of target part1_pubsub__rosidl_typesupport_c[0m
[ 25%] Built target part1_pubsub__rosidl_typesupport_introspection_cpp
[ 34%] Built target part1_pubsub__rosidl_typesupport_fastrtps_cpp
[ 50%] Built target part1_pubsub__rosidl_typesupport_introspection_c
[ 53%] Built target part1_pubsub__rosidl_typesupport_c
[ 62%] Built target part1_pubsub__rosidl_typesupport_fastrtps_c
[ 71%] Built target part1_pubsub__rosidl_typesupport_cpp
[ 71%] Built target part1_pubsub
[ 75%] Built target part1_pubsub__py
[35m[1mConsolidate compiler generated dependencies of target part1_pubsub__rosidl_generator_py[0m
[ 81%] Built target part1_pubsub__rosidl_generator_py
[35m[1mConsolidate compiler generated dependencies of target part1_pubsub__rosidl_typesupport_c__pyext[0m
[35m[1mConsolidate compiler generated dependencies of target part1_pubsub__rosidl_typesupport_introspection_c__pyext[0m
[35m[1mConsolidate compiler generated dependencies of target part1_pubsub__rosidl_typesupport_fastrtps_c__pyext[0m
[ 87%] Built target part1_pubsub__rosidl_typesupport_c__pyext
[ 93%] Built target part1_pubsub__rosidl_typesupport_introspection_c__pyext
[100%] Built target part1_pubsub__rosidl_typesupport_fastrtps_c__pyext
running egg_info
writing part1_pubsub.egg-info/PKG-INFO
writing dependency_links to part1_pubsub.egg-info/dependency_links.txt
writing top-level names to part1_pubsub.egg-info/top_level.txt
reading manifest file 'part1_pubsub.egg-info/SOURCES.txt'
writing manifest file 'part1_pubsub.egg-info/SOURCES.txt'
running egg_info
writing part1_pubsub_modules.egg-info/PKG-INFO
writing dependency_links to part1_pubsub_modules.egg-info/dependency_links.txt
writing top-level names to part1_pubsub_modules.egg-info/top_level.txt
reading manifest file 'part1_pubsub_modules.egg-info/SOURCES.txt'
writing manifest file 'part1_pubsub_modules.egg-info/SOURCES.txt'
[100%] Built target ament_cmake_python_build_part1_pubsub_egg
[100%] Built target ament_cmake_python_build_part1_pubsub_modules_egg
-- Install configuration: ""
-- Execute custom install script
-- Up-to-date symlink: /home/sarah/ros2_ws/install/part1_pubsub/share/ament_index/resource_index/rosidl_interfaces/part1_pubsub
-- Up-to-date symlink: /home/sarah/ros2_ws/install/part1_pubsub/include/part1_pubsub/part1_pubsub/msg/detail/example__functions.h
-- Up-to-date symlink: /home/sarah/ros2_ws/install/part1_pubsub/include/part1_pubsub/part1_pubsub/msg/detail/example__struct.h
-- Up-to-date symlink: /home/sarah/ros2_ws/install/part1_pubsub/include/part1_pubsub/part1_pubsub/msg/detail/example__type_support.h
-- Up-to-date symlink: /home/sarah/ros2_ws/install/part1_pubsub/include/part1_pubsub/part1_pubsub/msg/example.h
-- Up-to-date symlink: /home/sarah/ros2_ws/install/part1_pubsub/include/part1_pubsub/part1_pubsub/msg/rosidl_generator_c__visibility_control.h
-- Up-to-date symlink: /home/sarah/ros2_ws/install/part1_pubsub/share/part1_pubsub/environment/library_path.sh
-- Up-to-date symlink: /home/sarah/ros2_ws/install/part1_pubsub/share/part1_pubsub/environment/library_path.dsv
-- Up-to-date symlink: /home/sarah/ros2_ws/install/part1_pubsub/include/part1_pubsub/part1_pubsub/msg/detail/example__rosidl_typesupport_fastrtps_c.h
-- Up-to-date symlink: /home/sarah/ros2_ws/install/part1_pubsub/include/part1_pubsub/part1_pubsub/msg/rosidl_typesupport_fastrtps_c__visibility_control.h
-- Up-to-date symlink: /home/sarah/ros2_ws/install/part1_pubsub/include/part1_pubsub/part1_pubsub/msg/detail/example__rosidl_typesupport_introspection_c.h
-- Up-to-date symlink: /home/sarah/ros2_ws/install/part1_pubsub/include/part1_pubsub/part1_pubsub/msg/rosidl_typesupport_introspection_c__visibility_control.h
-- Up-to-date symlink: /home/sarah/ros2_ws/install/part1_pubsub/include/part1_pubsub/part1_pubsub/msg/detail/example__builder.hpp
-- Up-to-date symlink: /home/sarah/ros2_ws/install/part1_pubsub/include/part1_pubsub/part1_pubsub/msg/detail/example__struct.hpp
-- Up-to-date symlink: /home/sarah/ros2_ws/install/part1_pubsub/include/part1_pubsub/part1_pubsub/msg/detail/example__traits.hpp
-- Up-to-date symlink: /home/sarah/ros2_ws/install/part1_pubsub/include/part1_pubsub/part1_pubsub/msg/detail/example__type_support.hpp
-- Up-to-date symlink: /home/sarah/ros2_ws/install/part1_pubsub/include/part1_pubsub/part1_pubsub/msg/example.hpp
-- Up-to-date symlink: /home/sarah/ros2_ws/install/part1_pubsub/include/part1_pubsub/part1_pubsub/msg/rosidl_generator_cpp__visibility_control.hpp
-- Up-to-date symlink: /home/sarah/ros2_ws/install/part1_pubsub/include/part1_pubsub/part1_pubsub/msg/detail/example__rosidl_typesupport_fastrtps_cpp.hpp
-- Up-to-date symlink: /home/sarah/ros2_ws/install/part1_pubsub/include/part1_pubsub/part1_pubsub/msg/rosidl_typesupport_fastrtps_cpp__visibility_control.h
-- Up-to-date symlink: /home/sarah/ros2_ws/install/part1_pubsub/include/part1_pubsub/part1_pubsub/msg/detail/example__rosidl_typesupport_introspection_cpp.hpp
-- Up-to-date symlink: /home/sarah/ros2_ws/install/part1_pubsub/share/part1_pubsub/environment/pythonpath.sh
-- Up-to-date symlink: /home/sarah/ros2_ws/install/part1_pubsub/share/part1_pubsub/environment/pythonpath.dsv
-- Up-to-date symlink: /home/sarah/ros2_ws/install/part1_pubsub/local/lib/python3.10/dist-packages/part1_pubsub-0.0.0-py3.10.egg-info/PKG-INFO
-- Up-to-date symlink: /home/sarah/ros2_ws/install/part1_pubsub/local/lib/python3.10/dist-packages/part1_pubsub-0.0.0-py3.10.egg-info/SOURCES.txt
-- Up-to-date symlink: /home/sarah/ros2_ws/install/part1_pubsub/local/lib/python3.10/dist-packages/part1_pubsub-0.0.0-py3.10.egg-info/dependency_links.txt
-- Up-to-date symlink: /home/sarah/ros2_ws/install/part1_pubsub/local/lib/python3.10/dist-packages/part1_pubsub-0.0.0-py3.10.egg-info/top_level.txt
-- Up-to-date symlink: /home/sarah/ros2_ws/install/part1_pubsub/local/lib/python3.10/dist-packages/part1_pubsub/__init__.py
-- Up-to-date symlink: /home/sarah/ros2_ws/install/part1_pubsub/local/lib/python3.10/dist-packages/part1_pubsub/_part1_pubsub_s.ep.rosidl_typesupport_c.c
-- Up-to-date symlink: /home/sarah/ros2_ws/install/part1_pubsub/local/lib/python3.10/dist-packages/part1_pubsub/_part1_pubsub_s.ep.rosidl_typesupport_fastrtps_c.c
-- Up-to-date symlink: /home/sarah/ros2_ws/install/part1_pubsub/local/lib/python3.10/dist-packages/part1_pubsub/_part1_pubsub_s.ep.rosidl_typesupport_introspection_c.c
-- Up-to-date symlink: /home/sarah/ros2_ws/install/part1_pubsub/local/lib/python3.10/dist-packages/part1_pubsub/libpart1_pubsub__rosidl_generator_py.so
-- Up-to-date symlink: /home/sarah/ros2_ws/install/part1_pubsub/local/lib/python3.10/dist-packages/part1_pubsub/msg/__init__.py
-- Up-to-date symlink: /home/sarah/ros2_ws/install/part1_pubsub/local/lib/python3.10/dist-packages/part1_pubsub/msg/_example.py
-- Up-to-date symlink: /home/sarah/ros2_ws/install/part1_pubsub/local/lib/python3.10/dist-packages/part1_pubsub/msg/_example_s.c
-- Up-to-date symlink: /home/sarah/ros2_ws/install/part1_pubsub/local/lib/python3.10/dist-packages/part1_pubsub/part1_pubsub_s__rosidl_typesupport_c.cpython-310-x86_64-linux-gnu.so
-- Up-to-date symlink: /home/sarah/ros2_ws/install/part1_pubsub/local/lib/python3.10/dist-packages/part1_pubsub/part1_pubsub_s__rosidl_typesupport_fastrtps_c.cpython-310-x86_64-linux-gnu.so
-- Up-to-date symlink: /home/sarah/ros2_ws/install/part1_pubsub/local/lib/python3.10/dist-packages/part1_pubsub/part1_pubsub_s__rosidl_typesupport_introspection_c.cpython-310-x86_64-linux-gnu.so
-- Up-to-date symlink: /home/sarah/ros2_ws/install/part1_pubsub/local/lib/python3.10/dist-packages/part1_pubsub/part1_pubsub_s__rosidl_typesupport_fastrtps_c.cpython-310-x86_64-linux-gnu.so
-- Up-to-date symlink: /home/sarah/ros2_ws/install/part1_pubsub/local/lib/python3.10/dist-packages/part1_pubsub/part1_pubsub_s__rosidl_typesupport_introspection_c.cpython-310-x86_64-linux-gnu.so
-- Up-to-date symlink: /home/sarah/ros2_ws/install/part1_pubsub/local/lib/python3.10/dist-packages/part1_pubsub/part1_pubsub_s__rosidl_typesupport_c.cpython-310-x86_64-linux-gnu.so
-- Up-to-date symlink: /home/sarah/ros2_ws/install/part1_pubsub/share/ament_index/resource_index/rust_packages/part1_pubsub
-- Up-to-date symlink: /home/sarah/ros2_ws/install/part1_pubsub/share/part1_pubsub/rust/Cargo.toml
-- Up-to-date symlink: /home/sarah/ros2_ws/install/part1_pubsub/share/part1_pubsub/rust/build.rs
-- Up-to-date symlink: /home/sarah/ros2_ws/install/part1_pubsub/share/part1_pubsub/rust/src/lib.rs
-- Up-to-date symlink: /home/sarah/ros2_ws/install/part1_pubsub/share/part1_pubsub/rust/src/msg.rs
-- Up-to-date symlink: /home/sarah/ros2_ws/install/part1_pubsub/share/part1_pubsub/rust/src/msg/rmw.rs
-- Up-to-date symlink: /home/sarah/ros2_ws/install/part1_pubsub/share/part1_pubsub/msg/Example.idl
-- Up-to-date symlink: /home/sarah/ros2_ws/install/part1_pubsub/share/part1_pubsub/msg/Example.msg
-- Up-to-date symlink: /home/sarah/ros2_ws/install/part1_pubsub/local/lib/python3.10/dist-packages/part1_pubsub_modules-0.0.0-py3.10.egg-info/PKG-INFO
-- Up-to-date symlink: /home/sarah/ros2_ws/install/part1_pubsub/local/lib/python3.10/dist-packages/part1_pubsub_modules-0.0.0-py3.10.egg-info/SOURCES.txt
-- Up-to-date symlink: /home/sarah/ros2_ws/install/part1_pubsub/local/lib/python3.10/dist-packages/part1_pubsub_modules-0.0.0-py3.10.egg-info/dependency_links.txt
-- Up-to-date symlink: /home/sarah/ros2_ws/install/part1_pubsub/local/lib/python3.10/dist-packages/part1_pubsub_modules-0.0.0-py3.10.egg-info/top_level.txt
-- Up-to-date symlink: /home/sarah/ros2_ws/install/part1_pubsub/local/lib/python3.10/dist-packages/part1_pubsub_modules/__init__.py
-- Up-to-date symlink: /home/sarah/ros2_ws/install/part1_pubsub/local/lib/python3.10/dist-packages/part1_pubsub_modules/tb3_tools.py
-- Up-to-date symlink: /home/sarah/ros2_ws/install/part1_pubsub/lib/part1_pubsub/basic_velocity_control.py
-- Up-to-date symlink: /home/sarah/ros2_ws/install/part1_pubsub/lib/part1_pubsub/stop_me.py
-- Up-to-date symlink: /home/sarah/ros2_ws/install/part1_pubsub/lib/part1_pubsub/publisher.py
-- Up-to-date symlink: /home/sarah/ros2_ws/install/part1_pubsub/lib/part1_pubsub/subscriber.py
-- Symlinking: /home/sarah/ros2_ws/install/part1_pubsub/lib/part1_pubsub/custom_msg_publisher.py
-- Symlinking: /home/sarah/ros2_ws/install/part1_pubsub/lib/part1_pubsub/custom_msg_subscriber.py
-- Up-to-date symlink: /home/sarah/ros2_ws/install/part1_pubsub/share/ament_index/resource_index/package_run_dependencies/part1_pubsub
-- Up-to-date symlink: /home/sarah/ros2_ws/install/part1_pubsub/share/ament_index/resource_index/parent_prefix_path/part1_pubsub
-- Up-to-date symlink: /home/sarah/ros2_ws/install/part1_pubsub/share/part1_pubsub/environment/ament_prefix_path.sh
-- Up-to-date symlink: /home/sarah/ros2_ws/install/part1_pubsub/share/part1_pubsub/environment/ament_prefix_path.dsv
-- Up-to-date symlink: /home/sarah/ros2_ws/install/part1_pubsub/share/part1_pubsub/environment/path.sh
-- Up-to-date symlink: /home/sarah/ros2_ws/install/part1_pubsub/share/part1_pubsub/environment/path.dsv
-- Up-to-date symlink: /home/sarah/ros2_ws/install/part1_pubsub/share/part1_pubsub/local_setup.bash
-- Up-to-date symlink: /home/sarah/ros2_ws/install/part1_pubsub/share/part1_pubsub/local_setup.sh
-- Up-to-date symlink: /home/sarah/ros2_ws/install/part1_pubsub/share/part1_pubsub/local_setup.zsh
-- Up-to-date symlink: /home/sarah/ros2_ws/install/part1_pubsub/share/part1_pubsub/local_setup.dsv
-- Symlinking: /home/sarah/ros2_ws/install/part1_pubsub/share/part1_pubsub/package.dsv
-- Up-to-date symlink: /home/sarah/ros2_ws/install/part1_pubsub/share/ament_index/resource_index/packages/part1_pubsub
-- Up-to-date symlink: /home/sarah/ros2_ws/install/part1_pubsub/share/part1_pubsub/cmake/rosidl_cmake-extras.cmake
-- Up-to-date symlink: /home/sarah/ros2_ws/install/part1_pubsub/share/part1_pubsub/cmake/ament_cmake_export_include_directories-extras.cmake
-- Up-to-date symlink: /home/sarah/ros2_ws/install/part1_pubsub/share/part1_pubsub/cmake/ament_cmake_export_libraries-extras.cmake
-- Up-to-date symlink: /home/sarah/ros2_ws/install/part1_pubsub/share/part1_pubsub/cmake/ament_cmake_export_targets-extras.cmake
-- Up-to-date symlink: /home/sarah/ros2_ws/install/part1_pubsub/share/part1_pubsub/cmake/rosidl_cmake_export_typesupport_targets-extras.cmake
-- Up-to-date symlink: /home/sarah/ros2_ws/install/part1_pubsub/share/part1_pubsub/cmake/ament_cmake_export_dependencies-extras.cmake
-- Up-to-date symlink: /home/sarah/ros2_ws/install/part1_pubsub/share/part1_pubsub/cmake/rosidl_cmake_export_typesupport_libraries-extras.cmake
-- Up-to-date symlink: /home/sarah/ros2_ws/install/part1_pubsub/share/part1_pubsub/cmake/part1_pubsubConfig.cmake
-- Up-to-date symlink: /home/sarah/ros2_ws/install/part1_pubsub/share/part1_pubsub/cmake/part1_pubsubConfig-version.cmake
-- Up-to-date symlink: /home/sarah/ros2_ws/install/part1_pubsub/share/part1_pubsub/package.xml
-- Up-to-date: /home/sarah/ros2_ws/install/part1_pubsub/lib/libpart1_pubsub__rosidl_generator_c.so
-- Up-to-date: /home/sarah/ros2_ws/install/part1_pubsub/lib/libpart1_pubsub__rosidl_typesupport_fastrtps_c.so
-- Up-to-date: /home/sarah/ros2_ws/install/part1_pubsub/lib/libpart1_pubsub__rosidl_typesupport_introspection_c.so
-- Up-to-date: /home/sarah/ros2_ws/install/part1_pubsub/lib/libpart1_pubsub__rosidl_typesupport_c.so
-- Up-to-date: /home/sarah/ros2_ws/install/part1_pubsub/lib/libpart1_pubsub__rosidl_typesupport_fastrtps_cpp.so
-- Up-to-date: /home/sarah/ros2_ws/install/part1_pubsub/lib/libpart1_pubsub__rosidl_typesupport_introspection_cpp.so
-- Up-to-date: /home/sarah/ros2_ws/install/part1_pubsub/lib/libpart1_pubsub__rosidl_typesupport_cpp.so
Listing '/home/sarah/ros2_ws/install/part1_pubsub/local/lib/python3.10/dist-packages/part1_pubsub'...
Compiling '/home/sarah/ros2_ws/install/part1_pubsub/local/lib/python3.10/dist-packages/part1_pubsub/__init__.py'...
Listing '/home/sarah/ros2_ws/install/part1_pubsub/local/lib/python3.10/dist-packages/part1_pubsub/msg'...
-- Up-to-date: /home/sarah/ros2_ws/install/part1_pubsub/lib/libpart1_pubsub__rosidl_generator_py.so
Listing '/home/sarah/ros2_ws/install/part1_pubsub/local/lib/python3.10/dist-packages/part1_pubsub_modules'...
-- Up-to-date: /home/sarah/ros2_ws/install/part1_pubsub/share/part1_pubsub/cmake/export_part1_pubsub__rosidl_generator_cExport.cmake
-- Up-to-date: /home/sarah/ros2_ws/install/part1_pubsub/share/part1_pubsub/cmake/export_part1_pubsub__rosidl_generator_cExport-noconfig.cmake
-- Up-to-date: /home/sarah/ros2_ws/install/part1_pubsub/share/part1_pubsub/cmake/export_part1_pubsub__rosidl_typesupport_fastrtps_cExport.cmake
-- Up-to-date: /home/sarah/ros2_ws/install/part1_pubsub/share/part1_pubsub/cmake/export_part1_pubsub__rosidl_typesupport_fastrtps_cExport-noconfig.cmake
-- Up-to-date: /home/sarah/ros2_ws/install/part1_pubsub/share/part1_pubsub/cmake/part1_pubsub__rosidl_typesupport_introspection_cExport.cmake
-- Up-to-date: /home/sarah/ros2_ws/install/part1_pubsub/share/part1_pubsub/cmake/part1_pubsub__rosidl_typesupport_introspection_cExport-noconfig.cmake
-- Up-to-date: /home/sarah/ros2_ws/install/part1_pubsub/share/part1_pubsub/cmake/part1_pubsub__rosidl_typesupport_cExport.cmake
-- Up-to-date: /home/sarah/ros2_ws/install/part1_pubsub/share/part1_pubsub/cmake/part1_pubsub__rosidl_typesupport_cExport-noconfig.cmake
-- Up-to-date: /home/sarah/ros2_ws/install/part1_pubsub/share/part1_pubsub/cmake/export_part1_pubsub__rosidl_generator_cppExport.cmake
-- Up-to-date: /home/sarah/ros2_ws/install/part1_pubsub/share/part1_pubsub/cmake/export_part1_pubsub__rosidl_typesupport_fastrtps_cppExport.cmake
-- Up-to-date: /home/sarah/ros2_ws/install/part1_pubsub/share/part1_pubsub/cmake/export_part1_pubsub__rosidl_typesupport_fastrtps_cppExport-noconfig.cmake
-- Up-to-date: /home/sarah/ros2_ws/install/part1_pubsub/share/part1_pubsub/cmake/part1_pubsub__rosidl_typesupport_introspection_cppExport.cmake
-- Up-to-date: /home/sarah/ros2_ws/install/part1_pubsub/share/part1_pubsub/cmake/part1_pubsub__rosidl_typesupport_introspection_cppExport-noconfig.cmake
-- Up-to-date: /home/sarah/ros2_ws/install/part1_pubsub/share/part1_pubsub/cmake/part1_pubsub__rosidl_typesupport_cppExport.cmake
-- Up-to-date: /home/sarah/ros2_ws/install/part1_pubsub/share/part1_pubsub/cmake/part1_pubsub__rosidl_typesupport_cppExport-noconfig.cmake
-- Up-to-date: /home/sarah/ros2_ws/install/part1_pubsub/share/part1_pubsub/cmake/export_part1_pubsub__rosidl_generator_pyExport.cmake
-- Up-to-date: /home/sarah/ros2_ws/install/part1_pubsub/share/part1_pubsub/cmake/export_part1_pubsub__rosidl_generator_pyExport-noconfig.cmake
