[0.008s] Invoking command in '/home/sarah/ros2_ws/build/part1_pubsub': CMAKE_PREFIX_PATH=${CMAKE_PREFIX_PATH}:/opt/ros/humble /usr/bin/cmake --build /home/sarah/ros2_ws/build/part1_pubsub -- -j12 -l12
[0.033s] -- Found rosidl_default_generators: 1.2.1 (/opt/ros/humble/share/rosidl_default_generators/cmake)
[0.034s] -- Found ament_cmake_core: 1.3.14 (/opt/ros/humble/share/ament_cmake_core/cmake)
[0.122s] -- Override CMake install command with custom implementation using symlinks instead of copying resources
[0.124s] -- Using all available rosidl_typesupport_c: rosidl_typesupport_fastrtps_c;rosidl_typesupport_introspection_c
[0.126s] -- Found rosidl_adapter: 3.1.8 (/opt/ros/humble/share/rosidl_adapter/cmake)
[0.150s] -- Using all available rosidl_typesupport_cpp: rosidl_typesupport_fastrtps_cpp;rosidl_typesupport_introspection_cpp
[0.347s] -- Found ament_cmake_ros: 0.10.0 (/opt/ros/humble/share/ament_cmake_ros/cmake)
[0.491s] -- Using all available rosidl_typesupport_c: rosidl_typesupport_fastrtps_c;rosidl_typesupport_introspection_c
[0.686s] -- Using all available rosidl_typesupport_cpp: rosidl_typesupport_fastrtps_cpp;rosidl_typesupport_introspection_cpp
[0.704s] -- Found python_cmake_module: 0.10.0 (/opt/ros/humble/share/python_cmake_module/cmake)
[0.726s] -- Using PYTHON_EXECUTABLE: /usr/bin/python3
[0.726s] -- Using PYTHON_INCLUDE_DIRS: /usr/include/python3.10
[0.726s] -- Using PYTHON_LIBRARIES: /usr/lib/x86_64-linux-gnu/libpython3.10.so
[0.786s] -- Found rclcpp: 16.0.19 (/opt/ros/humble/share/rclcpp/cmake)
[0.815s] -- Found rmw_implementation_cmake: 6.1.2 (/opt/ros/humble/share/rmw_implementation_cmake/cmake)
[0.816s] -- Found rmw_fastrtps_cpp: 6.2.10 (/opt/ros/humble/share/rmw_fastrtps_cpp/cmake)
[0.889s] -- Using RMW implementation 'rmw_fastrtps_cpp' as default
[0.920s] -- Found rclpy: 3.3.21 (/opt/ros/humble/share/rclpy/cmake)
[0.925s] -- Configuring done
[0.941s] -- Generating done
[0.947s] -- Build files have been written to: /home/sarah/ros2_ws/build/part1_pubsub
[0.968s] [35m[1mConsolidate compiler generated dependencies of target part1_pubsub__rosidl_generator_c[0m
[0.972s] [  3%] Built target part1_pubsub__cpp
[0.978s] [  3%] Built target ament_cmake_python_symlink_part1_pubsub_modules
[0.978s] [  3%] Built target ament_cmake_python_symlink_part1_pubsub
[0.978s] [  6%] Built target part1_pubsub__rs
[0.978s] [ 15%] Built target part1_pubsub__rosidl_generator_c
[0.979s] [35m[1mConsolidate compiler generated dependencies of target part1_pubsub__rosidl_typesupport_fastrtps_cpp[0m
[0.979s] [35m[1mConsolidate compiler generated dependencies of target part1_pubsub__rosidl_typesupport_introspection_cpp[0m
[0.983s] [35m[1mConsolidate compiler generated dependencies of target part1_pubsub__rosidl_typesupport_cpp[0m
[0.985s] [35m[1mConsolidate compiler generated dependencies of target part1_pubsub__rosidl_typesupport_introspection_c[0m
[0.985s] [35m[1mConsolidate compiler generated dependencies of target part1_pubsub__rosidl_typesupport_fastrtps_c[0m
[0.985s] [35m[1mConsolidate compiler generated dependencies of target part1_pubsub__rosidl_typesupport_c[0m
[0.986s] [ 25%] Built target part1_pubsub__rosidl_typesupport_introspection_cpp
[0.988s] [ 34%] Built target part1_pubsub__rosidl_typesupport_fastrtps_cpp
[0.993s] [ 50%] Built target part1_pubsub__rosidl_typesupport_introspection_c
[0.993s] [ 53%] Built target part1_pubsub__rosidl_typesupport_c
[0.993s] [ 62%] Built target part1_pubsub__rosidl_typesupport_fastrtps_c
[0.994s] [ 71%] Built target part1_pubsub__rosidl_typesupport_cpp
[1.013s] [ 71%] Built target part1_pubsub
[1.032s] [ 75%] Built target part1_pubsub__py
[1.042s] [35m[1mConsolidate compiler generated dependencies of target part1_pubsub__rosidl_generator_py[0m
[1.054s] [ 81%] Built target part1_pubsub__rosidl_generator_py
[1.061s] [35m[1mConsolidate compiler generated dependencies of target part1_pubsub__rosidl_typesupport_c__pyext[0m
[1.063s] [35m[1mConsolidate compiler generated dependencies of target part1_pubsub__rosidl_typesupport_introspection_c__pyext[0m
[1.063s] [35m[1mConsolidate compiler generated dependencies of target part1_pubsub__rosidl_typesupport_fastrtps_c__pyext[0m
[1.070s] [ 87%] Built target part1_pubsub__rosidl_typesupport_c__pyext
[1.072s] [ 93%] Built target part1_pubsub__rosidl_typesupport_introspection_c__pyext
[1.074s] [100%] Built target part1_pubsub__rosidl_typesupport_fastrtps_c__pyext
[1.131s] running egg_info
[1.131s] writing part1_pubsub.egg-info/PKG-INFO
[1.131s] writing dependency_links to part1_pubsub.egg-info/dependency_links.txt
[1.131s] writing top-level names to part1_pubsub.egg-info/top_level.txt
[1.133s] reading manifest file 'part1_pubsub.egg-info/SOURCES.txt'
[1.133s] writing manifest file 'part1_pubsub.egg-info/SOURCES.txt'
[1.139s] running egg_info
[1.140s] writing part1_pubsub_modules.egg-info/PKG-INFO
[1.140s] writing dependency_links to part1_pubsub_modules.egg-info/dependency_links.txt
[1.140s] writing top-level names to part1_pubsub_modules.egg-info/top_level.txt
[1.142s] reading manifest file 'part1_pubsub_modules.egg-info/SOURCES.txt'
[1.142s] writing manifest file 'part1_pubsub_modules.egg-info/SOURCES.txt'
[1.155s] [100%] Built target ament_cmake_python_build_part1_pubsub_egg
[1.162s] [100%] Built target ament_cmake_python_build_part1_pubsub_modules_egg
[1.172s] Invoked command in '/home/sarah/ros2_ws/build/part1_pubsub' returned '0': CMAKE_PREFIX_PATH=${CMAKE_PREFIX_PATH}:/opt/ros/humble /usr/bin/cmake --build /home/sarah/ros2_ws/build/part1_pubsub -- -j12 -l12
[1.183s] Invoking command in '/home/sarah/ros2_ws/build/part1_pubsub': CMAKE_PREFIX_PATH=${CMAKE_PREFIX_PATH}:/opt/ros/humble /usr/bin/cmake --install /home/sarah/ros2_ws/build/part1_pubsub
[1.193s] -- Install configuration: ""
[1.194s] -- Execute custom install script
[1.194s] -- Up-to-date symlink: /home/sarah/ros2_ws/install/part1_pubsub/share/ament_index/resource_index/rosidl_interfaces/part1_pubsub
[1.194s] -- Up-to-date symlink: /home/sarah/ros2_ws/install/part1_pubsub/include/part1_pubsub/part1_pubsub/msg/detail/example__functions.h
[1.195s] -- Up-to-date symlink: /home/sarah/ros2_ws/install/part1_pubsub/include/part1_pubsub/part1_pubsub/msg/detail/example__struct.h
[1.195s] -- Up-to-date symlink: /home/sarah/ros2_ws/install/part1_pubsub/include/part1_pubsub/part1_pubsub/msg/detail/example__type_support.h
[1.195s] -- Up-to-date symlink: /home/sarah/ros2_ws/install/part1_pubsub/include/part1_pubsub/part1_pubsub/msg/example.h
[1.195s] -- Up-to-date symlink: /home/sarah/ros2_ws/install/part1_pubsub/include/part1_pubsub/part1_pubsub/msg/rosidl_generator_c__visibility_control.h
[1.195s] -- Up-to-date symlink: /home/sarah/ros2_ws/install/part1_pubsub/share/part1_pubsub/environment/library_path.sh
[1.195s] -- Up-to-date symlink: /home/sarah/ros2_ws/install/part1_pubsub/share/part1_pubsub/environment/library_path.dsv
[1.196s] -- Up-to-date symlink: /home/sarah/ros2_ws/install/part1_pubsub/include/part1_pubsub/part1_pubsub/msg/detail/example__rosidl_typesupport_fastrtps_c.h
[1.196s] -- Up-to-date symlink: /home/sarah/ros2_ws/install/part1_pubsub/include/part1_pubsub/part1_pubsub/msg/rosidl_typesupport_fastrtps_c__visibility_control.h
[1.196s] -- Up-to-date symlink: /home/sarah/ros2_ws/install/part1_pubsub/include/part1_pubsub/part1_pubsub/msg/detail/example__rosidl_typesupport_introspection_c.h
[1.196s] -- Up-to-date symlink: /home/sarah/ros2_ws/install/part1_pubsub/include/part1_pubsub/part1_pubsub/msg/rosidl_typesupport_introspection_c__visibility_control.h
[1.196s] -- Up-to-date symlink: /home/sarah/ros2_ws/install/part1_pubsub/include/part1_pubsub/part1_pubsub/msg/detail/example__builder.hpp
[1.196s] -- Up-to-date symlink: /home/sarah/ros2_ws/install/part1_pubsub/include/part1_pubsub/part1_pubsub/msg/detail/example__struct.hpp
[1.197s] -- Up-to-date symlink: /home/sarah/ros2_ws/install/part1_pubsub/include/part1_pubsub/part1_pubsub/msg/detail/example__traits.hpp
[1.197s] -- Up-to-date symlink: /home/sarah/ros2_ws/install/part1_pubsub/include/part1_pubsub/part1_pubsub/msg/detail/example__type_support.hpp
[1.197s] -- Up-to-date symlink: /home/sarah/ros2_ws/install/part1_pubsub/include/part1_pubsub/part1_pubsub/msg/example.hpp
[1.197s] -- Up-to-date symlink: /home/sarah/ros2_ws/install/part1_pubsub/include/part1_pubsub/part1_pubsub/msg/rosidl_generator_cpp__visibility_control.hpp
[1.197s] -- Up-to-date symlink: /home/sarah/ros2_ws/install/part1_pubsub/include/part1_pubsub/part1_pubsub/msg/detail/example__rosidl_typesupport_fastrtps_cpp.hpp
[1.197s] -- Up-to-date symlink: /home/sarah/ros2_ws/install/part1_pubsub/include/part1_pubsub/part1_pubsub/msg/rosidl_typesupport_fastrtps_cpp__visibility_control.h
[1.197s] -- Up-to-date symlink: /home/sarah/ros2_ws/install/part1_pubsub/include/part1_pubsub/part1_pubsub/msg/detail/example__rosidl_typesupport_introspection_cpp.hpp
[1.198s] -- Up-to-date symlink: /home/sarah/ros2_ws/install/part1_pubsub/share/part1_pubsub/environment/pythonpath.sh
[1.198s] -- Up-to-date symlink: /home/sarah/ros2_ws/install/part1_pubsub/share/part1_pubsub/environment/pythonpath.dsv
[1.198s] -- Up-to-date symlink: /home/sarah/ros2_ws/install/part1_pubsub/local/lib/python3.10/dist-packages/part1_pubsub-0.0.0-py3.10.egg-info/PKG-INFO
[1.198s] -- Up-to-date symlink: /home/sarah/ros2_ws/install/part1_pubsub/local/lib/python3.10/dist-packages/part1_pubsub-0.0.0-py3.10.egg-info/SOURCES.txt
[1.198s] -- Up-to-date symlink: /home/sarah/ros2_ws/install/part1_pubsub/local/lib/python3.10/dist-packages/part1_pubsub-0.0.0-py3.10.egg-info/dependency_links.txt
[1.198s] -- Up-to-date symlink: /home/sarah/ros2_ws/install/part1_pubsub/local/lib/python3.10/dist-packages/part1_pubsub-0.0.0-py3.10.egg-info/top_level.txt
[1.198s] -- Up-to-date symlink: /home/sarah/ros2_ws/install/part1_pubsub/local/lib/python3.10/dist-packages/part1_pubsub/__init__.py
[1.199s] -- Up-to-date symlink: /home/sarah/ros2_ws/install/part1_pubsub/local/lib/python3.10/dist-packages/part1_pubsub/_part1_pubsub_s.ep.rosidl_typesupport_c.c
[1.199s] -- Up-to-date symlink: /home/sarah/ros2_ws/install/part1_pubsub/local/lib/python3.10/dist-packages/part1_pubsub/_part1_pubsub_s.ep.rosidl_typesupport_fastrtps_c.c
[1.199s] -- Up-to-date symlink: /home/sarah/ros2_ws/install/part1_pubsub/local/lib/python3.10/dist-packages/part1_pubsub/_part1_pubsub_s.ep.rosidl_typesupport_introspection_c.c
[1.199s] -- Up-to-date symlink: /home/sarah/ros2_ws/install/part1_pubsub/local/lib/python3.10/dist-packages/part1_pubsub/libpart1_pubsub__rosidl_generator_py.so
[1.199s] -- Up-to-date symlink: /home/sarah/ros2_ws/install/part1_pubsub/local/lib/python3.10/dist-packages/part1_pubsub/msg/__init__.py
[1.199s] -- Up-to-date symlink: /home/sarah/ros2_ws/install/part1_pubsub/local/lib/python3.10/dist-packages/part1_pubsub/msg/_example.py
[1.199s] -- Up-to-date symlink: /home/sarah/ros2_ws/install/part1_pubsub/local/lib/python3.10/dist-packages/part1_pubsub/msg/_example_s.c
[1.199s] -- Up-to-date symlink: /home/sarah/ros2_ws/install/part1_pubsub/local/lib/python3.10/dist-packages/part1_pubsub/part1_pubsub_s__rosidl_typesupport_c.cpython-310-x86_64-linux-gnu.so
[1.200s] -- Up-to-date symlink: /home/sarah/ros2_ws/install/part1_pubsub/local/lib/python3.10/dist-packages/part1_pubsub/part1_pubsub_s__rosidl_typesupport_fastrtps_c.cpython-310-x86_64-linux-gnu.so
[1.200s] -- Up-to-date symlink: /home/sarah/ros2_ws/install/part1_pubsub/local/lib/python3.10/dist-packages/part1_pubsub/part1_pubsub_s__rosidl_typesupport_introspection_c.cpython-310-x86_64-linux-gnu.so
[1.200s] -- Up-to-date symlink: /home/sarah/ros2_ws/install/part1_pubsub/local/lib/python3.10/dist-packages/part1_pubsub/part1_pubsub_s__rosidl_typesupport_fastrtps_c.cpython-310-x86_64-linux-gnu.so
[1.200s] -- Up-to-date symlink: /home/sarah/ros2_ws/install/part1_pubsub/local/lib/python3.10/dist-packages/part1_pubsub/part1_pubsub_s__rosidl_typesupport_introspection_c.cpython-310-x86_64-linux-gnu.so
[1.200s] -- Up-to-date symlink: /home/sarah/ros2_ws/install/part1_pubsub/local/lib/python3.10/dist-packages/part1_pubsub/part1_pubsub_s__rosidl_typesupport_c.cpython-310-x86_64-linux-gnu.so
[1.200s] -- Up-to-date symlink: /home/sarah/ros2_ws/install/part1_pubsub/share/ament_index/resource_index/rust_packages/part1_pubsub
[1.200s] -- Up-to-date symlink: /home/sarah/ros2_ws/install/part1_pubsub/share/part1_pubsub/rust/Cargo.toml
[1.200s] -- Up-to-date symlink: /home/sarah/ros2_ws/install/part1_pubsub/share/part1_pubsub/rust/build.rs
[1.200s] -- Up-to-date symlink: /home/sarah/ros2_ws/install/part1_pubsub/share/part1_pubsub/rust/src/lib.rs
[1.200s] -- Up-to-date symlink: /home/sarah/ros2_ws/install/part1_pubsub/share/part1_pubsub/rust/src/msg.rs
[1.201s] -- Up-to-date symlink: /home/sarah/ros2_ws/install/part1_pubsub/share/part1_pubsub/rust/src/msg/rmw.rs
[1.201s] -- Up-to-date symlink: /home/sarah/ros2_ws/install/part1_pubsub/share/part1_pubsub/msg/Example.idl
[1.201s] -- Up-to-date symlink: /home/sarah/ros2_ws/install/part1_pubsub/share/part1_pubsub/msg/Example.msg
[1.201s] -- Up-to-date symlink: /home/sarah/ros2_ws/install/part1_pubsub/local/lib/python3.10/dist-packages/part1_pubsub_modules-0.0.0-py3.10.egg-info/PKG-INFO
[1.201s] -- Up-to-date symlink: /home/sarah/ros2_ws/install/part1_pubsub/local/lib/python3.10/dist-packages/part1_pubsub_modules-0.0.0-py3.10.egg-info/SOURCES.txt
[1.201s] -- Up-to-date symlink: /home/sarah/ros2_ws/install/part1_pubsub/local/lib/python3.10/dist-packages/part1_pubsub_modules-0.0.0-py3.10.egg-info/dependency_links.txt
[1.201s] -- Up-to-date symlink: /home/sarah/ros2_ws/install/part1_pubsub/local/lib/python3.10/dist-packages/part1_pubsub_modules-0.0.0-py3.10.egg-info/top_level.txt
[1.201s] -- Up-to-date symlink: /home/sarah/ros2_ws/install/part1_pubsub/local/lib/python3.10/dist-packages/part1_pubsub_modules/__init__.py
[1.201s] -- Up-to-date symlink: /home/sarah/ros2_ws/install/part1_pubsub/local/lib/python3.10/dist-packages/part1_pubsub_modules/tb3_tools.py
[1.201s] -- Up-to-date symlink: /home/sarah/ros2_ws/install/part1_pubsub/lib/part1_pubsub/basic_velocity_control.py
[1.202s] -- Up-to-date symlink: /home/sarah/ros2_ws/install/part1_pubsub/lib/part1_pubsub/stop_me.py
[1.202s] -- Up-to-date symlink: /home/sarah/ros2_ws/install/part1_pubsub/lib/part1_pubsub/publisher.py
[1.202s] -- Up-to-date symlink: /home/sarah/ros2_ws/install/part1_pubsub/lib/part1_pubsub/subscriber.py
[1.202s] -- Symlinking: /home/sarah/ros2_ws/install/part1_pubsub/lib/part1_pubsub/custom_msg_publisher.py
[1.208s] -- Symlinking: /home/sarah/ros2_ws/install/part1_pubsub/lib/part1_pubsub/custom_msg_subscriber.py
[1.220s] -- Up-to-date symlink: /home/sarah/ros2_ws/install/part1_pubsub/share/ament_index/resource_index/package_run_dependencies/part1_pubsub
[1.220s] -- Up-to-date symlink: /home/sarah/ros2_ws/install/part1_pubsub/share/ament_index/resource_index/parent_prefix_path/part1_pubsub
[1.220s] -- Up-to-date symlink: /home/sarah/ros2_ws/install/part1_pubsub/share/part1_pubsub/environment/ament_prefix_path.sh
[1.220s] -- Up-to-date symlink: /home/sarah/ros2_ws/install/part1_pubsub/share/part1_pubsub/environment/ament_prefix_path.dsv
[1.220s] -- Up-to-date symlink: /home/sarah/ros2_ws/install/part1_pubsub/share/part1_pubsub/environment/path.sh
[1.220s] -- Up-to-date symlink: /home/sarah/ros2_ws/install/part1_pubsub/share/part1_pubsub/environment/path.dsv
[1.220s] -- Up-to-date symlink: /home/sarah/ros2_ws/install/part1_pubsub/share/part1_pubsub/local_setup.bash
[1.220s] -- Up-to-date symlink: /home/sarah/ros2_ws/install/part1_pubsub/share/part1_pubsub/local_setup.sh
[1.220s] -- Up-to-date symlink: /home/sarah/ros2_ws/install/part1_pubsub/share/part1_pubsub/local_setup.zsh
[1.220s] -- Up-to-date symlink: /home/sarah/ros2_ws/install/part1_pubsub/share/part1_pubsub/local_setup.dsv
[1.220s] -- Symlinking: /home/sarah/ros2_ws/install/part1_pubsub/share/part1_pubsub/package.dsv
[1.233s] -- Up-to-date symlink: /home/sarah/ros2_ws/install/part1_pubsub/share/ament_index/resource_index/packages/part1_pubsub
[1.233s] -- Up-to-date symlink: /home/sarah/ros2_ws/install/part1_pubsub/share/part1_pubsub/cmake/rosidl_cmake-extras.cmake
[1.233s] -- Up-to-date symlink: /home/sarah/ros2_ws/install/part1_pubsub/share/part1_pubsub/cmake/ament_cmake_export_include_directories-extras.cmake
[1.233s] -- Up-to-date symlink: /home/sarah/ros2_ws/install/part1_pubsub/share/part1_pubsub/cmake/ament_cmake_export_libraries-extras.cmake
[1.233s] -- Up-to-date symlink: /home/sarah/ros2_ws/install/part1_pubsub/share/part1_pubsub/cmake/ament_cmake_export_targets-extras.cmake
[1.233s] -- Up-to-date symlink: /home/sarah/ros2_ws/install/part1_pubsub/share/part1_pubsub/cmake/rosidl_cmake_export_typesupport_targets-extras.cmake
[1.233s] -- Up-to-date symlink: /home/sarah/ros2_ws/install/part1_pubsub/share/part1_pubsub/cmake/ament_cmake_export_dependencies-extras.cmake
[1.233s] -- Up-to-date symlink: /home/sarah/ros2_ws/install/part1_pubsub/share/part1_pubsub/cmake/rosidl_cmake_export_typesupport_libraries-extras.cmake
[1.234s] -- Up-to-date symlink: /home/sarah/ros2_ws/install/part1_pubsub/share/part1_pubsub/cmake/part1_pubsubConfig.cmake
[1.234s] -- Up-to-date symlink: /home/sarah/ros2_ws/install/part1_pubsub/share/part1_pubsub/cmake/part1_pubsubConfig-version.cmake
[1.234s] -- Up-to-date symlink: /home/sarah/ros2_ws/install/part1_pubsub/share/part1_pubsub/package.xml
[1.234s] -- Up-to-date: /home/sarah/ros2_ws/install/part1_pubsub/lib/libpart1_pubsub__rosidl_generator_c.so
[1.234s] -- Up-to-date: /home/sarah/ros2_ws/install/part1_pubsub/lib/libpart1_pubsub__rosidl_typesupport_fastrtps_c.so
[1.235s] -- Up-to-date: /home/sarah/ros2_ws/install/part1_pubsub/lib/libpart1_pubsub__rosidl_typesupport_introspection_c.so
[1.235s] -- Up-to-date: /home/sarah/ros2_ws/install/part1_pubsub/lib/libpart1_pubsub__rosidl_typesupport_c.so
[1.235s] -- Up-to-date: /home/sarah/ros2_ws/install/part1_pubsub/lib/libpart1_pubsub__rosidl_typesupport_fastrtps_cpp.so
[1.235s] -- Up-to-date: /home/sarah/ros2_ws/install/part1_pubsub/lib/libpart1_pubsub__rosidl_typesupport_introspection_cpp.so
[1.235s] -- Up-to-date: /home/sarah/ros2_ws/install/part1_pubsub/lib/libpart1_pubsub__rosidl_typesupport_cpp.so
[1.266s] Listing '/home/sarah/ros2_ws/install/part1_pubsub/local/lib/python3.10/dist-packages/part1_pubsub'...
[1.266s] Compiling '/home/sarah/ros2_ws/install/part1_pubsub/local/lib/python3.10/dist-packages/part1_pubsub/__init__.py'...
[1.266s] Listing '/home/sarah/ros2_ws/install/part1_pubsub/local/lib/python3.10/dist-packages/part1_pubsub/msg'...
[1.269s] -- Up-to-date: /home/sarah/ros2_ws/install/part1_pubsub/lib/libpart1_pubsub__rosidl_generator_py.so
[1.294s] Listing '/home/sarah/ros2_ws/install/part1_pubsub/local/lib/python3.10/dist-packages/part1_pubsub_modules'...
[1.297s] -- Up-to-date: /home/sarah/ros2_ws/install/part1_pubsub/share/part1_pubsub/cmake/export_part1_pubsub__rosidl_generator_cExport.cmake
[1.297s] -- Up-to-date: /home/sarah/ros2_ws/install/part1_pubsub/share/part1_pubsub/cmake/export_part1_pubsub__rosidl_generator_cExport-noconfig.cmake
[1.297s] -- Up-to-date: /home/sarah/ros2_ws/install/part1_pubsub/share/part1_pubsub/cmake/export_part1_pubsub__rosidl_typesupport_fastrtps_cExport.cmake
[1.297s] -- Up-to-date: /home/sarah/ros2_ws/install/part1_pubsub/share/part1_pubsub/cmake/export_part1_pubsub__rosidl_typesupport_fastrtps_cExport-noconfig.cmake
[1.297s] -- Up-to-date: /home/sarah/ros2_ws/install/part1_pubsub/share/part1_pubsub/cmake/part1_pubsub__rosidl_typesupport_introspection_cExport.cmake
[1.297s] -- Up-to-date: /home/sarah/ros2_ws/install/part1_pubsub/share/part1_pubsub/cmake/part1_pubsub__rosidl_typesupport_introspection_cExport-noconfig.cmake
[1.297s] -- Up-to-date: /home/sarah/ros2_ws/install/part1_pubsub/share/part1_pubsub/cmake/part1_pubsub__rosidl_typesupport_cExport.cmake
[1.297s] -- Up-to-date: /home/sarah/ros2_ws/install/part1_pubsub/share/part1_pubsub/cmake/part1_pubsub__rosidl_typesupport_cExport-noconfig.cmake
[1.297s] -- Up-to-date: /home/sarah/ros2_ws/install/part1_pubsub/share/part1_pubsub/cmake/export_part1_pubsub__rosidl_generator_cppExport.cmake
[1.297s] -- Up-to-date: /home/sarah/ros2_ws/install/part1_pubsub/share/part1_pubsub/cmake/export_part1_pubsub__rosidl_typesupport_fastrtps_cppExport.cmake
[1.297s] -- Up-to-date: /home/sarah/ros2_ws/install/part1_pubsub/share/part1_pubsub/cmake/export_part1_pubsub__rosidl_typesupport_fastrtps_cppExport-noconfig.cmake
[1.297s] -- Up-to-date: /home/sarah/ros2_ws/install/part1_pubsub/share/part1_pubsub/cmake/part1_pubsub__rosidl_typesupport_introspection_cppExport.cmake
[1.297s] -- Up-to-date: /home/sarah/ros2_ws/install/part1_pubsub/share/part1_pubsub/cmake/part1_pubsub__rosidl_typesupport_introspection_cppExport-noconfig.cmake
[1.297s] -- Up-to-date: /home/sarah/ros2_ws/install/part1_pubsub/share/part1_pubsub/cmake/part1_pubsub__rosidl_typesupport_cppExport.cmake
[1.297s] -- Up-to-date: /home/sarah/ros2_ws/install/part1_pubsub/share/part1_pubsub/cmake/part1_pubsub__rosidl_typesupport_cppExport-noconfig.cmake
[1.297s] -- Up-to-date: /home/sarah/ros2_ws/install/part1_pubsub/share/part1_pubsub/cmake/export_part1_pubsub__rosidl_generator_pyExport.cmake
[1.297s] -- Up-to-date: /home/sarah/ros2_ws/install/part1_pubsub/share/part1_pubsub/cmake/export_part1_pubsub__rosidl_generator_pyExport-noconfig.cmake
[1.299s] Invoked command in '/home/sarah/ros2_ws/build/part1_pubsub' returned '0': CMAKE_PREFIX_PATH=${CMAKE_PREFIX_PATH}:/opt/ros/humble /usr/bin/cmake --install /home/sarah/ros2_ws/build/part1_pubsub
