[0.069s] DEBUG:colcon:Command line arguments: ['/usr/bin/colcon', 'build', '--packages-up-to', 'tuos_ros']
[0.069s] DEBUG:colcon:Parsed command line arguments: Namespace(log_base=None, log_level=None, verb_name='build', build_base='build', install_base='install', merge_install=False, symlink_install=False, test_result_base=None, continue_on_error=False, executor='parallel', parallel_workers=12, event_handlers=None, ignore_user_meta=False, metas=['./colcon.meta'], base_paths=['.'], packages_ignore=None, packages_ignore_regex=None, paths=None, packages_up_to=['tuos_ros'], packages_up_to_regex=None, packages_above=None, packages_above_and_dependencies=None, packages_above_depth=None, packages_select_by_dep=None, packages_skip_by_dep=None, packages_skip_up_to=None, packages_select_build_failed=False, packages_skip_build_finished=False, packages_select_test_failures=False, packages_skip_test_passed=False, packages_select=None, packages_skip=None, packages_select_regex=None, packages_skip_regex=None, packages_start=None, packages_end=None, allow_overriding=[], cmake_args=None, cmake_target=None, cmake_target_skip_unavailable=False, cmake_clean_cache=False, cmake_clean_first=False, cmake_force_configure=False, ament_cmake_args=None, catkin_cmake_args=None, catkin_skip_building_tests=False, mixin_files=None, mixin=None, verb_parser=<colcon_mixin.mixin.mixin_argument.MixinArgumentDecorator object at 0x7629b7164fd0>, verb_extension=<colcon_core.verb.build.BuildVerb object at 0x7629b7279f30>, main=<bound method BuildVerb.main of <colcon_core.verb.build.BuildVerb object at 0x7629b7279f30>>, mixin_verb=('build',))
[0.161s] Level 1:colcon.colcon_core.package_discovery:discover_packages(colcon_meta) check parameters
[0.162s] Level 1:colcon.colcon_core.package_discovery:discover_packages(recursive) check parameters
[0.162s] Level 1:colcon.colcon_core.package_discovery:discover_packages(ignore) check parameters
[0.162s] Level 1:colcon.colcon_core.package_discovery:discover_packages(path) check parameters
[0.162s] Level 1:colcon.colcon_core.package_discovery:discover_packages(colcon_meta) discover
[0.162s] Level 1:colcon.colcon_core.package_discovery:discover_packages(recursive) discover
[0.162s] INFO:colcon.colcon_core.package_discovery:Crawling recursively for packages in '/home/sarah/ros2_ws'
[0.162s] Level 1:colcon.colcon_core.package_identification:_identify(.) by extensions ['ignore', 'ignore_ament_install']
[0.162s] Level 1:colcon.colcon_core.package_identification:_identify(.) by extension 'ignore'
[0.162s] Level 1:colcon.colcon_core.package_identification:_identify(.) by extension 'ignore_ament_install'
[0.162s] Level 1:colcon.colcon_core.package_identification:_identify(.) by extensions ['colcon_pkg']
[0.162s] Level 1:colcon.colcon_core.package_identification:_identify(.) by extension 'colcon_pkg'
[0.162s] Level 1:colcon.colcon_core.package_identification:_identify(.) by extensions ['colcon_meta']
[0.162s] Level 1:colcon.colcon_core.package_identification:_identify(.) by extension 'colcon_meta'
[0.162s] Level 1:colcon.colcon_core.package_identification:_identify(.) by extensions ['ros']
[0.162s] Level 1:colcon.colcon_core.package_identification:_identify(.) by extension 'ros'
[0.169s] Level 1:colcon.colcon_core.package_identification:_identify(.) by extensions ['cmake', 'python']
[0.169s] Level 1:colcon.colcon_core.package_identification:_identify(.) by extension 'cmake'
[0.169s] Level 1:colcon.colcon_core.package_identification:_identify(.) by extension 'python'
[0.169s] Level 1:colcon.colcon_core.package_identification:_identify(.) by extensions ['python_setup_py']
[0.169s] Level 1:colcon.colcon_core.package_identification:_identify(.) by extension 'python_setup_py'
[0.169s] Level 1:colcon.colcon_core.package_identification:_identify(build) by extensions ['ignore', 'ignore_ament_install']
[0.169s] Level 1:colcon.colcon_core.package_identification:_identify(build) by extension 'ignore'
[0.169s] Level 1:colcon.colcon_core.package_identification:_identify(build) ignored
[0.169s] Level 1:colcon.colcon_core.package_identification:_identify(install) by extensions ['ignore', 'ignore_ament_install']
[0.169s] Level 1:colcon.colcon_core.package_identification:_identify(install) by extension 'ignore'
[0.169s] Level 1:colcon.colcon_core.package_identification:_identify(install) ignored
[0.169s] Level 1:colcon.colcon_core.package_identification:_identify(log) by extensions ['ignore', 'ignore_ament_install']
[0.169s] Level 1:colcon.colcon_core.package_identification:_identify(log) by extension 'ignore'
[0.170s] Level 1:colcon.colcon_core.package_identification:_identify(log) ignored
[0.170s] Level 1:colcon.colcon_core.package_identification:_identify(src) by extensions ['ignore', 'ignore_ament_install']
[0.170s] Level 1:colcon.colcon_core.package_identification:_identify(src) by extension 'ignore'
[0.170s] Level 1:colcon.colcon_core.package_identification:_identify(src) by extension 'ignore_ament_install'
[0.170s] Level 1:colcon.colcon_core.package_identification:_identify(src) by extensions ['colcon_pkg']
[0.170s] Level 1:colcon.colcon_core.package_identification:_identify(src) by extension 'colcon_pkg'
[0.170s] Level 1:colcon.colcon_core.package_identification:_identify(src) by extensions ['colcon_meta']
[0.170s] Level 1:colcon.colcon_core.package_identification:_identify(src) by extension 'colcon_meta'
[0.170s] Level 1:colcon.colcon_core.package_identification:_identify(src) by extensions ['ros']
[0.170s] Level 1:colcon.colcon_core.package_identification:_identify(src) by extension 'ros'
[0.170s] Level 1:colcon.colcon_core.package_identification:_identify(src) by extensions ['cmake', 'python']
[0.170s] Level 1:colcon.colcon_core.package_identification:_identify(src) by extension 'cmake'
[0.170s] Level 1:colcon.colcon_core.package_identification:_identify(src) by extension 'python'
[0.170s] Level 1:colcon.colcon_core.package_identification:_identify(src) by extensions ['python_setup_py']
[0.170s] Level 1:colcon.colcon_core.package_identification:_identify(src) by extension 'python_setup_py'
[0.170s] Level 1:colcon.colcon_core.package_identification:_identify(src/tuos_ros) by extensions ['ignore', 'ignore_ament_install']
[0.170s] Level 1:colcon.colcon_core.package_identification:_identify(src/tuos_ros) by extension 'ignore'
[0.170s] Level 1:colcon.colcon_core.package_identification:_identify(src/tuos_ros) by extension 'ignore_ament_install'
[0.170s] Level 1:colcon.colcon_core.package_identification:_identify(src/tuos_ros) by extensions ['colcon_pkg']
[0.170s] Level 1:colcon.colcon_core.package_identification:_identify(src/tuos_ros) by extension 'colcon_pkg'
[0.170s] Level 1:colcon.colcon_core.package_identification:_identify(src/tuos_ros) by extensions ['colcon_meta']
[0.170s] Level 1:colcon.colcon_core.package_identification:_identify(src/tuos_ros) by extension 'colcon_meta'
[0.170s] Level 1:colcon.colcon_core.package_identification:_identify(src/tuos_ros) by extensions ['ros']
[0.170s] Level 1:colcon.colcon_core.package_identification:_identify(src/tuos_ros) by extension 'ros'
[0.170s] Level 1:colcon.colcon_core.package_identification:_identify(src/tuos_ros) by extensions ['cmake', 'python']
[0.170s] Level 1:colcon.colcon_core.package_identification:_identify(src/tuos_ros) by extension 'cmake'
[0.170s] Level 1:colcon.colcon_core.package_identification:_identify(src/tuos_ros) by extension 'python'
[0.170s] Level 1:colcon.colcon_core.package_identification:_identify(src/tuos_ros) by extensions ['python_setup_py']
[0.170s] Level 1:colcon.colcon_core.package_identification:_identify(src/tuos_ros) by extension 'python_setup_py'
[0.170s] Level 1:colcon.colcon_core.package_identification:_identify(src/tuos_ros/tuos_examples) by extensions ['ignore', 'ignore_ament_install']
[0.170s] Level 1:colcon.colcon_core.package_identification:_identify(src/tuos_ros/tuos_examples) by extension 'ignore'
[0.170s] Level 1:colcon.colcon_core.package_identification:_identify(src/tuos_ros/tuos_examples) by extension 'ignore_ament_install'
[0.170s] Level 1:colcon.colcon_core.package_identification:_identify(src/tuos_ros/tuos_examples) by extensions ['colcon_pkg']
[0.170s] Level 1:colcon.colcon_core.package_identification:_identify(src/tuos_ros/tuos_examples) by extension 'colcon_pkg'
[0.170s] Level 1:colcon.colcon_core.package_identification:_identify(src/tuos_ros/tuos_examples) by extensions ['colcon_meta']
[0.170s] Level 1:colcon.colcon_core.package_identification:_identify(src/tuos_ros/tuos_examples) by extension 'colcon_meta'
[0.170s] Level 1:colcon.colcon_core.package_identification:_identify(src/tuos_ros/tuos_examples) by extensions ['ros']
[0.170s] Level 1:colcon.colcon_core.package_identification:_identify(src/tuos_ros/tuos_examples) by extension 'ros'
[0.172s] DEBUG:colcon.colcon_core.package_identification:Package 'src/tuos_ros/tuos_examples' with type 'ros.ament_cmake' and name 'tuos_examples'
[0.172s] Level 1:colcon.colcon_core.package_identification:_identify(src/tuos_ros/tuos_interfaces) by extensions ['ignore', 'ignore_ament_install']
[0.172s] Level 1:colcon.colcon_core.package_identification:_identify(src/tuos_ros/tuos_interfaces) by extension 'ignore'
[0.172s] Level 1:colcon.colcon_core.package_identification:_identify(src/tuos_ros/tuos_interfaces) by extension 'ignore_ament_install'
[0.172s] Level 1:colcon.colcon_core.package_identification:_identify(src/tuos_ros/tuos_interfaces) by extensions ['colcon_pkg']
[0.172s] Level 1:colcon.colcon_core.package_identification:_identify(src/tuos_ros/tuos_interfaces) by extension 'colcon_pkg'
[0.172s] Level 1:colcon.colcon_core.package_identification:_identify(src/tuos_ros/tuos_interfaces) by extensions ['colcon_meta']
[0.172s] Level 1:colcon.colcon_core.package_identification:_identify(src/tuos_ros/tuos_interfaces) by extension 'colcon_meta'
[0.172s] Level 1:colcon.colcon_core.package_identification:_identify(src/tuos_ros/tuos_interfaces) by extensions ['ros']
[0.172s] Level 1:colcon.colcon_core.package_identification:_identify(src/tuos_ros/tuos_interfaces) by extension 'ros'
[0.173s] DEBUG:colcon.colcon_core.package_identification:Package 'src/tuos_ros/tuos_interfaces' with type 'ros.ament_cmake' and name 'tuos_interfaces'
[0.173s] Level 1:colcon.colcon_core.package_identification:_identify(src/tuos_ros/tuos_ros) by extensions ['ignore', 'ignore_ament_install']
[0.173s] Level 1:colcon.colcon_core.package_identification:_identify(src/tuos_ros/tuos_ros) by extension 'ignore'
[0.173s] Level 1:colcon.colcon_core.package_identification:_identify(src/tuos_ros/tuos_ros) by extension 'ignore_ament_install'
[0.173s] Level 1:colcon.colcon_core.package_identification:_identify(src/tuos_ros/tuos_ros) by extensions ['colcon_pkg']
[0.173s] Level 1:colcon.colcon_core.package_identification:_identify(src/tuos_ros/tuos_ros) by extension 'colcon_pkg'
[0.173s] Level 1:colcon.colcon_core.package_identification:_identify(src/tuos_ros/tuos_ros) by extensions ['colcon_meta']
[0.173s] Level 1:colcon.colcon_core.package_identification:_identify(src/tuos_ros/tuos_ros) by extension 'colcon_meta'
[0.173s] Level 1:colcon.colcon_core.package_identification:_identify(src/tuos_ros/tuos_ros) by extensions ['ros']
[0.173s] Level 1:colcon.colcon_core.package_identification:_identify(src/tuos_ros/tuos_ros) by extension 'ros'
[0.173s] DEBUG:colcon.colcon_core.package_identification:Package 'src/tuos_ros/tuos_ros' with type 'ros.ament_cmake' and name 'tuos_ros'
[0.173s] Level 1:colcon.colcon_core.package_identification:_identify(src/tuos_ros/tuos_simulations) by extensions ['ignore', 'ignore_ament_install']
[0.174s] Level 1:colcon.colcon_core.package_identification:_identify(src/tuos_ros/tuos_simulations) by extension 'ignore'
[0.174s] Level 1:colcon.colcon_core.package_identification:_identify(src/tuos_ros/tuos_simulations) by extension 'ignore_ament_install'
[0.174s] Level 1:colcon.colcon_core.package_identification:_identify(src/tuos_ros/tuos_simulations) by extensions ['colcon_pkg']
[0.174s] Level 1:colcon.colcon_core.package_identification:_identify(src/tuos_ros/tuos_simulations) by extension 'colcon_pkg'
[0.174s] Level 1:colcon.colcon_core.package_identification:_identify(src/tuos_ros/tuos_simulations) by extensions ['colcon_meta']
[0.174s] Level 1:colcon.colcon_core.package_identification:_identify(src/tuos_ros/tuos_simulations) by extension 'colcon_meta'
[0.174s] Level 1:colcon.colcon_core.package_identification:_identify(src/tuos_ros/tuos_simulations) by extensions ['ros']
[0.174s] Level 1:colcon.colcon_core.package_identification:_identify(src/tuos_ros/tuos_simulations) by extension 'ros'
[0.174s] DEBUG:colcon.colcon_core.package_identification:Package 'src/tuos_ros/tuos_simulations' with type 'ros.ament_cmake' and name 'tuos_simulations'
[0.174s] Level 1:colcon.colcon_core.package_identification:_identify(src/tuos_ros/tuos_task_sims) by extensions ['ignore', 'ignore_ament_install']
[0.174s] Level 1:colcon.colcon_core.package_identification:_identify(src/tuos_ros/tuos_task_sims) by extension 'ignore'
[0.174s] Level 1:colcon.colcon_core.package_identification:_identify(src/tuos_ros/tuos_task_sims) by extension 'ignore_ament_install'
[0.174s] Level 1:colcon.colcon_core.package_identification:_identify(src/tuos_ros/tuos_task_sims) by extensions ['colcon_pkg']
[0.174s] Level 1:colcon.colcon_core.package_identification:_identify(src/tuos_ros/tuos_task_sims) by extension 'colcon_pkg'
[0.174s] Level 1:colcon.colcon_core.package_identification:_identify(src/tuos_ros/tuos_task_sims) by extensions ['colcon_meta']
[0.174s] Level 1:colcon.colcon_core.package_identification:_identify(src/tuos_ros/tuos_task_sims) by extension 'colcon_meta'
[0.174s] Level 1:colcon.colcon_core.package_identification:_identify(src/tuos_ros/tuos_task_sims) by extensions ['ros']
[0.174s] Level 1:colcon.colcon_core.package_identification:_identify(src/tuos_ros/tuos_task_sims) by extension 'ros'
[0.175s] DEBUG:colcon.colcon_core.package_identification:Package 'src/tuos_ros/tuos_task_sims' with type 'ros.ament_cmake' and name 'tuos_task_sims'
[0.175s] Level 1:colcon.colcon_core.package_identification:_identify(src/tuos_ros/tuos_tb3_tools) by extensions ['ignore', 'ignore_ament_install']
[0.175s] Level 1:colcon.colcon_core.package_identification:_identify(src/tuos_ros/tuos_tb3_tools) by extension 'ignore'
[0.175s] Level 1:colcon.colcon_core.package_identification:_identify(src/tuos_ros/tuos_tb3_tools) by extension 'ignore_ament_install'
[0.175s] Level 1:colcon.colcon_core.package_identification:_identify(src/tuos_ros/tuos_tb3_tools) by extensions ['colcon_pkg']
[0.175s] Level 1:colcon.colcon_core.package_identification:_identify(src/tuos_ros/tuos_tb3_tools) by extension 'colcon_pkg'
[0.175s] Level 1:colcon.colcon_core.package_identification:_identify(src/tuos_ros/tuos_tb3_tools) by extensions ['colcon_meta']
[0.175s] Level 1:colcon.colcon_core.package_identification:_identify(src/tuos_ros/tuos_tb3_tools) by extension 'colcon_meta'
[0.175s] Level 1:colcon.colcon_core.package_identification:_identify(src/tuos_ros/tuos_tb3_tools) by extensions ['ros']
[0.175s] Level 1:colcon.colcon_core.package_identification:_identify(src/tuos_ros/tuos_tb3_tools) by extension 'ros'
[0.175s] DEBUG:colcon.colcon_core.package_identification:Package 'src/tuos_ros/tuos_tb3_tools' with type 'ros.ament_cmake' and name 'tuos_tb3_tools'
[0.175s] Level 1:colcon.colcon_core.package_discovery:discover_packages(recursive) using defaults
[0.175s] Level 1:colcon.colcon_core.package_discovery:discover_packages(ignore) discover
[0.175s] Level 1:colcon.colcon_core.package_discovery:discover_packages(ignore) using defaults
[0.175s] Level 1:colcon.colcon_core.package_discovery:discover_packages(path) discover
[0.175s] Level 1:colcon.colcon_core.package_discovery:discover_packages(path) using defaults
[0.196s] Level 1:colcon.colcon_core.package_discovery:discover_packages(prefix_path) check parameters
[0.196s] Level 1:colcon.colcon_core.package_discovery:discover_packages(prefix_path) discover
[0.197s] DEBUG:colcon.colcon_installed_package_information.package_discovery:Found 274 installed packages in /opt/ros/humble
[0.198s] Level 1:colcon.colcon_core.package_discovery:discover_packages(prefix_path) using defaults
[0.219s] Level 5:colcon.colcon_core.verb:set package 'tuos_examples' build argument 'cmake_args' from command line to 'None'
[0.220s] Level 5:colcon.colcon_core.verb:set package 'tuos_examples' build argument 'cmake_target' from command line to 'None'
[0.220s] Level 5:colcon.colcon_core.verb:set package 'tuos_examples' build argument 'cmake_target_skip_unavailable' from command line to 'False'
[0.220s] Level 5:colcon.colcon_core.verb:set package 'tuos_examples' build argument 'cmake_clean_cache' from command line to 'False'
[0.220s] Level 5:colcon.colcon_core.verb:set package 'tuos_examples' build argument 'cmake_clean_first' from command line to 'False'
[0.220s] Level 5:colcon.colcon_core.verb:set package 'tuos_examples' build argument 'cmake_force_configure' from command line to 'False'
[0.220s] Level 5:colcon.colcon_core.verb:set package 'tuos_examples' build argument 'ament_cmake_args' from command line to 'None'
[0.220s] Level 5:colcon.colcon_core.verb:set package 'tuos_examples' build argument 'catkin_cmake_args' from command line to 'None'
[0.220s] Level 5:colcon.colcon_core.verb:set package 'tuos_examples' build argument 'catkin_skip_building_tests' from command line to 'False'
[0.220s] DEBUG:colcon.colcon_core.verb:Building package 'tuos_examples' with the following arguments: {'ament_cmake_args': None, 'build_base': '/home/sarah/ros2_ws/build/tuos_examples', 'catkin_cmake_args': None, 'catkin_skip_building_tests': False, 'cmake_args': None, 'cmake_clean_cache': False, 'cmake_clean_first': False, 'cmake_force_configure': False, 'cmake_target': None, 'cmake_target_skip_unavailable': False, 'install_base': '/home/sarah/ros2_ws/install/tuos_examples', 'merge_install': False, 'path': '/home/sarah/ros2_ws/src/tuos_ros/tuos_examples', 'symlink_install': False, 'test_result_base': None}
[0.220s] Level 5:colcon.colcon_core.verb:set package 'tuos_interfaces' build argument 'cmake_args' from command line to 'None'
[0.220s] Level 5:colcon.colcon_core.verb:set package 'tuos_interfaces' build argument 'cmake_target' from command line to 'None'
[0.220s] Level 5:colcon.colcon_core.verb:set package 'tuos_interfaces' build argument 'cmake_target_skip_unavailable' from command line to 'False'
[0.220s] Level 5:colcon.colcon_core.verb:set package 'tuos_interfaces' build argument 'cmake_clean_cache' from command line to 'False'
[0.220s] Level 5:colcon.colcon_core.verb:set package 'tuos_interfaces' build argument 'cmake_clean_first' from command line to 'False'
[0.220s] Level 5:colcon.colcon_core.verb:set package 'tuos_interfaces' build argument 'cmake_force_configure' from command line to 'False'
[0.220s] Level 5:colcon.colcon_core.verb:set package 'tuos_interfaces' build argument 'ament_cmake_args' from command line to 'None'
[0.220s] Level 5:colcon.colcon_core.verb:set package 'tuos_interfaces' build argument 'catkin_cmake_args' from command line to 'None'
[0.220s] Level 5:colcon.colcon_core.verb:set package 'tuos_interfaces' build argument 'catkin_skip_building_tests' from command line to 'False'
[0.220s] DEBUG:colcon.colcon_core.verb:Building package 'tuos_interfaces' with the following arguments: {'ament_cmake_args': None, 'build_base': '/home/sarah/ros2_ws/build/tuos_interfaces', 'catkin_cmake_args': None, 'catkin_skip_building_tests': False, 'cmake_args': None, 'cmake_clean_cache': False, 'cmake_clean_first': False, 'cmake_force_configure': False, 'cmake_target': None, 'cmake_target_skip_unavailable': False, 'install_base': '/home/sarah/ros2_ws/install/tuos_interfaces', 'merge_install': False, 'path': '/home/sarah/ros2_ws/src/tuos_ros/tuos_interfaces', 'symlink_install': False, 'test_result_base': None}
[0.220s] Level 5:colcon.colcon_core.verb:set package 'tuos_simulations' build argument 'cmake_args' from command line to 'None'
[0.220s] Level 5:colcon.colcon_core.verb:set package 'tuos_simulations' build argument 'cmake_target' from command line to 'None'
[0.220s] Level 5:colcon.colcon_core.verb:set package 'tuos_simulations' build argument 'cmake_target_skip_unavailable' from command line to 'False'
[0.220s] Level 5:colcon.colcon_core.verb:set package 'tuos_simulations' build argument 'cmake_clean_cache' from command line to 'False'
[0.220s] Level 5:colcon.colcon_core.verb:set package 'tuos_simulations' build argument 'cmake_clean_first' from command line to 'False'
[0.220s] Level 5:colcon.colcon_core.verb:set package 'tuos_simulations' build argument 'cmake_force_configure' from command line to 'False'
[0.220s] Level 5:colcon.colcon_core.verb:set package 'tuos_simulations' build argument 'ament_cmake_args' from command line to 'None'
[0.220s] Level 5:colcon.colcon_core.verb:set package 'tuos_simulations' build argument 'catkin_cmake_args' from command line to 'None'
[0.220s] Level 5:colcon.colcon_core.verb:set package 'tuos_simulations' build argument 'catkin_skip_building_tests' from command line to 'False'
[0.220s] DEBUG:colcon.colcon_core.verb:Building package 'tuos_simulations' with the following arguments: {'ament_cmake_args': None, 'build_base': '/home/sarah/ros2_ws/build/tuos_simulations', 'catkin_cmake_args': None, 'catkin_skip_building_tests': False, 'cmake_args': None, 'cmake_clean_cache': False, 'cmake_clean_first': False, 'cmake_force_configure': False, 'cmake_target': None, 'cmake_target_skip_unavailable': False, 'install_base': '/home/sarah/ros2_ws/install/tuos_simulations', 'merge_install': False, 'path': '/home/sarah/ros2_ws/src/tuos_ros/tuos_simulations', 'symlink_install': False, 'test_result_base': None}
[0.221s] Level 5:colcon.colcon_core.verb:set package 'tuos_tb3_tools' build argument 'cmake_args' from command line to 'None'
[0.221s] Level 5:colcon.colcon_core.verb:set package 'tuos_tb3_tools' build argument 'cmake_target' from command line to 'None'
[0.221s] Level 5:colcon.colcon_core.verb:set package 'tuos_tb3_tools' build argument 'cmake_target_skip_unavailable' from command line to 'False'
[0.221s] Level 5:colcon.colcon_core.verb:set package 'tuos_tb3_tools' build argument 'cmake_clean_cache' from command line to 'False'
[0.221s] Level 5:colcon.colcon_core.verb:set package 'tuos_tb3_tools' build argument 'cmake_clean_first' from command line to 'False'
[0.221s] Level 5:colcon.colcon_core.verb:set package 'tuos_tb3_tools' build argument 'cmake_force_configure' from command line to 'False'
[0.221s] Level 5:colcon.colcon_core.verb:set package 'tuos_tb3_tools' build argument 'ament_cmake_args' from command line to 'None'
[0.221s] Level 5:colcon.colcon_core.verb:set package 'tuos_tb3_tools' build argument 'catkin_cmake_args' from command line to 'None'
[0.221s] Level 5:colcon.colcon_core.verb:set package 'tuos_tb3_tools' build argument 'catkin_skip_building_tests' from command line to 'False'
[0.221s] DEBUG:colcon.colcon_core.verb:Building package 'tuos_tb3_tools' with the following arguments: {'ament_cmake_args': None, 'build_base': '/home/sarah/ros2_ws/build/tuos_tb3_tools', 'catkin_cmake_args': None, 'catkin_skip_building_tests': False, 'cmake_args': None, 'cmake_clean_cache': False, 'cmake_clean_first': False, 'cmake_force_configure': False, 'cmake_target': None, 'cmake_target_skip_unavailable': False, 'install_base': '/home/sarah/ros2_ws/install/tuos_tb3_tools', 'merge_install': False, 'path': '/home/sarah/ros2_ws/src/tuos_ros/tuos_tb3_tools', 'symlink_install': False, 'test_result_base': None}
[0.221s] Level 5:colcon.colcon_core.verb:set package 'tuos_task_sims' build argument 'cmake_args' from command line to 'None'
[0.221s] Level 5:colcon.colcon_core.verb:set package 'tuos_task_sims' build argument 'cmake_target' from command line to 'None'
[0.221s] Level 5:colcon.colcon_core.verb:set package 'tuos_task_sims' build argument 'cmake_target_skip_unavailable' from command line to 'False'
[0.221s] Level 5:colcon.colcon_core.verb:set package 'tuos_task_sims' build argument 'cmake_clean_cache' from command line to 'False'
[0.221s] Level 5:colcon.colcon_core.verb:set package 'tuos_task_sims' build argument 'cmake_clean_first' from command line to 'False'
[0.221s] Level 5:colcon.colcon_core.verb:set package 'tuos_task_sims' build argument 'cmake_force_configure' from command line to 'False'
[0.221s] Level 5:colcon.colcon_core.verb:set package 'tuos_task_sims' build argument 'ament_cmake_args' from command line to 'None'
[0.221s] Level 5:colcon.colcon_core.verb:set package 'tuos_task_sims' build argument 'catkin_cmake_args' from command line to 'None'
[0.221s] Level 5:colcon.colcon_core.verb:set package 'tuos_task_sims' build argument 'catkin_skip_building_tests' from command line to 'False'
[0.221s] DEBUG:colcon.colcon_core.verb:Building package 'tuos_task_sims' with the following arguments: {'ament_cmake_args': None, 'build_base': '/home/sarah/ros2_ws/build/tuos_task_sims', 'catkin_cmake_args': None, 'catkin_skip_building_tests': False, 'cmake_args': None, 'cmake_clean_cache': False, 'cmake_clean_first': False, 'cmake_force_configure': False, 'cmake_target': None, 'cmake_target_skip_unavailable': False, 'install_base': '/home/sarah/ros2_ws/install/tuos_task_sims', 'merge_install': False, 'path': '/home/sarah/ros2_ws/src/tuos_ros/tuos_task_sims', 'symlink_install': False, 'test_result_base': None}
[0.221s] Level 5:colcon.colcon_core.verb:set package 'tuos_ros' build argument 'cmake_args' from command line to 'None'
[0.221s] Level 5:colcon.colcon_core.verb:set package 'tuos_ros' build argument 'cmake_target' from command line to 'None'
[0.221s] Level 5:colcon.colcon_core.verb:set package 'tuos_ros' build argument 'cmake_target_skip_unavailable' from command line to 'False'
[0.221s] Level 5:colcon.colcon_core.verb:set package 'tuos_ros' build argument 'cmake_clean_cache' from command line to 'False'
[0.221s] Level 5:colcon.colcon_core.verb:set package 'tuos_ros' build argument 'cmake_clean_first' from command line to 'False'
[0.221s] Level 5:colcon.colcon_core.verb:set package 'tuos_ros' build argument 'cmake_force_configure' from command line to 'False'
[0.221s] Level 5:colcon.colcon_core.verb:set package 'tuos_ros' build argument 'ament_cmake_args' from command line to 'None'
[0.221s] Level 5:colcon.colcon_core.verb:set package 'tuos_ros' build argument 'catkin_cmake_args' from command line to 'None'
[0.221s] Level 5:colcon.colcon_core.verb:set package 'tuos_ros' build argument 'catkin_skip_building_tests' from command line to 'False'
[0.221s] DEBUG:colcon.colcon_core.verb:Building package 'tuos_ros' with the following arguments: {'ament_cmake_args': None, 'build_base': '/home/sarah/ros2_ws/build/tuos_ros', 'catkin_cmake_args': None, 'catkin_skip_building_tests': False, 'cmake_args': None, 'cmake_clean_cache': False, 'cmake_clean_first': False, 'cmake_force_configure': False, 'cmake_target': None, 'cmake_target_skip_unavailable': False, 'install_base': '/home/sarah/ros2_ws/install/tuos_ros', 'merge_install': False, 'path': '/home/sarah/ros2_ws/src/tuos_ros/tuos_ros', 'symlink_install': False, 'test_result_base': None}
[0.221s] INFO:colcon.colcon_core.executor:Executing jobs using 'parallel' executor
[0.222s] DEBUG:colcon.colcon_parallel_executor.executor.parallel:run_until_complete
[0.222s] INFO:colcon.colcon_ros.task.ament_cmake.build:Building ROS package in '/home/sarah/ros2_ws/src/tuos_ros/tuos_simulations' with build type 'ament_cmake'
[0.223s] INFO:colcon.colcon_cmake.task.cmake.build:Building CMake package in '/home/sarah/ros2_ws/src/tuos_ros/tuos_simulations'
[0.224s] INFO:colcon.colcon_core.plugin_system:Skipping extension 'colcon_core.shell.bat': Not used on non-Windows systems
[0.224s] INFO:colcon.colcon_core.shell:Skip shell extension 'powershell' for command environment: Not usable outside of PowerShell
[0.224s] DEBUG:colcon.colcon_core.shell:Skip shell extension 'dsv' for command environment
[0.226s] INFO:colcon.colcon_ros.task.ament_cmake.build:Building ROS package in '/home/sarah/ros2_ws/src/tuos_ros/tuos_examples' with build type 'ament_cmake'
[0.226s] INFO:colcon.colcon_cmake.task.cmake.build:Building CMake package in '/home/sarah/ros2_ws/src/tuos_ros/tuos_examples'
[0.226s] INFO:colcon.colcon_core.shell:Skip shell extension 'powershell' for command environment: Not usable outside of PowerShell
[0.226s] DEBUG:colcon.colcon_core.shell:Skip shell extension 'dsv' for command environment
[0.227s] INFO:colcon.colcon_ros.task.ament_cmake.build:Building ROS package in '/home/sarah/ros2_ws/src/tuos_ros/tuos_interfaces' with build type 'ament_cmake'
[0.228s] INFO:colcon.colcon_cmake.task.cmake.build:Building CMake package in '/home/sarah/ros2_ws/src/tuos_ros/tuos_interfaces'
[0.228s] INFO:colcon.colcon_core.shell:Skip shell extension 'powershell' for command environment: Not usable outside of PowerShell
[0.228s] DEBUG:colcon.colcon_core.shell:Skip shell extension 'dsv' for command environment
[0.229s] INFO:colcon.colcon_ros.task.ament_cmake.build:Building ROS package in '/home/sarah/ros2_ws/src/tuos_ros/tuos_tb3_tools' with build type 'ament_cmake'
[0.229s] INFO:colcon.colcon_cmake.task.cmake.build:Building CMake package in '/home/sarah/ros2_ws/src/tuos_ros/tuos_tb3_tools'
[0.229s] INFO:colcon.colcon_core.shell:Skip shell extension 'powershell' for command environment: Not usable outside of PowerShell
[0.229s] DEBUG:colcon.colcon_core.shell:Skip shell extension 'dsv' for command environment
[0.234s] DEBUG:colcon.colcon_core.event_handler.log_command:Invoking command in '/home/sarah/ros2_ws/build/tuos_simulations': CMAKE_PREFIX_PATH=/opt/ros/humble /usr/bin/cmake /home/sarah/ros2_ws/src/tuos_ros/tuos_simulations -DCMAKE_INSTALL_PREFIX=/home/sarah/ros2_ws/install/tuos_simulations
[0.236s] DEBUG:colcon.colcon_core.event_handler.log_command:Invoking command in '/home/sarah/ros2_ws/build/tuos_examples': CMAKE_PREFIX_PATH=/opt/ros/humble /usr/bin/cmake --build /home/sarah/ros2_ws/build/tuos_examples -- -j12 -l12
[0.237s] DEBUG:colcon.colcon_core.event_handler.log_command:Invoking command in '/home/sarah/ros2_ws/build/tuos_interfaces': CMAKE_PREFIX_PATH=/opt/ros/humble /usr/bin/cmake --build /home/sarah/ros2_ws/build/tuos_interfaces -- -j12 -l12
[0.240s] DEBUG:colcon.colcon_core.event_handler.log_command:Invoking command in '/home/sarah/ros2_ws/build/tuos_tb3_tools': CMAKE_PREFIX_PATH=/opt/ros/humble /usr/bin/cmake --build /home/sarah/ros2_ws/build/tuos_tb3_tools -- -j12 -l12
[0.266s] DEBUG:colcon.colcon_core.event_handler.log_command:Invoked command in '/home/sarah/ros2_ws/build/tuos_tb3_tools' returned '0': CMAKE_PREFIX_PATH=/opt/ros/humble /usr/bin/cmake --build /home/sarah/ros2_ws/build/tuos_tb3_tools -- -j12 -l12
[0.274s] DEBUG:colcon.colcon_core.event_handler.log_command:Invoking command in '/home/sarah/ros2_ws/build/tuos_tb3_tools': CMAKE_PREFIX_PATH=/opt/ros/humble /usr/bin/cmake --install /home/sarah/ros2_ws/build/tuos_tb3_tools
[0.282s] Level 1:colcon.colcon_core.environment:create_environment_scripts_only(tuos_tb3_tools)
[0.283s] DEBUG:colcon.colcon_core.event_handler.log_command:Invoked command in '/home/sarah/ros2_ws/build/tuos_tb3_tools' returned '0': CMAKE_PREFIX_PATH=/opt/ros/humble /usr/bin/cmake --install /home/sarah/ros2_ws/build/tuos_tb3_tools
[0.285s] Level 1:colcon.colcon_core.environment:checking '/home/sarah/ros2_ws/install/tuos_tb3_tools' for CMake module files
[0.285s] Level 1:colcon.colcon_core.environment:checking '/home/sarah/ros2_ws/install/tuos_tb3_tools' for CMake config files
[0.285s] Level 1:colcon.colcon_core.shell:create_environment_hook('tuos_tb3_tools', 'cmake_prefix_path')
[0.286s] INFO:colcon.colcon_core.shell:Creating environment hook '/home/sarah/ros2_ws/install/tuos_tb3_tools/share/tuos_tb3_tools/hook/cmake_prefix_path.ps1'
[0.286s] INFO:colcon.colcon_core.shell:Creating environment descriptor '/home/sarah/ros2_ws/install/tuos_tb3_tools/share/tuos_tb3_tools/hook/cmake_prefix_path.dsv'
[0.287s] INFO:colcon.colcon_core.shell:Creating environment hook '/home/sarah/ros2_ws/install/tuos_tb3_tools/share/tuos_tb3_tools/hook/cmake_prefix_path.sh'
[0.288s] Level 1:colcon.colcon_core.environment:checking '/home/sarah/ros2_ws/install/tuos_tb3_tools/lib'
[0.288s] Level 1:colcon.colcon_core.environment:checking '/home/sarah/ros2_ws/install/tuos_tb3_tools/bin'
[0.288s] Level 1:colcon.colcon_core.environment:checking '/home/sarah/ros2_ws/install/tuos_tb3_tools/lib/pkgconfig/tuos_tb3_tools.pc'
[0.289s] Level 1:colcon.colcon_core.environment:checking '/home/sarah/ros2_ws/install/tuos_tb3_tools/lib/python3.10/site-packages'
[0.289s] Level 1:colcon.colcon_core.environment:checking '/home/sarah/ros2_ws/install/tuos_tb3_tools/bin'
[0.289s] INFO:colcon.colcon_core.shell:Creating package script '/home/sarah/ros2_ws/install/tuos_tb3_tools/share/tuos_tb3_tools/package.ps1'
[0.291s] INFO:colcon.colcon_core.shell:Creating package descriptor '/home/sarah/ros2_ws/install/tuos_tb3_tools/share/tuos_tb3_tools/package.dsv'
[0.292s] INFO:colcon.colcon_core.shell:Creating package script '/home/sarah/ros2_ws/install/tuos_tb3_tools/share/tuos_tb3_tools/package.sh'
[0.293s] INFO:colcon.colcon_core.shell:Creating package script '/home/sarah/ros2_ws/install/tuos_tb3_tools/share/tuos_tb3_tools/package.bash'
[0.293s] INFO:colcon.colcon_core.shell:Creating package script '/home/sarah/ros2_ws/install/tuos_tb3_tools/share/tuos_tb3_tools/package.zsh'
[0.294s] Level 1:colcon.colcon_core.environment:create_file_with_runtime_dependencies(/home/sarah/ros2_ws/install/tuos_tb3_tools/share/colcon-core/packages/tuos_tb3_tools)
[0.295s] Level 1:colcon.colcon_core.environment:create_environment_scripts_only(tuos_tb3_tools)
[0.295s] Level 1:colcon.colcon_core.environment:checking '/home/sarah/ros2_ws/install/tuos_tb3_tools' for CMake module files
[0.296s] Level 1:colcon.colcon_core.environment:checking '/home/sarah/ros2_ws/install/tuos_tb3_tools' for CMake config files
[0.296s] Level 1:colcon.colcon_core.shell:create_environment_hook('tuos_tb3_tools', 'cmake_prefix_path')
[0.296s] INFO:colcon.colcon_core.shell:Creating environment hook '/home/sarah/ros2_ws/install/tuos_tb3_tools/share/tuos_tb3_tools/hook/cmake_prefix_path.ps1'
[0.297s] INFO:colcon.colcon_core.shell:Creating environment descriptor '/home/sarah/ros2_ws/install/tuos_tb3_tools/share/tuos_tb3_tools/hook/cmake_prefix_path.dsv'
[0.297s] INFO:colcon.colcon_core.shell:Creating environment hook '/home/sarah/ros2_ws/install/tuos_tb3_tools/share/tuos_tb3_tools/hook/cmake_prefix_path.sh'
[0.298s] Level 1:colcon.colcon_core.environment:checking '/home/sarah/ros2_ws/install/tuos_tb3_tools/lib'
[0.298s] Level 1:colcon.colcon_core.environment:checking '/home/sarah/ros2_ws/install/tuos_tb3_tools/bin'
[0.298s] Level 1:colcon.colcon_core.environment:checking '/home/sarah/ros2_ws/install/tuos_tb3_tools/lib/pkgconfig/tuos_tb3_tools.pc'
[0.299s] Level 1:colcon.colcon_core.environment:checking '/home/sarah/ros2_ws/install/tuos_tb3_tools/lib/python3.10/site-packages'
[0.299s] Level 1:colcon.colcon_core.environment:checking '/home/sarah/ros2_ws/install/tuos_tb3_tools/bin'
[0.299s] INFO:colcon.colcon_core.shell:Creating package script '/home/sarah/ros2_ws/install/tuos_tb3_tools/share/tuos_tb3_tools/package.ps1'
[0.300s] INFO:colcon.colcon_core.shell:Creating package descriptor '/home/sarah/ros2_ws/install/tuos_tb3_tools/share/tuos_tb3_tools/package.dsv'
[0.301s] INFO:colcon.colcon_core.shell:Creating package script '/home/sarah/ros2_ws/install/tuos_tb3_tools/share/tuos_tb3_tools/package.sh'
[0.301s] INFO:colcon.colcon_core.shell:Creating package script '/home/sarah/ros2_ws/install/tuos_tb3_tools/share/tuos_tb3_tools/package.bash'
[0.302s] INFO:colcon.colcon_core.shell:Creating package script '/home/sarah/ros2_ws/install/tuos_tb3_tools/share/tuos_tb3_tools/package.zsh'
[0.302s] Level 1:colcon.colcon_core.environment:create_file_with_runtime_dependencies(/home/sarah/ros2_ws/install/tuos_tb3_tools/share/colcon-core/packages/tuos_tb3_tools)
[0.469s] DEBUG:colcon.colcon_core.event_handler.log_command:Invoked command in '/home/sarah/ros2_ws/build/tuos_examples' returned '0': CMAKE_PREFIX_PATH=/opt/ros/humble /usr/bin/cmake --build /home/sarah/ros2_ws/build/tuos_examples -- -j12 -l12
[0.470s] DEBUG:colcon.colcon_core.event_handler.log_command:Invoking command in '/home/sarah/ros2_ws/build/tuos_examples': CMAKE_PREFIX_PATH=/opt/ros/humble /usr/bin/cmake --install /home/sarah/ros2_ws/build/tuos_examples
[0.505s] Level 1:colcon.colcon_core.environment:create_environment_scripts_only(tuos_examples)
[0.506s] Level 1:colcon.colcon_core.environment:checking '/home/sarah/ros2_ws/install/tuos_examples' for CMake module files
[0.506s] DEBUG:colcon.colcon_core.event_handler.log_command:Invoked command in '/home/sarah/ros2_ws/build/tuos_examples' returned '0': CMAKE_PREFIX_PATH=/opt/ros/humble /usr/bin/cmake --install /home/sarah/ros2_ws/build/tuos_examples
[0.506s] Level 1:colcon.colcon_core.environment:checking '/home/sarah/ros2_ws/install/tuos_examples' for CMake config files
[0.506s] Level 1:colcon.colcon_core.shell:create_environment_hook('tuos_examples', 'cmake_prefix_path')
[0.507s] INFO:colcon.colcon_core.shell:Creating environment hook '/home/sarah/ros2_ws/install/tuos_examples/share/tuos_examples/hook/cmake_prefix_path.ps1'
[0.507s] INFO:colcon.colcon_core.shell:Creating environment descriptor '/home/sarah/ros2_ws/install/tuos_examples/share/tuos_examples/hook/cmake_prefix_path.dsv'
[0.507s] INFO:colcon.colcon_core.shell:Creating environment hook '/home/sarah/ros2_ws/install/tuos_examples/share/tuos_examples/hook/cmake_prefix_path.sh'
[0.507s] Level 1:colcon.colcon_core.environment:checking '/home/sarah/ros2_ws/install/tuos_examples/lib'
[0.507s] Level 1:colcon.colcon_core.environment:checking '/home/sarah/ros2_ws/install/tuos_examples/bin'
[0.508s] Level 1:colcon.colcon_core.environment:checking '/home/sarah/ros2_ws/install/tuos_examples/lib/pkgconfig/tuos_examples.pc'
[0.508s] Level 1:colcon.colcon_core.environment:checking '/home/sarah/ros2_ws/install/tuos_examples/lib/python3.10/site-packages'
[0.508s] Level 1:colcon.colcon_core.environment:checking '/home/sarah/ros2_ws/install/tuos_examples/bin'
[0.508s] INFO:colcon.colcon_core.shell:Creating package script '/home/sarah/ros2_ws/install/tuos_examples/share/tuos_examples/package.ps1'
[0.508s] INFO:colcon.colcon_core.shell:Creating package descriptor '/home/sarah/ros2_ws/install/tuos_examples/share/tuos_examples/package.dsv'
[0.509s] INFO:colcon.colcon_core.shell:Creating package script '/home/sarah/ros2_ws/install/tuos_examples/share/tuos_examples/package.sh'
[0.509s] INFO:colcon.colcon_core.shell:Creating package script '/home/sarah/ros2_ws/install/tuos_examples/share/tuos_examples/package.bash'
[0.509s] INFO:colcon.colcon_core.shell:Creating package script '/home/sarah/ros2_ws/install/tuos_examples/share/tuos_examples/package.zsh'
[0.509s] Level 1:colcon.colcon_core.environment:create_file_with_runtime_dependencies(/home/sarah/ros2_ws/install/tuos_examples/share/colcon-core/packages/tuos_examples)
[0.510s] Level 1:colcon.colcon_core.environment:create_environment_scripts_only(tuos_examples)
[0.510s] Level 1:colcon.colcon_core.environment:checking '/home/sarah/ros2_ws/install/tuos_examples' for CMake module files
[0.510s] Level 1:colcon.colcon_core.environment:checking '/home/sarah/ros2_ws/install/tuos_examples' for CMake config files
[0.510s] Level 1:colcon.colcon_core.shell:create_environment_hook('tuos_examples', 'cmake_prefix_path')
[0.510s] INFO:colcon.colcon_core.shell:Creating environment hook '/home/sarah/ros2_ws/install/tuos_examples/share/tuos_examples/hook/cmake_prefix_path.ps1'
[0.511s] INFO:colcon.colcon_core.shell:Creating environment descriptor '/home/sarah/ros2_ws/install/tuos_examples/share/tuos_examples/hook/cmake_prefix_path.dsv'
[0.511s] INFO:colcon.colcon_core.shell:Creating environment hook '/home/sarah/ros2_ws/install/tuos_examples/share/tuos_examples/hook/cmake_prefix_path.sh'
[0.511s] Level 1:colcon.colcon_core.environment:checking '/home/sarah/ros2_ws/install/tuos_examples/lib'
[0.511s] Level 1:colcon.colcon_core.environment:checking '/home/sarah/ros2_ws/install/tuos_examples/bin'
[0.511s] Level 1:colcon.colcon_core.environment:checking '/home/sarah/ros2_ws/install/tuos_examples/lib/pkgconfig/tuos_examples.pc'
[0.511s] Level 1:colcon.colcon_core.environment:checking '/home/sarah/ros2_ws/install/tuos_examples/lib/python3.10/site-packages'
[0.511s] Level 1:colcon.colcon_core.environment:checking '/home/sarah/ros2_ws/install/tuos_examples/bin'
[0.512s] INFO:colcon.colcon_core.shell:Creating package script '/home/sarah/ros2_ws/install/tuos_examples/share/tuos_examples/package.ps1'
[0.512s] INFO:colcon.colcon_core.shell:Creating package descriptor '/home/sarah/ros2_ws/install/tuos_examples/share/tuos_examples/package.dsv'
[0.512s] INFO:colcon.colcon_core.shell:Creating package script '/home/sarah/ros2_ws/install/tuos_examples/share/tuos_examples/package.sh'
[0.513s] INFO:colcon.colcon_core.shell:Creating package script '/home/sarah/ros2_ws/install/tuos_examples/share/tuos_examples/package.bash'
[0.513s] INFO:colcon.colcon_core.shell:Creating package script '/home/sarah/ros2_ws/install/tuos_examples/share/tuos_examples/package.zsh'
[0.513s] Level 1:colcon.colcon_core.environment:create_file_with_runtime_dependencies(/home/sarah/ros2_ws/install/tuos_examples/share/colcon-core/packages/tuos_examples)
[0.831s] DEBUG:colcon.colcon_core.event_handler.log_command:Invoked command in '/home/sarah/ros2_ws/build/tuos_simulations' returned '0': CMAKE_PREFIX_PATH=/opt/ros/humble /usr/bin/cmake /home/sarah/ros2_ws/src/tuos_ros/tuos_simulations -DCMAKE_INSTALL_PREFIX=/home/sarah/ros2_ws/install/tuos_simulations
[0.832s] DEBUG:colcon.colcon_core.event_handler.log_command:Invoking command in '/home/sarah/ros2_ws/build/tuos_simulations': CMAKE_PREFIX_PATH=/opt/ros/humble /usr/bin/cmake --build /home/sarah/ros2_ws/build/tuos_simulations -- -j12 -l12
[0.871s] DEBUG:colcon.colcon_core.event_handler.log_command:Invoked command in '/home/sarah/ros2_ws/build/tuos_simulations' returned '0': CMAKE_PREFIX_PATH=/opt/ros/humble /usr/bin/cmake --build /home/sarah/ros2_ws/build/tuos_simulations -- -j12 -l12
[0.872s] DEBUG:colcon.colcon_core.event_handler.log_command:Invoking command in '/home/sarah/ros2_ws/build/tuos_simulations': CMAKE_PREFIX_PATH=/opt/ros/humble /usr/bin/cmake --install /home/sarah/ros2_ws/build/tuos_simulations
[0.890s] Level 1:colcon.colcon_core.environment:create_environment_scripts_only(tuos_simulations)
[0.890s] Level 1:colcon.colcon_core.environment:checking '/home/sarah/ros2_ws/install/tuos_simulations' for CMake module files
[0.890s] DEBUG:colcon.colcon_core.event_handler.log_command:Invoked command in '/home/sarah/ros2_ws/build/tuos_simulations' returned '0': CMAKE_PREFIX_PATH=/opt/ros/humble /usr/bin/cmake --install /home/sarah/ros2_ws/build/tuos_simulations
[0.891s] Level 1:colcon.colcon_core.environment:checking '/home/sarah/ros2_ws/install/tuos_simulations' for CMake config files
[0.892s] Level 1:colcon.colcon_core.shell:create_environment_hook('tuos_simulations', 'cmake_prefix_path')
[0.892s] INFO:colcon.colcon_core.shell:Creating environment hook '/home/sarah/ros2_ws/install/tuos_simulations/share/tuos_simulations/hook/cmake_prefix_path.ps1'
[0.892s] INFO:colcon.colcon_core.shell:Creating environment descriptor '/home/sarah/ros2_ws/install/tuos_simulations/share/tuos_simulations/hook/cmake_prefix_path.dsv'
[0.893s] INFO:colcon.colcon_core.shell:Creating environment hook '/home/sarah/ros2_ws/install/tuos_simulations/share/tuos_simulations/hook/cmake_prefix_path.sh'
[0.893s] Level 1:colcon.colcon_core.environment:checking '/home/sarah/ros2_ws/install/tuos_simulations/bin'
[0.893s] Level 1:colcon.colcon_core.environment:checking '/home/sarah/ros2_ws/install/tuos_simulations/lib/pkgconfig/tuos_simulations.pc'
[0.894s] Level 1:colcon.colcon_core.environment:checking '/home/sarah/ros2_ws/install/tuos_simulations/lib/python3.10/site-packages'
[0.894s] Level 1:colcon.colcon_core.environment:checking '/home/sarah/ros2_ws/install/tuos_simulations/bin'
[0.894s] INFO:colcon.colcon_core.shell:Creating package script '/home/sarah/ros2_ws/install/tuos_simulations/share/tuos_simulations/package.ps1'
[0.895s] INFO:colcon.colcon_core.shell:Creating package descriptor '/home/sarah/ros2_ws/install/tuos_simulations/share/tuos_simulations/package.dsv'
[0.895s] INFO:colcon.colcon_core.shell:Creating package script '/home/sarah/ros2_ws/install/tuos_simulations/share/tuos_simulations/package.sh'
[0.896s] INFO:colcon.colcon_core.shell:Creating package script '/home/sarah/ros2_ws/install/tuos_simulations/share/tuos_simulations/package.bash'
[0.896s] INFO:colcon.colcon_core.shell:Creating package script '/home/sarah/ros2_ws/install/tuos_simulations/share/tuos_simulations/package.zsh'
[0.897s] Level 1:colcon.colcon_core.environment:create_file_with_runtime_dependencies(/home/sarah/ros2_ws/install/tuos_simulations/share/colcon-core/packages/tuos_simulations)
[0.897s] Level 1:colcon.colcon_core.environment:create_environment_scripts_only(tuos_simulations)
[0.897s] Level 1:colcon.colcon_core.environment:checking '/home/sarah/ros2_ws/install/tuos_simulations' for CMake module files
[0.898s] Level 1:colcon.colcon_core.environment:checking '/home/sarah/ros2_ws/install/tuos_simulations' for CMake config files
[0.899s] Level 1:colcon.colcon_core.shell:create_environment_hook('tuos_simulations', 'cmake_prefix_path')
[0.899s] INFO:colcon.colcon_core.shell:Creating environment hook '/home/sarah/ros2_ws/install/tuos_simulations/share/tuos_simulations/hook/cmake_prefix_path.ps1'
[0.899s] INFO:colcon.colcon_core.shell:Creating environment descriptor '/home/sarah/ros2_ws/install/tuos_simulations/share/tuos_simulations/hook/cmake_prefix_path.dsv'
[0.900s] INFO:colcon.colcon_core.shell:Creating environment hook '/home/sarah/ros2_ws/install/tuos_simulations/share/tuos_simulations/hook/cmake_prefix_path.sh'
[0.900s] Level 1:colcon.colcon_core.environment:checking '/home/sarah/ros2_ws/install/tuos_simulations/bin'
[0.900s] Level 1:colcon.colcon_core.environment:checking '/home/sarah/ros2_ws/install/tuos_simulations/lib/pkgconfig/tuos_simulations.pc'
[0.901s] Level 1:colcon.colcon_core.environment:checking '/home/sarah/ros2_ws/install/tuos_simulations/lib/python3.10/site-packages'
[0.901s] Level 1:colcon.colcon_core.environment:checking '/home/sarah/ros2_ws/install/tuos_simulations/bin'
[0.901s] INFO:colcon.colcon_core.shell:Creating package script '/home/sarah/ros2_ws/install/tuos_simulations/share/tuos_simulations/package.ps1'
[0.902s] INFO:colcon.colcon_core.shell:Creating package descriptor '/home/sarah/ros2_ws/install/tuos_simulations/share/tuos_simulations/package.dsv'
[0.902s] INFO:colcon.colcon_core.shell:Creating package script '/home/sarah/ros2_ws/install/tuos_simulations/share/tuos_simulations/package.sh'
[0.903s] INFO:colcon.colcon_core.shell:Creating package script '/home/sarah/ros2_ws/install/tuos_simulations/share/tuos_simulations/package.bash'
[0.904s] INFO:colcon.colcon_core.shell:Creating package script '/home/sarah/ros2_ws/install/tuos_simulations/share/tuos_simulations/package.zsh'
[0.904s] Level 1:colcon.colcon_core.environment:create_file_with_runtime_dependencies(/home/sarah/ros2_ws/install/tuos_simulations/share/colcon-core/packages/tuos_simulations)
[0.904s] INFO:colcon.colcon_ros.task.ament_cmake.build:Building ROS package in '/home/sarah/ros2_ws/src/tuos_ros/tuos_task_sims' with build type 'ament_cmake'
[0.905s] INFO:colcon.colcon_cmake.task.cmake.build:Building CMake package in '/home/sarah/ros2_ws/src/tuos_ros/tuos_task_sims'
[0.905s] INFO:colcon.colcon_core.shell:Skip shell extension 'powershell' for command environment: Not usable outside of PowerShell
[0.905s] DEBUG:colcon.colcon_core.shell:Skip shell extension 'dsv' for command environment
[0.912s] DEBUG:colcon.colcon_core.event_handler.log_command:Invoking command in '/home/sarah/ros2_ws/build/tuos_task_sims': AMENT_PREFIX_PATH=/home/sarah/ros2_ws/install/tuos_simulations:${AMENT_PREFIX_PATH} CMAKE_PREFIX_PATH=/home/sarah/ros2_ws/install/tuos_simulations:/opt/ros/humble /usr/bin/cmake /home/sarah/ros2_ws/src/tuos_ros/tuos_task_sims -DCMAKE_INSTALL_PREFIX=/home/sarah/ros2_ws/install/tuos_task_sims
[1.956s] DEBUG:colcon.colcon_core.event_handler.log_command:Invoked command in '/home/sarah/ros2_ws/build/tuos_task_sims' returned '0': AMENT_PREFIX_PATH=/home/sarah/ros2_ws/install/tuos_simulations:${AMENT_PREFIX_PATH} CMAKE_PREFIX_PATH=/home/sarah/ros2_ws/install/tuos_simulations:/opt/ros/humble /usr/bin/cmake /home/sarah/ros2_ws/src/tuos_ros/tuos_task_sims -DCMAKE_INSTALL_PREFIX=/home/sarah/ros2_ws/install/tuos_task_sims
[1.958s] DEBUG:colcon.colcon_core.event_handler.log_command:Invoking command in '/home/sarah/ros2_ws/build/tuos_task_sims': AMENT_PREFIX_PATH=/home/sarah/ros2_ws/install/tuos_simulations:${AMENT_PREFIX_PATH} CMAKE_PREFIX_PATH=/home/sarah/ros2_ws/install/tuos_simulations:/opt/ros/humble /usr/bin/cmake --build /home/sarah/ros2_ws/build/tuos_task_sims -- -j12 -l12
[1.988s] DEBUG:colcon.colcon_core.event_handler.log_command:Invoked command in '/home/sarah/ros2_ws/build/tuos_task_sims' returned '0': AMENT_PREFIX_PATH=/home/sarah/ros2_ws/install/tuos_simulations:${AMENT_PREFIX_PATH} CMAKE_PREFIX_PATH=/home/sarah/ros2_ws/install/tuos_simulations:/opt/ros/humble /usr/bin/cmake --build /home/sarah/ros2_ws/build/tuos_task_sims -- -j12 -l12
[1.989s] DEBUG:colcon.colcon_core.event_handler.log_command:Invoking command in '/home/sarah/ros2_ws/build/tuos_task_sims': AMENT_PREFIX_PATH=/home/sarah/ros2_ws/install/tuos_simulations:${AMENT_PREFIX_PATH} CMAKE_PREFIX_PATH=/home/sarah/ros2_ws/install/tuos_simulations:/opt/ros/humble /usr/bin/cmake --install /home/sarah/ros2_ws/build/tuos_task_sims
[2.001s] Level 1:colcon.colcon_core.environment:create_environment_scripts_only(tuos_task_sims)
[2.001s] Level 1:colcon.colcon_core.environment:checking '/home/sarah/ros2_ws/install/tuos_task_sims' for CMake module files
[2.001s] DEBUG:colcon.colcon_core.event_handler.log_command:Invoked command in '/home/sarah/ros2_ws/build/tuos_task_sims' returned '0': AMENT_PREFIX_PATH=/home/sarah/ros2_ws/install/tuos_simulations:${AMENT_PREFIX_PATH} CMAKE_PREFIX_PATH=/home/sarah/ros2_ws/install/tuos_simulations:/opt/ros/humble /usr/bin/cmake --install /home/sarah/ros2_ws/build/tuos_task_sims
[2.002s] Level 1:colcon.colcon_core.environment:checking '/home/sarah/ros2_ws/install/tuos_task_sims' for CMake config files
[2.002s] Level 1:colcon.colcon_core.shell:create_environment_hook('tuos_task_sims', 'cmake_prefix_path')
[2.002s] INFO:colcon.colcon_core.shell:Creating environment hook '/home/sarah/ros2_ws/install/tuos_task_sims/share/tuos_task_sims/hook/cmake_prefix_path.ps1'
[2.002s] INFO:colcon.colcon_core.shell:Creating environment descriptor '/home/sarah/ros2_ws/install/tuos_task_sims/share/tuos_task_sims/hook/cmake_prefix_path.dsv'
[2.003s] INFO:colcon.colcon_core.shell:Creating environment hook '/home/sarah/ros2_ws/install/tuos_task_sims/share/tuos_task_sims/hook/cmake_prefix_path.sh'
[2.003s] Level 1:colcon.colcon_core.environment:checking '/home/sarah/ros2_ws/install/tuos_task_sims/bin'
[2.003s] Level 1:colcon.colcon_core.environment:checking '/home/sarah/ros2_ws/install/tuos_task_sims/lib/pkgconfig/tuos_task_sims.pc'
[2.003s] Level 1:colcon.colcon_core.environment:checking '/home/sarah/ros2_ws/install/tuos_task_sims/lib/python3.10/site-packages'
[2.003s] Level 1:colcon.colcon_core.environment:checking '/home/sarah/ros2_ws/install/tuos_task_sims/bin'
[2.004s] INFO:colcon.colcon_core.shell:Creating package script '/home/sarah/ros2_ws/install/tuos_task_sims/share/tuos_task_sims/package.ps1'
[2.004s] INFO:colcon.colcon_core.shell:Creating package descriptor '/home/sarah/ros2_ws/install/tuos_task_sims/share/tuos_task_sims/package.dsv'
[2.004s] INFO:colcon.colcon_core.shell:Creating package script '/home/sarah/ros2_ws/install/tuos_task_sims/share/tuos_task_sims/package.sh'
[2.004s] INFO:colcon.colcon_core.shell:Creating package script '/home/sarah/ros2_ws/install/tuos_task_sims/share/tuos_task_sims/package.bash'
[2.004s] INFO:colcon.colcon_core.shell:Creating package script '/home/sarah/ros2_ws/install/tuos_task_sims/share/tuos_task_sims/package.zsh'
[2.005s] Level 1:colcon.colcon_core.environment:create_file_with_runtime_dependencies(/home/sarah/ros2_ws/install/tuos_task_sims/share/colcon-core/packages/tuos_task_sims)
[2.005s] Level 1:colcon.colcon_core.environment:create_environment_scripts_only(tuos_task_sims)
[2.005s] Level 1:colcon.colcon_core.environment:checking '/home/sarah/ros2_ws/install/tuos_task_sims' for CMake module files
[2.005s] Level 1:colcon.colcon_core.environment:checking '/home/sarah/ros2_ws/install/tuos_task_sims' for CMake config files
[2.006s] Level 1:colcon.colcon_core.shell:create_environment_hook('tuos_task_sims', 'cmake_prefix_path')
[2.006s] INFO:colcon.colcon_core.shell:Creating environment hook '/home/sarah/ros2_ws/install/tuos_task_sims/share/tuos_task_sims/hook/cmake_prefix_path.ps1'
[2.006s] INFO:colcon.colcon_core.shell:Creating environment descriptor '/home/sarah/ros2_ws/install/tuos_task_sims/share/tuos_task_sims/hook/cmake_prefix_path.dsv'
[2.006s] INFO:colcon.colcon_core.shell:Creating environment hook '/home/sarah/ros2_ws/install/tuos_task_sims/share/tuos_task_sims/hook/cmake_prefix_path.sh'
[2.007s] Level 1:colcon.colcon_core.environment:checking '/home/sarah/ros2_ws/install/tuos_task_sims/bin'
[2.007s] Level 1:colcon.colcon_core.environment:checking '/home/sarah/ros2_ws/install/tuos_task_sims/lib/pkgconfig/tuos_task_sims.pc'
[2.007s] Level 1:colcon.colcon_core.environment:checking '/home/sarah/ros2_ws/install/tuos_task_sims/lib/python3.10/site-packages'
[2.007s] Level 1:colcon.colcon_core.environment:checking '/home/sarah/ros2_ws/install/tuos_task_sims/bin'
[2.007s] INFO:colcon.colcon_core.shell:Creating package script '/home/sarah/ros2_ws/install/tuos_task_sims/share/tuos_task_sims/package.ps1'
[2.007s] INFO:colcon.colcon_core.shell:Creating package descriptor '/home/sarah/ros2_ws/install/tuos_task_sims/share/tuos_task_sims/package.dsv'
[2.008s] INFO:colcon.colcon_core.shell:Creating package script '/home/sarah/ros2_ws/install/tuos_task_sims/share/tuos_task_sims/package.sh'
[2.008s] INFO:colcon.colcon_core.shell:Creating package script '/home/sarah/ros2_ws/install/tuos_task_sims/share/tuos_task_sims/package.bash'
[2.008s] INFO:colcon.colcon_core.shell:Creating package script '/home/sarah/ros2_ws/install/tuos_task_sims/share/tuos_task_sims/package.zsh'
[2.008s] Level 1:colcon.colcon_core.environment:create_file_with_runtime_dependencies(/home/sarah/ros2_ws/install/tuos_task_sims/share/colcon-core/packages/tuos_task_sims)
[2.781s] DEBUG:colcon.colcon_core.event_handler.log_command:Invoked command in '/home/sarah/ros2_ws/build/tuos_interfaces' returned '0': CMAKE_PREFIX_PATH=/opt/ros/humble /usr/bin/cmake --build /home/sarah/ros2_ws/build/tuos_interfaces -- -j12 -l12
[2.782s] DEBUG:colcon.colcon_core.event_handler.log_command:Invoking command in '/home/sarah/ros2_ws/build/tuos_interfaces': CMAKE_PREFIX_PATH=/opt/ros/humble /usr/bin/cmake --install /home/sarah/ros2_ws/build/tuos_interfaces
[2.834s] Level 1:colcon.colcon_core.environment:create_environment_scripts_only(tuos_interfaces)
[2.834s] Level 1:colcon.colcon_core.environment:checking '/home/sarah/ros2_ws/install/tuos_interfaces' for CMake module files
[2.835s] DEBUG:colcon.colcon_core.event_handler.log_command:Invoked command in '/home/sarah/ros2_ws/build/tuos_interfaces' returned '0': CMAKE_PREFIX_PATH=/opt/ros/humble /usr/bin/cmake --install /home/sarah/ros2_ws/build/tuos_interfaces
[2.835s] Level 1:colcon.colcon_core.environment:checking '/home/sarah/ros2_ws/install/tuos_interfaces' for CMake config files
[2.835s] Level 1:colcon.colcon_core.shell:create_environment_hook('tuos_interfaces', 'cmake_prefix_path')
[2.836s] INFO:colcon.colcon_core.shell:Creating environment hook '/home/sarah/ros2_ws/install/tuos_interfaces/share/tuos_interfaces/hook/cmake_prefix_path.ps1'
[2.836s] INFO:colcon.colcon_core.shell:Creating environment descriptor '/home/sarah/ros2_ws/install/tuos_interfaces/share/tuos_interfaces/hook/cmake_prefix_path.dsv'
[2.836s] INFO:colcon.colcon_core.shell:Creating environment hook '/home/sarah/ros2_ws/install/tuos_interfaces/share/tuos_interfaces/hook/cmake_prefix_path.sh'
[2.837s] Level 1:colcon.colcon_core.environment:checking '/home/sarah/ros2_ws/install/tuos_interfaces/lib'
[2.837s] Level 1:colcon.colcon_core.shell:create_environment_hook('tuos_interfaces', 'ld_library_path_lib')
[2.837s] INFO:colcon.colcon_core.shell:Creating environment hook '/home/sarah/ros2_ws/install/tuos_interfaces/share/tuos_interfaces/hook/ld_library_path_lib.ps1'
[2.837s] INFO:colcon.colcon_core.shell:Creating environment descriptor '/home/sarah/ros2_ws/install/tuos_interfaces/share/tuos_interfaces/hook/ld_library_path_lib.dsv'
[2.837s] INFO:colcon.colcon_core.shell:Creating environment hook '/home/sarah/ros2_ws/install/tuos_interfaces/share/tuos_interfaces/hook/ld_library_path_lib.sh'
[2.837s] Level 1:colcon.colcon_core.environment:checking '/home/sarah/ros2_ws/install/tuos_interfaces/bin'
[2.837s] Level 1:colcon.colcon_core.environment:checking '/home/sarah/ros2_ws/install/tuos_interfaces/lib/pkgconfig/tuos_interfaces.pc'
[2.838s] Level 1:colcon.colcon_core.environment:checking '/home/sarah/ros2_ws/install/tuos_interfaces/lib/python3.10/site-packages'
[2.838s] Level 1:colcon.colcon_core.environment:checking '/home/sarah/ros2_ws/install/tuos_interfaces/bin'
[2.838s] INFO:colcon.colcon_core.shell:Creating package script '/home/sarah/ros2_ws/install/tuos_interfaces/share/tuos_interfaces/package.ps1'
[2.838s] INFO:colcon.colcon_core.shell:Creating package descriptor '/home/sarah/ros2_ws/install/tuos_interfaces/share/tuos_interfaces/package.dsv'
[2.839s] INFO:colcon.colcon_core.shell:Creating package script '/home/sarah/ros2_ws/install/tuos_interfaces/share/tuos_interfaces/package.sh'
[2.839s] INFO:colcon.colcon_core.shell:Creating package script '/home/sarah/ros2_ws/install/tuos_interfaces/share/tuos_interfaces/package.bash'
[2.839s] INFO:colcon.colcon_core.shell:Creating package script '/home/sarah/ros2_ws/install/tuos_interfaces/share/tuos_interfaces/package.zsh'
[2.839s] Level 1:colcon.colcon_core.environment:create_file_with_runtime_dependencies(/home/sarah/ros2_ws/install/tuos_interfaces/share/colcon-core/packages/tuos_interfaces)
[2.840s] Level 1:colcon.colcon_core.environment:create_environment_scripts_only(tuos_interfaces)
[2.840s] Level 1:colcon.colcon_core.environment:checking '/home/sarah/ros2_ws/install/tuos_interfaces' for CMake module files
[2.840s] Level 1:colcon.colcon_core.environment:checking '/home/sarah/ros2_ws/install/tuos_interfaces' for CMake config files
[2.840s] Level 1:colcon.colcon_core.shell:create_environment_hook('tuos_interfaces', 'cmake_prefix_path')
[2.840s] INFO:colcon.colcon_core.shell:Creating environment hook '/home/sarah/ros2_ws/install/tuos_interfaces/share/tuos_interfaces/hook/cmake_prefix_path.ps1'
[2.841s] INFO:colcon.colcon_core.shell:Creating environment descriptor '/home/sarah/ros2_ws/install/tuos_interfaces/share/tuos_interfaces/hook/cmake_prefix_path.dsv'
[2.841s] INFO:colcon.colcon_core.shell:Creating environment hook '/home/sarah/ros2_ws/install/tuos_interfaces/share/tuos_interfaces/hook/cmake_prefix_path.sh'
[2.841s] Level 1:colcon.colcon_core.environment:checking '/home/sarah/ros2_ws/install/tuos_interfaces/lib'
[2.841s] Level 1:colcon.colcon_core.shell:create_environment_hook('tuos_interfaces', 'ld_library_path_lib')
[2.841s] INFO:colcon.colcon_core.shell:Creating environment hook '/home/sarah/ros2_ws/install/tuos_interfaces/share/tuos_interfaces/hook/ld_library_path_lib.ps1'
[2.841s] INFO:colcon.colcon_core.shell:Creating environment descriptor '/home/sarah/ros2_ws/install/tuos_interfaces/share/tuos_interfaces/hook/ld_library_path_lib.dsv'
[2.842s] INFO:colcon.colcon_core.shell:Creating environment hook '/home/sarah/ros2_ws/install/tuos_interfaces/share/tuos_interfaces/hook/ld_library_path_lib.sh'
[2.842s] Level 1:colcon.colcon_core.environment:checking '/home/sarah/ros2_ws/install/tuos_interfaces/bin'
[2.842s] Level 1:colcon.colcon_core.environment:checking '/home/sarah/ros2_ws/install/tuos_interfaces/lib/pkgconfig/tuos_interfaces.pc'
[2.842s] Level 1:colcon.colcon_core.environment:checking '/home/sarah/ros2_ws/install/tuos_interfaces/lib/python3.10/site-packages'
[2.842s] Level 1:colcon.colcon_core.environment:checking '/home/sarah/ros2_ws/install/tuos_interfaces/bin'
[2.842s] INFO:colcon.colcon_core.shell:Creating package script '/home/sarah/ros2_ws/install/tuos_interfaces/share/tuos_interfaces/package.ps1'
[2.843s] INFO:colcon.colcon_core.shell:Creating package descriptor '/home/sarah/ros2_ws/install/tuos_interfaces/share/tuos_interfaces/package.dsv'
[2.843s] INFO:colcon.colcon_core.shell:Creating package script '/home/sarah/ros2_ws/install/tuos_interfaces/share/tuos_interfaces/package.sh'
[2.843s] INFO:colcon.colcon_core.shell:Creating package script '/home/sarah/ros2_ws/install/tuos_interfaces/share/tuos_interfaces/package.bash'
[2.844s] INFO:colcon.colcon_core.shell:Creating package script '/home/sarah/ros2_ws/install/tuos_interfaces/share/tuos_interfaces/package.zsh'
[2.844s] Level 1:colcon.colcon_core.environment:create_file_with_runtime_dependencies(/home/sarah/ros2_ws/install/tuos_interfaces/share/colcon-core/packages/tuos_interfaces)
[2.844s] INFO:colcon.colcon_ros.task.ament_cmake.build:Building ROS package in '/home/sarah/ros2_ws/src/tuos_ros/tuos_ros' with build type 'ament_cmake'
[2.844s] INFO:colcon.colcon_cmake.task.cmake.build:Building CMake package in '/home/sarah/ros2_ws/src/tuos_ros/tuos_ros'
[2.844s] INFO:colcon.colcon_core.shell:Skip shell extension 'powershell' for command environment: Not usable outside of PowerShell
[2.844s] DEBUG:colcon.colcon_core.shell:Skip shell extension 'dsv' for command environment
[2.852s] DEBUG:colcon.colcon_core.event_handler.log_command:Invoking command in '/home/sarah/ros2_ws/build/tuos_ros': AMENT_PREFIX_PATH=/home/sarah/ros2_ws/install/tuos_task_sims:/home/sarah/ros2_ws/install/tuos_tb3_tools:/home/sarah/ros2_ws/install/tuos_simulations:/home/sarah/ros2_ws/install/tuos_interfaces:/home/sarah/ros2_ws/install/tuos_examples:${AMENT_PREFIX_PATH} CMAKE_PREFIX_PATH=/home/sarah/ros2_ws/install/tuos_task_sims:/home/sarah/ros2_ws/install/tuos_tb3_tools:/home/sarah/ros2_ws/install/tuos_simulations:/home/sarah/ros2_ws/install/tuos_interfaces:/home/sarah/ros2_ws/install/tuos_examples:/opt/ros/humble LD_LIBRARY_PATH=/home/sarah/ros2_ws/install/tuos_interfaces/lib:${LD_LIBRARY_PATH} PYTHONPATH=/home/sarah/ros2_ws/install/tuos_interfaces/local/lib/python3.10/dist-packages:/home/sarah/ros2_ws/install/tuos_examples/local/lib/python3.10/dist-packages:${PYTHONPATH} /usr/bin/cmake /home/sarah/ros2_ws/src/tuos_ros/tuos_ros -DCMAKE_INSTALL_PREFIX=/home/sarah/ros2_ws/install/tuos_ros
[3.359s] DEBUG:colcon.colcon_core.event_handler.log_command:Invoked command in '/home/sarah/ros2_ws/build/tuos_ros' returned '0': AMENT_PREFIX_PATH=/home/sarah/ros2_ws/install/tuos_task_sims:/home/sarah/ros2_ws/install/tuos_tb3_tools:/home/sarah/ros2_ws/install/tuos_simulations:/home/sarah/ros2_ws/install/tuos_interfaces:/home/sarah/ros2_ws/install/tuos_examples:${AMENT_PREFIX_PATH} CMAKE_PREFIX_PATH=/home/sarah/ros2_ws/install/tuos_task_sims:/home/sarah/ros2_ws/install/tuos_tb3_tools:/home/sarah/ros2_ws/install/tuos_simulations:/home/sarah/ros2_ws/install/tuos_interfaces:/home/sarah/ros2_ws/install/tuos_examples:/opt/ros/humble LD_LIBRARY_PATH=/home/sarah/ros2_ws/install/tuos_interfaces/lib:${LD_LIBRARY_PATH} PYTHONPATH=/home/sarah/ros2_ws/install/tuos_interfaces/local/lib/python3.10/dist-packages:/home/sarah/ros2_ws/install/tuos_examples/local/lib/python3.10/dist-packages:${PYTHONPATH} /usr/bin/cmake /home/sarah/ros2_ws/src/tuos_ros/tuos_ros -DCMAKE_INSTALL_PREFIX=/home/sarah/ros2_ws/install/tuos_ros
[3.361s] DEBUG:colcon.colcon_core.event_handler.log_command:Invoking command in '/home/sarah/ros2_ws/build/tuos_ros': AMENT_PREFIX_PATH=/home/sarah/ros2_ws/install/tuos_task_sims:/home/sarah/ros2_ws/install/tuos_tb3_tools:/home/sarah/ros2_ws/install/tuos_simulations:/home/sarah/ros2_ws/install/tuos_interfaces:/home/sarah/ros2_ws/install/tuos_examples:${AMENT_PREFIX_PATH} CMAKE_PREFIX_PATH=/home/sarah/ros2_ws/install/tuos_task_sims:/home/sarah/ros2_ws/install/tuos_tb3_tools:/home/sarah/ros2_ws/install/tuos_simulations:/home/sarah/ros2_ws/install/tuos_interfaces:/home/sarah/ros2_ws/install/tuos_examples:/opt/ros/humble LD_LIBRARY_PATH=/home/sarah/ros2_ws/install/tuos_interfaces/lib:${LD_LIBRARY_PATH} PYTHONPATH=/home/sarah/ros2_ws/install/tuos_interfaces/local/lib/python3.10/dist-packages:/home/sarah/ros2_ws/install/tuos_examples/local/lib/python3.10/dist-packages:${PYTHONPATH} /usr/bin/cmake --build /home/sarah/ros2_ws/build/tuos_ros -- -j12 -l12
[3.398s] DEBUG:colcon.colcon_core.event_handler.log_command:Invoked command in '/home/sarah/ros2_ws/build/tuos_ros' returned '0': AMENT_PREFIX_PATH=/home/sarah/ros2_ws/install/tuos_task_sims:/home/sarah/ros2_ws/install/tuos_tb3_tools:/home/sarah/ros2_ws/install/tuos_simulations:/home/sarah/ros2_ws/install/tuos_interfaces:/home/sarah/ros2_ws/install/tuos_examples:${AMENT_PREFIX_PATH} CMAKE_PREFIX_PATH=/home/sarah/ros2_ws/install/tuos_task_sims:/home/sarah/ros2_ws/install/tuos_tb3_tools:/home/sarah/ros2_ws/install/tuos_simulations:/home/sarah/ros2_ws/install/tuos_interfaces:/home/sarah/ros2_ws/install/tuos_examples:/opt/ros/humble LD_LIBRARY_PATH=/home/sarah/ros2_ws/install/tuos_interfaces/lib:${LD_LIBRARY_PATH} PYTHONPATH=/home/sarah/ros2_ws/install/tuos_interfaces/local/lib/python3.10/dist-packages:/home/sarah/ros2_ws/install/tuos_examples/local/lib/python3.10/dist-packages:${PYTHONPATH} /usr/bin/cmake --build /home/sarah/ros2_ws/build/tuos_ros -- -j12 -l12
[3.400s] DEBUG:colcon.colcon_core.event_handler.log_command:Invoking command in '/home/sarah/ros2_ws/build/tuos_ros': AMENT_PREFIX_PATH=/home/sarah/ros2_ws/install/tuos_task_sims:/home/sarah/ros2_ws/install/tuos_tb3_tools:/home/sarah/ros2_ws/install/tuos_simulations:/home/sarah/ros2_ws/install/tuos_interfaces:/home/sarah/ros2_ws/install/tuos_examples:${AMENT_PREFIX_PATH} CMAKE_PREFIX_PATH=/home/sarah/ros2_ws/install/tuos_task_sims:/home/sarah/ros2_ws/install/tuos_tb3_tools:/home/sarah/ros2_ws/install/tuos_simulations:/home/sarah/ros2_ws/install/tuos_interfaces:/home/sarah/ros2_ws/install/tuos_examples:/opt/ros/humble LD_LIBRARY_PATH=/home/sarah/ros2_ws/install/tuos_interfaces/lib:${LD_LIBRARY_PATH} PYTHONPATH=/home/sarah/ros2_ws/install/tuos_interfaces/local/lib/python3.10/dist-packages:/home/sarah/ros2_ws/install/tuos_examples/local/lib/python3.10/dist-packages:${PYTHONPATH} /usr/bin/cmake --install /home/sarah/ros2_ws/build/tuos_ros
[3.409s] Level 1:colcon.colcon_core.environment:create_environment_scripts_only(tuos_ros)
[3.409s] Level 1:colcon.colcon_core.environment:checking '/home/sarah/ros2_ws/install/tuos_ros' for CMake module files
[3.409s] DEBUG:colcon.colcon_core.event_handler.log_command:Invoked command in '/home/sarah/ros2_ws/build/tuos_ros' returned '0': AMENT_PREFIX_PATH=/home/sarah/ros2_ws/install/tuos_task_sims:/home/sarah/ros2_ws/install/tuos_tb3_tools:/home/sarah/ros2_ws/install/tuos_simulations:/home/sarah/ros2_ws/install/tuos_interfaces:/home/sarah/ros2_ws/install/tuos_examples:${AMENT_PREFIX_PATH} CMAKE_PREFIX_PATH=/home/sarah/ros2_ws/install/tuos_task_sims:/home/sarah/ros2_ws/install/tuos_tb3_tools:/home/sarah/ros2_ws/install/tuos_simulations:/home/sarah/ros2_ws/install/tuos_interfaces:/home/sarah/ros2_ws/install/tuos_examples:/opt/ros/humble LD_LIBRARY_PATH=/home/sarah/ros2_ws/install/tuos_interfaces/lib:${LD_LIBRARY_PATH} PYTHONPATH=/home/sarah/ros2_ws/install/tuos_interfaces/local/lib/python3.10/dist-packages:/home/sarah/ros2_ws/install/tuos_examples/local/lib/python3.10/dist-packages:${PYTHONPATH} /usr/bin/cmake --install /home/sarah/ros2_ws/build/tuos_ros
[3.409s] Level 1:colcon.colcon_core.environment:checking '/home/sarah/ros2_ws/install/tuos_ros' for CMake config files
[3.410s] Level 1:colcon.colcon_core.shell:create_environment_hook('tuos_ros', 'cmake_prefix_path')
[3.410s] INFO:colcon.colcon_core.shell:Creating environment hook '/home/sarah/ros2_ws/install/tuos_ros/share/tuos_ros/hook/cmake_prefix_path.ps1'
[3.410s] INFO:colcon.colcon_core.shell:Creating environment descriptor '/home/sarah/ros2_ws/install/tuos_ros/share/tuos_ros/hook/cmake_prefix_path.dsv'
[3.410s] INFO:colcon.colcon_core.shell:Creating environment hook '/home/sarah/ros2_ws/install/tuos_ros/share/tuos_ros/hook/cmake_prefix_path.sh'
[3.410s] Level 1:colcon.colcon_core.environment:checking '/home/sarah/ros2_ws/install/tuos_ros/bin'
[3.410s] Level 1:colcon.colcon_core.environment:checking '/home/sarah/ros2_ws/install/tuos_ros/lib/pkgconfig/tuos_ros.pc'
[3.411s] Level 1:colcon.colcon_core.environment:checking '/home/sarah/ros2_ws/install/tuos_ros/lib/python3.10/site-packages'
[3.411s] Level 1:colcon.colcon_core.environment:checking '/home/sarah/ros2_ws/install/tuos_ros/bin'
[3.411s] INFO:colcon.colcon_core.shell:Creating package script '/home/sarah/ros2_ws/install/tuos_ros/share/tuos_ros/package.ps1'
[3.411s] INFO:colcon.colcon_core.shell:Creating package descriptor '/home/sarah/ros2_ws/install/tuos_ros/share/tuos_ros/package.dsv'
[3.412s] INFO:colcon.colcon_core.shell:Creating package script '/home/sarah/ros2_ws/install/tuos_ros/share/tuos_ros/package.sh'
[3.412s] INFO:colcon.colcon_core.shell:Creating package script '/home/sarah/ros2_ws/install/tuos_ros/share/tuos_ros/package.bash'
[3.412s] INFO:colcon.colcon_core.shell:Creating package script '/home/sarah/ros2_ws/install/tuos_ros/share/tuos_ros/package.zsh'
[3.412s] Level 1:colcon.colcon_core.environment:create_file_with_runtime_dependencies(/home/sarah/ros2_ws/install/tuos_ros/share/colcon-core/packages/tuos_ros)
[3.413s] Level 1:colcon.colcon_core.environment:create_environment_scripts_only(tuos_ros)
[3.413s] Level 1:colcon.colcon_core.environment:checking '/home/sarah/ros2_ws/install/tuos_ros' for CMake module files
[3.413s] Level 1:colcon.colcon_core.environment:checking '/home/sarah/ros2_ws/install/tuos_ros' for CMake config files
[3.413s] Level 1:colcon.colcon_core.shell:create_environment_hook('tuos_ros', 'cmake_prefix_path')
[3.413s] INFO:colcon.colcon_core.shell:Creating environment hook '/home/sarah/ros2_ws/install/tuos_ros/share/tuos_ros/hook/cmake_prefix_path.ps1'
[3.414s] INFO:colcon.colcon_core.shell:Creating environment descriptor '/home/sarah/ros2_ws/install/tuos_ros/share/tuos_ros/hook/cmake_prefix_path.dsv'
[3.414s] INFO:colcon.colcon_core.shell:Creating environment hook '/home/sarah/ros2_ws/install/tuos_ros/share/tuos_ros/hook/cmake_prefix_path.sh'
[3.414s] Level 1:colcon.colcon_core.environment:checking '/home/sarah/ros2_ws/install/tuos_ros/bin'
[3.414s] Level 1:colcon.colcon_core.environment:checking '/home/sarah/ros2_ws/install/tuos_ros/lib/pkgconfig/tuos_ros.pc'
[3.415s] Level 1:colcon.colcon_core.environment:checking '/home/sarah/ros2_ws/install/tuos_ros/lib/python3.10/site-packages'
[3.415s] Level 1:colcon.colcon_core.environment:checking '/home/sarah/ros2_ws/install/tuos_ros/bin'
[3.415s] INFO:colcon.colcon_core.shell:Creating package script '/home/sarah/ros2_ws/install/tuos_ros/share/tuos_ros/package.ps1'
[3.416s] INFO:colcon.colcon_core.shell:Creating package descriptor '/home/sarah/ros2_ws/install/tuos_ros/share/tuos_ros/package.dsv'
[3.416s] INFO:colcon.colcon_core.shell:Creating package script '/home/sarah/ros2_ws/install/tuos_ros/share/tuos_ros/package.sh'
[3.416s] INFO:colcon.colcon_core.shell:Creating package script '/home/sarah/ros2_ws/install/tuos_ros/share/tuos_ros/package.bash'
[3.417s] INFO:colcon.colcon_core.shell:Creating package script '/home/sarah/ros2_ws/install/tuos_ros/share/tuos_ros/package.zsh'
[3.417s] Level 1:colcon.colcon_core.environment:create_file_with_runtime_dependencies(/home/sarah/ros2_ws/install/tuos_ros/share/colcon-core/packages/tuos_ros)
[3.417s] DEBUG:colcon.colcon_parallel_executor.executor.parallel:closing loop
[3.417s] DEBUG:colcon.colcon_parallel_executor.executor.parallel:loop closed
[3.418s] DEBUG:colcon.colcon_parallel_executor.executor.parallel:run_until_complete finished with '0'
[3.418s] DEBUG:colcon.colcon_core.event_reactor:joining thread
[3.423s] INFO:colcon.colcon_core.plugin_system:Skipping extension 'colcon_notification.desktop_notification.terminal_notifier': Not used on non-Darwin systems
[3.423s] INFO:colcon.colcon_core.plugin_system:Skipping extension 'colcon_notification.desktop_notification.win32': Not used on non-Windows systems
[3.423s] INFO:colcon.colcon_notification.desktop_notification:Sending desktop notification using 'notify2'
[3.441s] DEBUG:colcon.colcon_core.event_reactor:joined thread
[3.441s] INFO:colcon.colcon_core.shell:Creating prefix script '/home/sarah/ros2_ws/install/local_setup.ps1'
[3.442s] INFO:colcon.colcon_core.shell:Creating prefix util module '/home/sarah/ros2_ws/install/_local_setup_util_ps1.py'
[3.443s] INFO:colcon.colcon_core.shell:Creating prefix chain script '/home/sarah/ros2_ws/install/setup.ps1'
[3.444s] INFO:colcon.colcon_core.shell:Creating prefix script '/home/sarah/ros2_ws/install/local_setup.sh'
[3.444s] INFO:colcon.colcon_core.shell:Creating prefix util module '/home/sarah/ros2_ws/install/_local_setup_util_sh.py'
[3.445s] INFO:colcon.colcon_core.shell:Creating prefix chain script '/home/sarah/ros2_ws/install/setup.sh'
[3.445s] INFO:colcon.colcon_core.shell:Creating prefix script '/home/sarah/ros2_ws/install/local_setup.bash'
[3.446s] INFO:colcon.colcon_core.shell:Creating prefix chain script '/home/sarah/ros2_ws/install/setup.bash'
[3.446s] INFO:colcon.colcon_core.shell:Creating prefix script '/home/sarah/ros2_ws/install/local_setup.zsh'
[3.447s] INFO:colcon.colcon_core.shell:Creating prefix chain script '/home/sarah/ros2_ws/install/setup.zsh'
