[0.008s] Invoking command in '/home/sarah/ros2_ws/build/part1_pubsub': CMAKE_PREFIX_PATH=${CMAKE_PREFIX_PATH}:/opt/ros/humble /usr/bin/cmake --build /home/sarah/ros2_ws/build/part1_pubsub -- -j12 -l12
[0.027s] -- Found rosidl_default_generators: 1.2.1 (/opt/ros/humble/share/rosidl_default_generators/cmake)
[0.027s] -- Found ament_cmake_core: 1.3.14 (/opt/ros/humble/share/ament_cmake_core/cmake)
[0.113s] -- Override CMake install command with custom implementation using symlinks instead of copying resources
[0.114s] -- Using all available rosidl_typesupport_c: rosidl_typesupport_fastrtps_c;rosidl_typesupport_introspection_c
[0.116s] -- Found rosidl_adapter: 3.1.8 (/opt/ros/humble/share/rosidl_adapter/cmake)
[0.140s] -- Using all available rosidl_typesupport_cpp: rosidl_typesupport_fastrtps_cpp;rosidl_typesupport_introspection_cpp
[0.349s] -- Found ament_cmake_ros: 0.10.0 (/opt/ros/humble/share/ament_cmake_ros/cmake)
[0.514s] -- Using all available rosidl_typesupport_c: rosidl_typesupport_fastrtps_c;rosidl_typesupport_introspection_c
[0.714s] -- Using all available rosidl_typesupport_cpp: rosidl_typesupport_fastrtps_cpp;rosidl_typesupport_introspection_cpp
[0.740s] -- Found PythonInterp: /usr/bin/python3 (found suitable version "3.10.12", minimum required is "3.6") 
[0.742s] -- Found python_cmake_module: 0.10.0 (/opt/ros/humble/share/python_cmake_module/cmake)
[0.763s] -- Found PythonLibs: /usr/lib/x86_64-linux-gnu/libpython3.10.so (found suitable version "3.10.12", minimum required is "3.5") 
[0.764s] -- Using PYTHON_EXECUTABLE: /usr/bin/python3
[0.764s] -- Using PYTHON_INCLUDE_DIRS: /usr/include/python3.10
[0.764s] -- Using PYTHON_LIBRARIES: /usr/lib/x86_64-linux-gnu/libpython3.10.so
[0.780s] -- Found PythonExtra: .so  
[0.840s] -- Found rclcpp: 16.0.19 (/opt/ros/humble/share/rclcpp/cmake)
[0.865s] -- Found rmw_implementation_cmake: 6.1.2 (/opt/ros/humble/share/rmw_implementation_cmake/cmake)
[0.866s] -- Found rmw_fastrtps_cpp: 6.2.10 (/opt/ros/humble/share/rmw_fastrtps_cpp/cmake)
[0.940s] -- Using RMW implementation 'rmw_fastrtps_cpp' as default
[0.973s] -- Found rclpy: 3.3.21 (/opt/ros/humble/share/rclpy/cmake)
[0.978s] -- Configuring done
[0.995s] -- Generating done
[1.001s] -- Build files have been written to: /home/sarah/ros2_ws/build/part1_pubsub
[1.027s] [  3%] [34m[1mGenerating C code for ROS interfaces[0m
[1.030s] [  6%] [34m[1mGenerating C++ code for ROS interfaces[0m
[1.038s] [  6%] Built target ament_cmake_python_symlink_part1_pubsub_modules
[1.039s] [  9%] [34m[1mGenerating Rust code for ROS interfaces[0m
[1.042s] [  9%] Built target ament_cmake_python_symlink_part1_pubsub
[1.206s] [  9%] Built target part1_pubsub__rs
[1.210s] [  9%] Built target part1_pubsub__cpp
[1.217s] [ 12%] [34m[1mGenerating C++ type support for eProsima Fast-RTPS[0m
[1.217s] [ 15%] [34m[1mGenerating C++ type support dispatch for ROS interfaces[0m
[1.219s] [ 18%] [34m[1mGenerating C++ introspection for ROS interfaces[0m
[1.221s] running egg_info
[1.222s] writing part1_pubsub_modules.egg-info/PKG-INFO
[1.222s] writing dependency_links to part1_pubsub_modules.egg-info/dependency_links.txt
[1.222s] writing top-level names to part1_pubsub_modules.egg-info/top_level.txt
[1.224s] reading manifest file 'part1_pubsub_modules.egg-info/SOURCES.txt'
[1.224s] writing manifest file 'part1_pubsub_modules.egg-info/SOURCES.txt'
[1.243s] running egg_info
[1.243s] creating part1_pubsub.egg-info
[1.243s] writing part1_pubsub.egg-info/PKG-INFO
[1.244s] writing dependency_links to part1_pubsub.egg-info/dependency_links.txt
[1.244s] writing top-level names to part1_pubsub.egg-info/top_level.txt
[1.244s] writing manifest file 'part1_pubsub.egg-info/SOURCES.txt'
[1.245s] reading manifest file 'part1_pubsub.egg-info/SOURCES.txt'
[1.246s] writing manifest file 'part1_pubsub.egg-info/SOURCES.txt'
[1.248s] [ 18%] Built target ament_cmake_python_build_part1_pubsub_modules_egg
[1.258s] [ 21%] [32mBuilding C object CMakeFiles/part1_pubsub__rosidl_generator_c.dir/rosidl_generator_c/part1_pubsub/msg/detail/example__functions.c.o[0m
[1.269s] [ 21%] Built target ament_cmake_python_build_part1_pubsub_egg
[1.289s] [ 25%] [32m[1mLinking C shared library libpart1_pubsub__rosidl_generator_c.so[0m
[1.319s] [ 25%] Built target part1_pubsub__rosidl_generator_c
[1.325s] [ 28%] [34m[1mGenerating C type support dispatch for ROS interfaces[0m
[1.327s] [ 34%] [34m[1mGenerating C type support for eProsima Fast-RTPS[0m
[1.327s] [ 34%] [34m[1mGenerating C introspection for ROS interfaces[0m
[1.375s] [ 37%] [32mBuilding CXX object CMakeFiles/part1_pubsub__rosidl_typesupport_cpp.dir/rosidl_typesupport_cpp/part1_pubsub/msg/example__type_support.cpp.o[0m
[1.379s] [ 40%] [32mBuilding CXX object CMakeFiles/part1_pubsub__rosidl_typesupport_fastrtps_cpp.dir/rosidl_typesupport_fastrtps_cpp/part1_pubsub/msg/detail/dds_fastrtps/example__type_support.cpp.o[0m
[1.408s] [ 43%] [32mBuilding CXX object CMakeFiles/part1_pubsub__rosidl_typesupport_introspection_cpp.dir/rosidl_typesupport_introspection_cpp/part1_pubsub/msg/detail/example__type_support.cpp.o[0m
[1.473s] [ 46%] [32mBuilding CXX object CMakeFiles/part1_pubsub__rosidl_typesupport_c.dir/rosidl_typesupport_c/part1_pubsub/msg/example__type_support.cpp.o[0m
[1.493s] [ 50%] [32m[1mLinking CXX shared library libpart1_pubsub__rosidl_typesupport_c.so[0m
[1.525s] [ 50%] Built target part1_pubsub__rosidl_typesupport_c
[1.531s] [ 53%] [32m[1mLinking CXX shared library libpart1_pubsub__rosidl_typesupport_cpp.so[0m
[1.565s] [ 53%] Built target part1_pubsub__rosidl_typesupport_cpp
[1.569s] [ 56%] [32mBuilding C object CMakeFiles/part1_pubsub__rosidl_typesupport_introspection_c.dir/rosidl_typesupport_introspection_c/part1_pubsub/msg/detail/example__type_support.c.o[0m
[1.575s] [ 59%] [32mBuilding CXX object CMakeFiles/part1_pubsub__rosidl_typesupport_fastrtps_c.dir/rosidl_typesupport_fastrtps_c/part1_pubsub/msg/detail/example__type_support_c.cpp.o[0m
[1.597s] [ 62%] [32m[1mLinking C shared library libpart1_pubsub__rosidl_typesupport_introspection_c.so[0m
[1.625s] [ 62%] Built target part1_pubsub__rosidl_typesupport_introspection_c
[1.633s] [ 65%] [32m[1mLinking CXX shared library libpart1_pubsub__rosidl_typesupport_fastrtps_cpp.so[0m
[1.645s] [ 68%] [32m[1mLinking CXX shared library libpart1_pubsub__rosidl_typesupport_introspection_cpp.so[0m
[1.701s] [ 68%] Built target part1_pubsub__rosidl_typesupport_introspection_cpp
[1.702s] [ 68%] Built target part1_pubsub__rosidl_typesupport_fastrtps_cpp
[1.793s] [ 71%] [32m[1mLinking CXX shared library libpart1_pubsub__rosidl_typesupport_fastrtps_c.so[0m
[1.845s] [ 71%] Built target part1_pubsub__rosidl_typesupport_fastrtps_c
[1.869s] [ 71%] Built target part1_pubsub
[1.893s] [ 75%] [34m[1mGenerating Python code for ROS interfaces[0m
[2.076s] [ 75%] Built target part1_pubsub__py
[2.099s] [ 78%] [32mBuilding C object CMakeFiles/part1_pubsub__rosidl_generator_py.dir/rosidl_generator_py/part1_pubsub/msg/_example_s.c.o[0m
[2.169s] [ 81%] [32m[1mLinking C shared library rosidl_generator_py/part1_pubsub/libpart1_pubsub__rosidl_generator_py.so[0m
[2.207s] [ 81%] Built target part1_pubsub__rosidl_generator_py
[2.222s] [ 84%] [32mBuilding C object CMakeFiles/part1_pubsub__rosidl_typesupport_introspection_c__pyext.dir/rosidl_generator_py/part1_pubsub/_part1_pubsub_s.ep.rosidl_typesupport_introspection_c.c.o[0m
[2.224s] [ 87%] [32mBuilding C object CMakeFiles/part1_pubsub__rosidl_typesupport_fastrtps_c__pyext.dir/rosidl_generator_py/part1_pubsub/_part1_pubsub_s.ep.rosidl_typesupport_fastrtps_c.c.o[0m
[2.225s] [ 90%] [32mBuilding C object CMakeFiles/part1_pubsub__rosidl_typesupport_c__pyext.dir/rosidl_generator_py/part1_pubsub/_part1_pubsub_s.ep.rosidl_typesupport_c.c.o[0m
[2.281s] [ 93%] [32m[1mLinking C shared library rosidl_generator_py/part1_pubsub/part1_pubsub_s__rosidl_typesupport_c.cpython-310-x86_64-linux-gnu.so[0m
[2.283s] [ 96%] [32m[1mLinking C shared library rosidl_generator_py/part1_pubsub/part1_pubsub_s__rosidl_typesupport_introspection_c.cpython-310-x86_64-linux-gnu.so[0m
[2.286s] [100%] [32m[1mLinking C shared library rosidl_generator_py/part1_pubsub/part1_pubsub_s__rosidl_typesupport_fastrtps_c.cpython-310-x86_64-linux-gnu.so[0m
[2.305s] [100%] Built target part1_pubsub__rosidl_typesupport_c__pyext
[2.308s] [100%] Built target part1_pubsub__rosidl_typesupport_introspection_c__pyext
[2.314s] [100%] Built target part1_pubsub__rosidl_typesupport_fastrtps_c__pyext
[2.324s] Invoked command in '/home/sarah/ros2_ws/build/part1_pubsub' returned '0': CMAKE_PREFIX_PATH=${CMAKE_PREFIX_PATH}:/opt/ros/humble /usr/bin/cmake --build /home/sarah/ros2_ws/build/part1_pubsub -- -j12 -l12
[2.335s] Invoking command in '/home/sarah/ros2_ws/build/part1_pubsub': CMAKE_PREFIX_PATH=${CMAKE_PREFIX_PATH}:/opt/ros/humble /usr/bin/cmake --install /home/sarah/ros2_ws/build/part1_pubsub
[2.347s] -- Install configuration: ""
[2.347s] -- Execute custom install script
[2.347s] -- Symlinking: /home/sarah/ros2_ws/install/part1_pubsub/share/ament_index/resource_index/rosidl_interfaces/part1_pubsub
[2.357s] -- Symlinking: /home/sarah/ros2_ws/install/part1_pubsub/include/part1_pubsub/part1_pubsub/msg/detail/example__functions.h
[2.367s] -- Symlinking: /home/sarah/ros2_ws/install/part1_pubsub/include/part1_pubsub/part1_pubsub/msg/detail/example__struct.h
[2.379s] -- Symlinking: /home/sarah/ros2_ws/install/part1_pubsub/include/part1_pubsub/part1_pubsub/msg/detail/example__type_support.h
[2.387s] -- Symlinking: /home/sarah/ros2_ws/install/part1_pubsub/include/part1_pubsub/part1_pubsub/msg/example.h
[2.393s] -- Symlinking: /home/sarah/ros2_ws/install/part1_pubsub/include/part1_pubsub/part1_pubsub/msg/rosidl_generator_c__visibility_control.h
[2.399s] -- Symlinking: /home/sarah/ros2_ws/install/part1_pubsub/share/part1_pubsub/environment/library_path.sh
[2.406s] -- Symlinking: /home/sarah/ros2_ws/install/part1_pubsub/share/part1_pubsub/environment/library_path.dsv
[2.415s] -- Symlinking: /home/sarah/ros2_ws/install/part1_pubsub/include/part1_pubsub/part1_pubsub/msg/detail/example__rosidl_typesupport_fastrtps_c.h
[2.421s] -- Symlinking: /home/sarah/ros2_ws/install/part1_pubsub/include/part1_pubsub/part1_pubsub/msg/rosidl_typesupport_fastrtps_c__visibility_control.h
[2.431s] -- Symlinking: /home/sarah/ros2_ws/install/part1_pubsub/include/part1_pubsub/part1_pubsub/msg/detail/example__rosidl_typesupport_introspection_c.h
[2.443s] -- Symlinking: /home/sarah/ros2_ws/install/part1_pubsub/include/part1_pubsub/part1_pubsub/msg/rosidl_typesupport_introspection_c__visibility_control.h
[2.453s] -- Symlinking: /home/sarah/ros2_ws/install/part1_pubsub/include/part1_pubsub/part1_pubsub/msg/detail/example__builder.hpp
[2.461s] -- Symlinking: /home/sarah/ros2_ws/install/part1_pubsub/include/part1_pubsub/part1_pubsub/msg/detail/example__struct.hpp
[2.470s] -- Symlinking: /home/sarah/ros2_ws/install/part1_pubsub/include/part1_pubsub/part1_pubsub/msg/detail/example__traits.hpp
[2.481s] -- Symlinking: /home/sarah/ros2_ws/install/part1_pubsub/include/part1_pubsub/part1_pubsub/msg/detail/example__type_support.hpp
[2.492s] -- Symlinking: /home/sarah/ros2_ws/install/part1_pubsub/include/part1_pubsub/part1_pubsub/msg/example.hpp
[2.503s] -- Symlinking: /home/sarah/ros2_ws/install/part1_pubsub/include/part1_pubsub/part1_pubsub/msg/rosidl_generator_cpp__visibility_control.hpp
[2.513s] -- Symlinking: /home/sarah/ros2_ws/install/part1_pubsub/include/part1_pubsub/part1_pubsub/msg/detail/example__rosidl_typesupport_fastrtps_cpp.hpp
[2.522s] -- Symlinking: /home/sarah/ros2_ws/install/part1_pubsub/include/part1_pubsub/part1_pubsub/msg/rosidl_typesupport_fastrtps_cpp__visibility_control.h
[2.532s] -- Symlinking: /home/sarah/ros2_ws/install/part1_pubsub/include/part1_pubsub/part1_pubsub/msg/detail/example__rosidl_typesupport_introspection_cpp.hpp
[2.543s] -- Up-to-date symlink: /home/sarah/ros2_ws/install/part1_pubsub/share/part1_pubsub/environment/pythonpath.sh
[2.543s] -- Up-to-date symlink: /home/sarah/ros2_ws/install/part1_pubsub/share/part1_pubsub/environment/pythonpath.dsv
[2.543s] -- Symlinking: /home/sarah/ros2_ws/install/part1_pubsub/local/lib/python3.10/dist-packages/part1_pubsub-0.0.0-py3.10.egg-info/PKG-INFO
[2.554s] -- Symlinking: /home/sarah/ros2_ws/install/part1_pubsub/local/lib/python3.10/dist-packages/part1_pubsub-0.0.0-py3.10.egg-info/SOURCES.txt
[2.562s] -- Symlinking: /home/sarah/ros2_ws/install/part1_pubsub/local/lib/python3.10/dist-packages/part1_pubsub-0.0.0-py3.10.egg-info/dependency_links.txt
[2.568s] -- Symlinking: /home/sarah/ros2_ws/install/part1_pubsub/local/lib/python3.10/dist-packages/part1_pubsub-0.0.0-py3.10.egg-info/top_level.txt
[2.576s] -- Symlinking: /home/sarah/ros2_ws/install/part1_pubsub/local/lib/python3.10/dist-packages/part1_pubsub/__init__.py
[2.582s] -- Symlinking: /home/sarah/ros2_ws/install/part1_pubsub/local/lib/python3.10/dist-packages/part1_pubsub/_part1_pubsub_s.ep.rosidl_typesupport_c.c
[2.589s] -- Symlinking: /home/sarah/ros2_ws/install/part1_pubsub/local/lib/python3.10/dist-packages/part1_pubsub/_part1_pubsub_s.ep.rosidl_typesupport_fastrtps_c.c
[2.597s] -- Symlinking: /home/sarah/ros2_ws/install/part1_pubsub/local/lib/python3.10/dist-packages/part1_pubsub/_part1_pubsub_s.ep.rosidl_typesupport_introspection_c.c
[2.608s] -- Symlinking: /home/sarah/ros2_ws/install/part1_pubsub/local/lib/python3.10/dist-packages/part1_pubsub/libpart1_pubsub__rosidl_generator_py.so
[2.615s] -- Symlinking: /home/sarah/ros2_ws/install/part1_pubsub/local/lib/python3.10/dist-packages/part1_pubsub/msg/__init__.py
[2.621s] -- Symlinking: /home/sarah/ros2_ws/install/part1_pubsub/local/lib/python3.10/dist-packages/part1_pubsub/msg/_example.py
[2.628s] -- Symlinking: /home/sarah/ros2_ws/install/part1_pubsub/local/lib/python3.10/dist-packages/part1_pubsub/msg/_example_s.c
[2.640s] -- Symlinking: /home/sarah/ros2_ws/install/part1_pubsub/local/lib/python3.10/dist-packages/part1_pubsub/part1_pubsub_s__rosidl_typesupport_c.cpython-310-x86_64-linux-gnu.so
[2.650s] -- Symlinking: /home/sarah/ros2_ws/install/part1_pubsub/local/lib/python3.10/dist-packages/part1_pubsub/part1_pubsub_s__rosidl_typesupport_fastrtps_c.cpython-310-x86_64-linux-gnu.so
[2.662s] -- Symlinking: /home/sarah/ros2_ws/install/part1_pubsub/local/lib/python3.10/dist-packages/part1_pubsub/part1_pubsub_s__rosidl_typesupport_introspection_c.cpython-310-x86_64-linux-gnu.so
[2.669s] -- Up-to-date symlink: /home/sarah/ros2_ws/install/part1_pubsub/local/lib/python3.10/dist-packages/part1_pubsub/part1_pubsub_s__rosidl_typesupport_fastrtps_c.cpython-310-x86_64-linux-gnu.so
[2.669s] -- Up-to-date symlink: /home/sarah/ros2_ws/install/part1_pubsub/local/lib/python3.10/dist-packages/part1_pubsub/part1_pubsub_s__rosidl_typesupport_introspection_c.cpython-310-x86_64-linux-gnu.so
[2.669s] -- Up-to-date symlink: /home/sarah/ros2_ws/install/part1_pubsub/local/lib/python3.10/dist-packages/part1_pubsub/part1_pubsub_s__rosidl_typesupport_c.cpython-310-x86_64-linux-gnu.so
[2.669s] -- Symlinking: /home/sarah/ros2_ws/install/part1_pubsub/share/ament_index/resource_index/rust_packages/part1_pubsub
[2.679s] -- Symlinking: /home/sarah/ros2_ws/install/part1_pubsub/share/part1_pubsub/rust/Cargo.toml
[2.690s] -- Symlinking: /home/sarah/ros2_ws/install/part1_pubsub/share/part1_pubsub/rust/build.rs
[2.700s] -- Symlinking: /home/sarah/ros2_ws/install/part1_pubsub/share/part1_pubsub/rust/src/lib.rs
[2.711s] -- Symlinking: /home/sarah/ros2_ws/install/part1_pubsub/share/part1_pubsub/rust/src/msg.rs
[2.723s] -- Symlinking: /home/sarah/ros2_ws/install/part1_pubsub/share/part1_pubsub/rust/src/msg/rmw.rs
[2.731s] -- Symlinking: /home/sarah/ros2_ws/install/part1_pubsub/share/part1_pubsub/msg/Example.idl
[2.744s] -- Symlinking: /home/sarah/ros2_ws/install/part1_pubsub/share/part1_pubsub/msg/Example.msg
[2.754s] -- Up-to-date symlink: /home/sarah/ros2_ws/install/part1_pubsub/local/lib/python3.10/dist-packages/part1_pubsub_modules-0.0.0-py3.10.egg-info/PKG-INFO
[2.755s] -- Up-to-date symlink: /home/sarah/ros2_ws/install/part1_pubsub/local/lib/python3.10/dist-packages/part1_pubsub_modules-0.0.0-py3.10.egg-info/SOURCES.txt
[2.755s] -- Up-to-date symlink: /home/sarah/ros2_ws/install/part1_pubsub/local/lib/python3.10/dist-packages/part1_pubsub_modules-0.0.0-py3.10.egg-info/dependency_links.txt
[2.755s] -- Up-to-date symlink: /home/sarah/ros2_ws/install/part1_pubsub/local/lib/python3.10/dist-packages/part1_pubsub_modules-0.0.0-py3.10.egg-info/top_level.txt
[2.755s] -- Up-to-date symlink: /home/sarah/ros2_ws/install/part1_pubsub/local/lib/python3.10/dist-packages/part1_pubsub_modules/__init__.py
[2.755s] -- Up-to-date symlink: /home/sarah/ros2_ws/install/part1_pubsub/local/lib/python3.10/dist-packages/part1_pubsub_modules/tb3_tools.py
[2.756s] -- Up-to-date symlink: /home/sarah/ros2_ws/install/part1_pubsub/lib/part1_pubsub/basic_velocity_control.py
[2.756s] -- Up-to-date symlink: /home/sarah/ros2_ws/install/part1_pubsub/lib/part1_pubsub/stop_me.py
[2.756s] -- Up-to-date symlink: /home/sarah/ros2_ws/install/part1_pubsub/lib/part1_pubsub/publisher.py
[2.756s] -- Up-to-date symlink: /home/sarah/ros2_ws/install/part1_pubsub/lib/part1_pubsub/subscriber.py
[2.756s] -- Up-to-date symlink: /home/sarah/ros2_ws/install/part1_pubsub/share/ament_index/resource_index/package_run_dependencies/part1_pubsub
[2.756s] -- Up-to-date symlink: /home/sarah/ros2_ws/install/part1_pubsub/share/ament_index/resource_index/parent_prefix_path/part1_pubsub
[2.756s] -- Up-to-date symlink: /home/sarah/ros2_ws/install/part1_pubsub/share/part1_pubsub/environment/ament_prefix_path.sh
[2.757s] -- Up-to-date symlink: /home/sarah/ros2_ws/install/part1_pubsub/share/part1_pubsub/environment/ament_prefix_path.dsv
[2.757s] -- Up-to-date symlink: /home/sarah/ros2_ws/install/part1_pubsub/share/part1_pubsub/environment/path.sh
[2.757s] -- Up-to-date symlink: /home/sarah/ros2_ws/install/part1_pubsub/share/part1_pubsub/environment/path.dsv
[2.757s] -- Up-to-date symlink: /home/sarah/ros2_ws/install/part1_pubsub/share/part1_pubsub/local_setup.bash
[2.757s] -- Up-to-date symlink: /home/sarah/ros2_ws/install/part1_pubsub/share/part1_pubsub/local_setup.sh
[2.757s] -- Up-to-date symlink: /home/sarah/ros2_ws/install/part1_pubsub/share/part1_pubsub/local_setup.zsh
[2.757s] -- Up-to-date symlink: /home/sarah/ros2_ws/install/part1_pubsub/share/part1_pubsub/local_setup.dsv
[2.757s] -- Symlinking: /home/sarah/ros2_ws/install/part1_pubsub/share/part1_pubsub/package.dsv
[2.768s] -- Up-to-date symlink: /home/sarah/ros2_ws/install/part1_pubsub/share/ament_index/resource_index/packages/part1_pubsub
[2.768s] -- Symlinking: /home/sarah/ros2_ws/install/part1_pubsub/share/part1_pubsub/cmake/rosidl_cmake-extras.cmake
[2.779s] -- Symlinking: /home/sarah/ros2_ws/install/part1_pubsub/share/part1_pubsub/cmake/ament_cmake_export_include_directories-extras.cmake
[2.790s] -- Symlinking: /home/sarah/ros2_ws/install/part1_pubsub/share/part1_pubsub/cmake/ament_cmake_export_libraries-extras.cmake
[2.801s] -- Symlinking: /home/sarah/ros2_ws/install/part1_pubsub/share/part1_pubsub/cmake/ament_cmake_export_targets-extras.cmake
[2.812s] -- Symlinking: /home/sarah/ros2_ws/install/part1_pubsub/share/part1_pubsub/cmake/rosidl_cmake_export_typesupport_targets-extras.cmake
[2.822s] -- Symlinking: /home/sarah/ros2_ws/install/part1_pubsub/share/part1_pubsub/cmake/ament_cmake_export_dependencies-extras.cmake
[2.832s] -- Symlinking: /home/sarah/ros2_ws/install/part1_pubsub/share/part1_pubsub/cmake/rosidl_cmake_export_typesupport_libraries-extras.cmake
[2.843s] -- Up-to-date symlink: /home/sarah/ros2_ws/install/part1_pubsub/share/part1_pubsub/cmake/part1_pubsubConfig.cmake
[2.843s] -- Up-to-date symlink: /home/sarah/ros2_ws/install/part1_pubsub/share/part1_pubsub/cmake/part1_pubsubConfig-version.cmake
[2.843s] -- Up-to-date symlink: /home/sarah/ros2_ws/install/part1_pubsub/share/part1_pubsub/package.xml
[2.843s] -- Installing: /home/sarah/ros2_ws/install/part1_pubsub/lib/libpart1_pubsub__rosidl_generator_c.so
[2.843s] -- Set runtime path of "/home/sarah/ros2_ws/install/part1_pubsub/lib/libpart1_pubsub__rosidl_generator_c.so" to ""
[2.843s] -- Installing: /home/sarah/ros2_ws/install/part1_pubsub/lib/libpart1_pubsub__rosidl_typesupport_fastrtps_c.so
[2.843s] -- Set runtime path of "/home/sarah/ros2_ws/install/part1_pubsub/lib/libpart1_pubsub__rosidl_typesupport_fastrtps_c.so" to ""
[2.843s] -- Installing: /home/sarah/ros2_ws/install/part1_pubsub/lib/libpart1_pubsub__rosidl_typesupport_introspection_c.so
[2.843s] -- Set runtime path of "/home/sarah/ros2_ws/install/part1_pubsub/lib/libpart1_pubsub__rosidl_typesupport_introspection_c.so" to ""
[2.844s] -- Installing: /home/sarah/ros2_ws/install/part1_pubsub/lib/libpart1_pubsub__rosidl_typesupport_c.so
[2.844s] -- Set runtime path of "/home/sarah/ros2_ws/install/part1_pubsub/lib/libpart1_pubsub__rosidl_typesupport_c.so" to ""
[2.844s] -- Installing: /home/sarah/ros2_ws/install/part1_pubsub/lib/libpart1_pubsub__rosidl_typesupport_fastrtps_cpp.so
[2.844s] -- Set runtime path of "/home/sarah/ros2_ws/install/part1_pubsub/lib/libpart1_pubsub__rosidl_typesupport_fastrtps_cpp.so" to ""
[2.844s] -- Installing: /home/sarah/ros2_ws/install/part1_pubsub/lib/libpart1_pubsub__rosidl_typesupport_introspection_cpp.so
[2.844s] -- Set runtime path of "/home/sarah/ros2_ws/install/part1_pubsub/lib/libpart1_pubsub__rosidl_typesupport_introspection_cpp.so" to ""
[2.844s] -- Installing: /home/sarah/ros2_ws/install/part1_pubsub/lib/libpart1_pubsub__rosidl_typesupport_cpp.so
[2.844s] -- Set runtime path of "/home/sarah/ros2_ws/install/part1_pubsub/lib/libpart1_pubsub__rosidl_typesupport_cpp.so" to ""
[2.873s] Listing '/home/sarah/ros2_ws/install/part1_pubsub/local/lib/python3.10/dist-packages/part1_pubsub'...
[2.873s] Compiling '/home/sarah/ros2_ws/install/part1_pubsub/local/lib/python3.10/dist-packages/part1_pubsub/__init__.py'...
[2.873s] Listing '/home/sarah/ros2_ws/install/part1_pubsub/local/lib/python3.10/dist-packages/part1_pubsub/msg'...
[2.873s] Compiling '/home/sarah/ros2_ws/install/part1_pubsub/local/lib/python3.10/dist-packages/part1_pubsub/msg/__init__.py'...
[2.873s] Compiling '/home/sarah/ros2_ws/install/part1_pubsub/local/lib/python3.10/dist-packages/part1_pubsub/msg/_example.py'...
[2.876s] -- Installing: /home/sarah/ros2_ws/install/part1_pubsub/lib/libpart1_pubsub__rosidl_generator_py.so
[2.876s] -- Set runtime path of "/home/sarah/ros2_ws/install/part1_pubsub/lib/libpart1_pubsub__rosidl_generator_py.so" to ""
[2.899s] Listing '/home/sarah/ros2_ws/install/part1_pubsub/local/lib/python3.10/dist-packages/part1_pubsub_modules'...
[2.902s] -- Installing: /home/sarah/ros2_ws/install/part1_pubsub/share/part1_pubsub/cmake/export_part1_pubsub__rosidl_generator_cExport.cmake
[2.902s] -- Installing: /home/sarah/ros2_ws/install/part1_pubsub/share/part1_pubsub/cmake/export_part1_pubsub__rosidl_generator_cExport-noconfig.cmake
[2.902s] -- Installing: /home/sarah/ros2_ws/install/part1_pubsub/share/part1_pubsub/cmake/export_part1_pubsub__rosidl_typesupport_fastrtps_cExport.cmake
[2.902s] -- Installing: /home/sarah/ros2_ws/install/part1_pubsub/share/part1_pubsub/cmake/export_part1_pubsub__rosidl_typesupport_fastrtps_cExport-noconfig.cmake
[2.902s] -- Installing: /home/sarah/ros2_ws/install/part1_pubsub/share/part1_pubsub/cmake/part1_pubsub__rosidl_typesupport_introspection_cExport.cmake
[2.903s] -- Installing: /home/sarah/ros2_ws/install/part1_pubsub/share/part1_pubsub/cmake/part1_pubsub__rosidl_typesupport_introspection_cExport-noconfig.cmake
[2.903s] -- Installing: /home/sarah/ros2_ws/install/part1_pubsub/share/part1_pubsub/cmake/part1_pubsub__rosidl_typesupport_cExport.cmake
[2.903s] -- Installing: /home/sarah/ros2_ws/install/part1_pubsub/share/part1_pubsub/cmake/part1_pubsub__rosidl_typesupport_cExport-noconfig.cmake
[2.903s] -- Installing: /home/sarah/ros2_ws/install/part1_pubsub/share/part1_pubsub/cmake/export_part1_pubsub__rosidl_generator_cppExport.cmake
[2.903s] -- Installing: /home/sarah/ros2_ws/install/part1_pubsub/share/part1_pubsub/cmake/export_part1_pubsub__rosidl_typesupport_fastrtps_cppExport.cmake
[2.903s] -- Installing: /home/sarah/ros2_ws/install/part1_pubsub/share/part1_pubsub/cmake/export_part1_pubsub__rosidl_typesupport_fastrtps_cppExport-noconfig.cmake
[2.903s] -- Installing: /home/sarah/ros2_ws/install/part1_pubsub/share/part1_pubsub/cmake/part1_pubsub__rosidl_typesupport_introspection_cppExport.cmake
[2.903s] -- Installing: /home/sarah/ros2_ws/install/part1_pubsub/share/part1_pubsub/cmake/part1_pubsub__rosidl_typesupport_introspection_cppExport-noconfig.cmake
[2.903s] -- Installing: /home/sarah/ros2_ws/install/part1_pubsub/share/part1_pubsub/cmake/part1_pubsub__rosidl_typesupport_cppExport.cmake
[2.903s] -- Installing: /home/sarah/ros2_ws/install/part1_pubsub/share/part1_pubsub/cmake/part1_pubsub__rosidl_typesupport_cppExport-noconfig.cmake
[2.903s] -- Installing: /home/sarah/ros2_ws/install/part1_pubsub/share/part1_pubsub/cmake/export_part1_pubsub__rosidl_generator_pyExport.cmake
[2.903s] -- Installing: /home/sarah/ros2_ws/install/part1_pubsub/share/part1_pubsub/cmake/export_part1_pubsub__rosidl_generator_pyExport-noconfig.cmake
[2.905s] Invoked command in '/home/sarah/ros2_ws/build/part1_pubsub' returned '0': CMAKE_PREFIX_PATH=${CMAKE_PREFIX_PATH}:/opt/ros/humble /usr/bin/cmake --install /home/sarah/ros2_ws/build/part1_pubsub
