[0.007s] Invoking command in '/home/sarah/ros2_ws/build/tuos_ros': AMENT_PREFIX_PATH=/home/sarah/ros2_ws/install/tuos_task_sims:/home/sarah/ros2_ws/install/tuos_tb3_tools:/home/sarah/ros2_ws/install/tuos_simulations:/home/sarah/ros2_ws/install/tuos_interfaces:/home/sarah/ros2_ws/install/tuos_examples:${AMENT_PREFIX_PATH} CMAKE_PREFIX_PATH=/home/sarah/ros2_ws/install/tuos_task_sims:/home/sarah/ros2_ws/install/tuos_tb3_tools:/home/sarah/ros2_ws/install/tuos_simulations:/home/sarah/ros2_ws/install/tuos_interfaces:/home/sarah/ros2_ws/install/tuos_examples:/opt/ros/humble LD_LIBRARY_PATH=/home/sarah/ros2_ws/install/tuos_interfaces/lib:${LD_LIBRARY_PATH} PYTHONPATH=/home/sarah/ros2_ws/install/tuos_interfaces/local/lib/python3.10/dist-packages:/home/sarah/ros2_ws/install/tuos_examples/local/lib/python3.10/dist-packages:${PYTHONPATH} /usr/bin/cmake /home/sarah/ros2_ws/src/tuos_ros/tuos_ros -DCMAKE_INSTALL_PREFIX=/home/sarah/ros2_ws/install/tuos_ros
[0.054s] -- The C compiler identification is GNU 11.4.0
[0.114s] -- The CXX compiler identification is GNU 11.4.0
[0.121s] -- Detecting C compiler ABI info
[0.195s] -- Detecting C compiler ABI info - done
[0.205s] -- Check for working C compiler: /usr/bin/cc - skipped
[0.206s] -- Detecting C compile features
[0.206s] -- Detecting C compile features - done
[0.211s] -- Detecting CXX compiler ABI info
[0.289s] -- Detecting CXX compiler ABI info - done
[0.294s] -- Check for working CXX compiler: /usr/bin/c++ - skipped
[0.294s] -- Detecting CXX compile features
[0.294s] -- Detecting CXX compile features - done
[0.296s] -- Found ament_cmake: 1.3.14 (/opt/ros/humble/share/ament_cmake/cmake)
[0.400s] -- Found Python3: /usr/bin/python3 (found version "3.10.12") found components: Interpreter 
[0.509s] -- Configuring done
[0.511s] -- Generating done
[0.512s] -- Build files have been written to: /home/sarah/ros2_ws/build/tuos_ros
[0.514s] Invoked command in '/home/sarah/ros2_ws/build/tuos_ros' returned '0': AMENT_PREFIX_PATH=/home/sarah/ros2_ws/install/tuos_task_sims:/home/sarah/ros2_ws/install/tuos_tb3_tools:/home/sarah/ros2_ws/install/tuos_simulations:/home/sarah/ros2_ws/install/tuos_interfaces:/home/sarah/ros2_ws/install/tuos_examples:${AMENT_PREFIX_PATH} CMAKE_PREFIX_PATH=/home/sarah/ros2_ws/install/tuos_task_sims:/home/sarah/ros2_ws/install/tuos_tb3_tools:/home/sarah/ros2_ws/install/tuos_simulations:/home/sarah/ros2_ws/install/tuos_interfaces:/home/sarah/ros2_ws/install/tuos_examples:/opt/ros/humble LD_LIBRARY_PATH=/home/sarah/ros2_ws/install/tuos_interfaces/lib:${LD_LIBRARY_PATH} PYTHONPATH=/home/sarah/ros2_ws/install/tuos_interfaces/local/lib/python3.10/dist-packages:/home/sarah/ros2_ws/install/tuos_examples/local/lib/python3.10/dist-packages:${PYTHONPATH} /usr/bin/cmake /home/sarah/ros2_ws/src/tuos_ros/tuos_ros -DCMAKE_INSTALL_PREFIX=/home/sarah/ros2_ws/install/tuos_ros
[0.516s] Invoking command in '/home/sarah/ros2_ws/build/tuos_ros': AMENT_PREFIX_PATH=/home/sarah/ros2_ws/install/tuos_task_sims:/home/sarah/ros2_ws/install/tuos_tb3_tools:/home/sarah/ros2_ws/install/tuos_simulations:/home/sarah/ros2_ws/install/tuos_interfaces:/home/sarah/ros2_ws/install/tuos_examples:${AMENT_PREFIX_PATH} CMAKE_PREFIX_PATH=/home/sarah/ros2_ws/install/tuos_task_sims:/home/sarah/ros2_ws/install/tuos_tb3_tools:/home/sarah/ros2_ws/install/tuos_simulations:/home/sarah/ros2_ws/install/tuos_interfaces:/home/sarah/ros2_ws/install/tuos_examples:/opt/ros/humble LD_LIBRARY_PATH=/home/sarah/ros2_ws/install/tuos_interfaces/lib:${LD_LIBRARY_PATH} PYTHONPATH=/home/sarah/ros2_ws/install/tuos_interfaces/local/lib/python3.10/dist-packages:/home/sarah/ros2_ws/install/tuos_examples/local/lib/python3.10/dist-packages:${PYTHONPATH} /usr/bin/cmake --build /home/sarah/ros2_ws/build/tuos_ros -- -j12 -l12
[0.553s] Invoked command in '/home/sarah/ros2_ws/build/tuos_ros' returned '0': AMENT_PREFIX_PATH=/home/sarah/ros2_ws/install/tuos_task_sims:/home/sarah/ros2_ws/install/tuos_tb3_tools:/home/sarah/ros2_ws/install/tuos_simulations:/home/sarah/ros2_ws/install/tuos_interfaces:/home/sarah/ros2_ws/install/tuos_examples:${AMENT_PREFIX_PATH} CMAKE_PREFIX_PATH=/home/sarah/ros2_ws/install/tuos_task_sims:/home/sarah/ros2_ws/install/tuos_tb3_tools:/home/sarah/ros2_ws/install/tuos_simulations:/home/sarah/ros2_ws/install/tuos_interfaces:/home/sarah/ros2_ws/install/tuos_examples:/opt/ros/humble LD_LIBRARY_PATH=/home/sarah/ros2_ws/install/tuos_interfaces/lib:${LD_LIBRARY_PATH} PYTHONPATH=/home/sarah/ros2_ws/install/tuos_interfaces/local/lib/python3.10/dist-packages:/home/sarah/ros2_ws/install/tuos_examples/local/lib/python3.10/dist-packages:${PYTHONPATH} /usr/bin/cmake --build /home/sarah/ros2_ws/build/tuos_ros -- -j12 -l12
[0.555s] Invoking command in '/home/sarah/ros2_ws/build/tuos_ros': AMENT_PREFIX_PATH=/home/sarah/ros2_ws/install/tuos_task_sims:/home/sarah/ros2_ws/install/tuos_tb3_tools:/home/sarah/ros2_ws/install/tuos_simulations:/home/sarah/ros2_ws/install/tuos_interfaces:/home/sarah/ros2_ws/install/tuos_examples:${AMENT_PREFIX_PATH} CMAKE_PREFIX_PATH=/home/sarah/ros2_ws/install/tuos_task_sims:/home/sarah/ros2_ws/install/tuos_tb3_tools:/home/sarah/ros2_ws/install/tuos_simulations:/home/sarah/ros2_ws/install/tuos_interfaces:/home/sarah/ros2_ws/install/tuos_examples:/opt/ros/humble LD_LIBRARY_PATH=/home/sarah/ros2_ws/install/tuos_interfaces/lib:${LD_LIBRARY_PATH} PYTHONPATH=/home/sarah/ros2_ws/install/tuos_interfaces/local/lib/python3.10/dist-packages:/home/sarah/ros2_ws/install/tuos_examples/local/lib/python3.10/dist-packages:${PYTHONPATH} /usr/bin/cmake --install /home/sarah/ros2_ws/build/tuos_ros
[0.562s] -- Install configuration: ""
[0.562s] -- Installing: /home/sarah/ros2_ws/install/tuos_ros/share/ament_index/resource_index/package_run_dependencies/tuos_ros
[0.562s] -- Installing: /home/sarah/ros2_ws/install/tuos_ros/share/ament_index/resource_index/parent_prefix_path/tuos_ros
[0.562s] -- Installing: /home/sarah/ros2_ws/install/tuos_ros/share/tuos_ros/environment/ament_prefix_path.sh
[0.562s] -- Installing: /home/sarah/ros2_ws/install/tuos_ros/share/tuos_ros/environment/ament_prefix_path.dsv
[0.562s] -- Installing: /home/sarah/ros2_ws/install/tuos_ros/share/tuos_ros/environment/path.sh
[0.562s] -- Installing: /home/sarah/ros2_ws/install/tuos_ros/share/tuos_ros/environment/path.dsv
[0.562s] -- Installing: /home/sarah/ros2_ws/install/tuos_ros/share/tuos_ros/local_setup.bash
[0.562s] -- Installing: /home/sarah/ros2_ws/install/tuos_ros/share/tuos_ros/local_setup.sh
[0.563s] -- Installing: /home/sarah/ros2_ws/install/tuos_ros/share/tuos_ros/local_setup.zsh
[0.563s] -- Installing: /home/sarah/ros2_ws/install/tuos_ros/share/tuos_ros/local_setup.dsv
[0.563s] -- Installing: /home/sarah/ros2_ws/install/tuos_ros/share/tuos_ros/package.dsv
[0.563s] -- Installing: /home/sarah/ros2_ws/install/tuos_ros/share/ament_index/resource_index/packages/tuos_ros
[0.563s] -- Installing: /home/sarah/ros2_ws/install/tuos_ros/share/tuos_ros/cmake/tuos_rosConfig.cmake
[0.563s] -- Installing: /home/sarah/ros2_ws/install/tuos_ros/share/tuos_ros/cmake/tuos_rosConfig-version.cmake
[0.563s] -- Installing: /home/sarah/ros2_ws/install/tuos_ros/share/tuos_ros/package.xml
[0.564s] Invoked command in '/home/sarah/ros2_ws/build/tuos_ros' returned '0': AMENT_PREFIX_PATH=/home/sarah/ros2_ws/install/tuos_task_sims:/home/sarah/ros2_ws/install/tuos_tb3_tools:/home/sarah/ros2_ws/install/tuos_simulations:/home/sarah/ros2_ws/install/tuos_interfaces:/home/sarah/ros2_ws/install/tuos_examples:${AMENT_PREFIX_PATH} CMAKE_PREFIX_PATH=/home/sarah/ros2_ws/install/tuos_task_sims:/home/sarah/ros2_ws/install/tuos_tb3_tools:/home/sarah/ros2_ws/install/tuos_simulations:/home/sarah/ros2_ws/install/tuos_interfaces:/home/sarah/ros2_ws/install/tuos_examples:/opt/ros/humble LD_LIBRARY_PATH=/home/sarah/ros2_ws/install/tuos_interfaces/lib:${LD_LIBRARY_PATH} PYTHONPATH=/home/sarah/ros2_ws/install/tuos_interfaces/local/lib/python3.10/dist-packages:/home/sarah/ros2_ws/install/tuos_examples/local/lib/python3.10/dist-packages:${PYTHONPATH} /usr/bin/cmake --install /home/sarah/ros2_ws/build/tuos_ros
