Built target ament_cmake_python_copy_tuos_examples
running egg_info
creating tuos_examples.egg-info
writing tuos_examples.egg-info/PKG-INFO
writing dependency_links to tuos_examples.egg-info/dependency_links.txt
writing top-level names to tuos_examples.egg-info/top_level.txt
writing manifest file 'tuos_examples.egg-info/SOURCES.txt'
reading manifest file 'tuos_examples.egg-info/SOURCES.txt'
writing manifest file 'tuos_examples.egg-info/SOURCES.txt'
Built target ament_cmake_python_build_tuos_examples_egg
-- Install configuration: ""
-- Installing: /home/sarah/ros2_ws/install/tuos_examples/share/tuos_examples/environment/pythonpath.sh
-- Installing: /home/sarah/ros2_ws/install/tuos_examples/share/tuos_examples/environment/pythonpath.dsv
-- Installing: /home/sarah/ros2_ws/install/tuos_examples/local/lib/python3.10/dist-packages/tuos_examples-0.0.0-py3.10.egg-info
-- Installing: /home/sarah/ros2_ws/install/tuos_examples/local/lib/python3.10/dist-packages/tuos_examples-0.0.0-py3.10.egg-info/dependency_links.txt
-- Installing: /home/sarah/ros2_ws/install/tuos_examples/local/lib/python3.10/dist-packages/tuos_examples-0.0.0-py3.10.egg-info/PKG-INFO
-- Installing: /home/sarah/ros2_ws/install/tuos_examples/local/lib/python3.10/dist-packages/tuos_examples-0.0.0-py3.10.egg-info/SOURCES.txt
-- Installing: /home/sarah/ros2_ws/install/tuos_examples/local/lib/python3.10/dist-packages/tuos_examples-0.0.0-py3.10.egg-info/top_level.txt
-- Installing: /home/sarah/ros2_ws/install/tuos_examples/local/lib/python3.10/dist-packages/tuos_examples
-- Installing: /home/sarah/ros2_ws/install/tuos_examples/local/lib/python3.10/dist-packages/tuos_examples/tb3_tools.py
-- Installing: /home/sarah/ros2_ws/install/tuos_examples/local/lib/python3.10/dist-packages/tuos_examples/__init__.py
Listing '/home/sarah/ros2_ws/install/tuos_examples/local/lib/python3.10/dist-packages/tuos_examples'...
Compiling '/home/sarah/ros2_ws/install/tuos_examples/local/lib/python3.10/dist-packages/tuos_examples/__init__.py'...
Compiling '/home/sarah/ros2_ws/install/tuos_examples/local/lib/python3.10/dist-packages/tuos_examples/tb3_tools.py'...
-- Installing: /home/sarah/ros2_ws/install/tuos_examples/lib/tuos_examples/odom_subscriber_template.py
-- Installing: /home/sarah/ros2_ws/install/tuos_examples/lib/tuos_examples/robot_pose.py
-- Installing: /home/sarah/ros2_ws/install/tuos_examples/lib/tuos_examples/camera_sweep_action_server.py
-- Installing: /home/sarah/ros2_ws/install/tuos_examples/lib/tuos_examples/waffle_yaw_action_server.py
-- Installing: /home/sarah/ros2_ws/install/tuos_examples/lib/tuos_examples/image_colours.py
-- Installing: /home/sarah/ros2_ws/install/tuos_examples/lib/tuos_examples/colour_search.py
-- Installing: /home/sarah/ros2_ws/install/tuos_examples/lib/tuos_examples/number_game.py
-- Installing: /home/sarah/ros2_ws/install/tuos_examples/share/ament_index/resource_index/package_run_dependencies/tuos_examples
-- Installing: /home/sarah/ros2_ws/install/tuos_examples/share/ament_index/resource_index/parent_prefix_path/tuos_examples
-- Installing: /home/sarah/ros2_ws/install/tuos_examples/share/tuos_examples/environment/ament_prefix_path.sh
-- Installing: /home/sarah/ros2_ws/install/tuos_examples/share/tuos_examples/environment/ament_prefix_path.dsv
-- Installing: /home/sarah/ros2_ws/install/tuos_examples/share/tuos_examples/environment/path.sh
-- Installing: /home/sarah/ros2_ws/install/tuos_examples/share/tuos_examples/environment/path.dsv
-- Installing: /home/sarah/ros2_ws/install/tuos_examples/share/tuos_examples/local_setup.bash
-- Installing: /home/sarah/ros2_ws/install/tuos_examples/share/tuos_examples/local_setup.sh
-- Installing: /home/sarah/ros2_ws/install/tuos_examples/share/tuos_examples/local_setup.zsh
-- Installing: /home/sarah/ros2_ws/install/tuos_examples/share/tuos_examples/local_setup.dsv
-- Installing: /home/sarah/ros2_ws/install/tuos_examples/share/tuos_examples/package.dsv
-- Installing: /home/sarah/ros2_ws/install/tuos_examples/share/ament_index/resource_index/packages/tuos_examples
-- Installing: /home/sarah/ros2_ws/install/tuos_examples/share/tuos_examples/cmake/tuos_examplesConfig.cmake
-- Installing: /home/sarah/ros2_ws/install/tuos_examples/share/tuos_examples/cmake/tuos_examplesConfig-version.cmake
-- Installing: /home/sarah/ros2_ws/install/tuos_examples/share/tuos_examples/package.xml
