[0.010s] Invoking command in '/home/sarah/ros2_ws/build/tuos_examples': CMAKE_PREFIX_PATH=/opt/ros/humble /usr/bin/cmake --build /home/sarah/ros2_ws/build/tuos_examples -- -j12 -l12
[0.057s] Built target ament_cmake_python_copy_tuos_examples
[0.212s] running egg_info
[0.212s] creating tuos_examples.egg-info
[0.212s] writing tuos_examples.egg-info/PKG-INFO
[0.212s] writing dependency_links to tuos_examples.egg-info/dependency_links.txt
[0.212s] writing top-level names to tuos_examples.egg-info/top_level.txt
[0.213s] writing manifest file 'tuos_examples.egg-info/SOURCES.txt'
[0.214s] reading manifest file 'tuos_examples.egg-info/SOURCES.txt'
[0.214s] writing manifest file 'tuos_examples.egg-info/SOURCES.txt'
[0.235s] Built target ament_cmake_python_build_tuos_examples_egg
[0.243s] Invoked command in '/home/sarah/ros2_ws/build/tuos_examples' returned '0': CMAKE_PREFIX_PATH=/opt/ros/humble /usr/bin/cmake --build /home/sarah/ros2_ws/build/tuos_examples -- -j12 -l12
[0.244s] Invoking command in '/home/sarah/ros2_ws/build/tuos_examples': CMAKE_PREFIX_PATH=/opt/ros/humble /usr/bin/cmake --install /home/sarah/ros2_ws/build/tuos_examples
[0.248s] -- Install configuration: ""
[0.249s] -- Installing: /home/sarah/ros2_ws/install/tuos_examples/share/tuos_examples/environment/pythonpath.sh
[0.249s] -- Installing: /home/sarah/ros2_ws/install/tuos_examples/share/tuos_examples/environment/pythonpath.dsv
[0.249s] -- Installing: /home/sarah/ros2_ws/install/tuos_examples/local/lib/python3.10/dist-packages/tuos_examples-0.0.0-py3.10.egg-info
[0.249s] -- Installing: /home/sarah/ros2_ws/install/tuos_examples/local/lib/python3.10/dist-packages/tuos_examples-0.0.0-py3.10.egg-info/dependency_links.txt
[0.249s] -- Installing: /home/sarah/ros2_ws/install/tuos_examples/local/lib/python3.10/dist-packages/tuos_examples-0.0.0-py3.10.egg-info/PKG-INFO
[0.249s] -- Installing: /home/sarah/ros2_ws/install/tuos_examples/local/lib/python3.10/dist-packages/tuos_examples-0.0.0-py3.10.egg-info/SOURCES.txt
[0.249s] -- Installing: /home/sarah/ros2_ws/install/tuos_examples/local/lib/python3.10/dist-packages/tuos_examples-0.0.0-py3.10.egg-info/top_level.txt
[0.249s] -- Installing: /home/sarah/ros2_ws/install/tuos_examples/local/lib/python3.10/dist-packages/tuos_examples
[0.249s] -- Installing: /home/sarah/ros2_ws/install/tuos_examples/local/lib/python3.10/dist-packages/tuos_examples/tb3_tools.py
[0.249s] -- Installing: /home/sarah/ros2_ws/install/tuos_examples/local/lib/python3.10/dist-packages/tuos_examples/__init__.py
[0.273s] Listing '/home/sarah/ros2_ws/install/tuos_examples/local/lib/python3.10/dist-packages/tuos_examples'...
[0.273s] Compiling '/home/sarah/ros2_ws/install/tuos_examples/local/lib/python3.10/dist-packages/tuos_examples/__init__.py'...
[0.273s] Compiling '/home/sarah/ros2_ws/install/tuos_examples/local/lib/python3.10/dist-packages/tuos_examples/tb3_tools.py'...
[0.276s] -- Installing: /home/sarah/ros2_ws/install/tuos_examples/lib/tuos_examples/odom_subscriber_template.py
[0.276s] -- Installing: /home/sarah/ros2_ws/install/tuos_examples/lib/tuos_examples/robot_pose.py
[0.277s] -- Installing: /home/sarah/ros2_ws/install/tuos_examples/lib/tuos_examples/camera_sweep_action_server.py
[0.277s] -- Installing: /home/sarah/ros2_ws/install/tuos_examples/lib/tuos_examples/waffle_yaw_action_server.py
[0.277s] -- Installing: /home/sarah/ros2_ws/install/tuos_examples/lib/tuos_examples/image_colours.py
[0.277s] -- Installing: /home/sarah/ros2_ws/install/tuos_examples/lib/tuos_examples/colour_search.py
[0.277s] -- Installing: /home/sarah/ros2_ws/install/tuos_examples/lib/tuos_examples/number_game.py
[0.277s] -- Installing: /home/sarah/ros2_ws/install/tuos_examples/share/ament_index/resource_index/package_run_dependencies/tuos_examples
[0.277s] -- Installing: /home/sarah/ros2_ws/install/tuos_examples/share/ament_index/resource_index/parent_prefix_path/tuos_examples
[0.277s] -- Installing: /home/sarah/ros2_ws/install/tuos_examples/share/tuos_examples/environment/ament_prefix_path.sh
[0.277s] -- Installing: /home/sarah/ros2_ws/install/tuos_examples/share/tuos_examples/environment/ament_prefix_path.dsv
[0.277s] -- Installing: /home/sarah/ros2_ws/install/tuos_examples/share/tuos_examples/environment/path.sh
[0.277s] -- Installing: /home/sarah/ros2_ws/install/tuos_examples/share/tuos_examples/environment/path.dsv
[0.277s] -- Installing: /home/sarah/ros2_ws/install/tuos_examples/share/tuos_examples/local_setup.bash
[0.277s] -- Installing: /home/sarah/ros2_ws/install/tuos_examples/share/tuos_examples/local_setup.sh
[0.278s] -- Installing: /home/sarah/ros2_ws/install/tuos_examples/share/tuos_examples/local_setup.zsh
[0.278s] -- Installing: /home/sarah/ros2_ws/install/tuos_examples/share/tuos_examples/local_setup.dsv
[0.278s] -- Installing: /home/sarah/ros2_ws/install/tuos_examples/share/tuos_examples/package.dsv
[0.278s] -- Installing: /home/sarah/ros2_ws/install/tuos_examples/share/ament_index/resource_index/packages/tuos_examples
[0.278s] -- Installing: /home/sarah/ros2_ws/install/tuos_examples/share/tuos_examples/cmake/tuos_examplesConfig.cmake
[0.278s] -- Installing: /home/sarah/ros2_ws/install/tuos_examples/share/tuos_examples/cmake/tuos_examplesConfig-version.cmake
[0.278s] -- Installing: /home/sarah/ros2_ws/install/tuos_examples/share/tuos_examples/package.xml
[0.280s] Invoked command in '/home/sarah/ros2_ws/build/tuos_examples' returned '0': CMAKE_PREFIX_PATH=/opt/ros/humble /usr/bin/cmake --install /home/sarah/ros2_ws/build/tuos_examples
