-- Install configuration: ""
-- Installing: /home/sarah/ros2_ws/install/tuos_tb3_tools/lib/tuos_tb3_tools/tb3_status.py
-- Installing: /home/sarah/ros2_ws/install/tuos_tb3_tools/share/tuos_tb3_tools/launch
-- Installing: /home/sarah/ros2_ws/install/tuos_tb3_tools/share/tuos_tb3_tools/launch/_slam_sim.launch.py
-- Installing: /home/sarah/ros2_ws/install/tuos_tb3_tools/share/tuos_tb3_tools/launch/ros.launch.py
-- Installing: /home/sarah/ros2_ws/install/tuos_tb3_tools/share/tuos_tb3_tools/launch/slam.launch.py
-- Installing: /home/sarah/ros2_ws/install/tuos_tb3_tools/share/tuos_tb3_tools/launch/rviz.launch.py
-- Installing: /home/sarah/ros2_ws/install/tuos_tb3_tools/share/tuos_tb3_tools/launch/_rviz_sim.launch.py
-- Installing: /home/sarah/ros2_ws/install/tuos_tb3_tools/share/tuos_tb3_tools/launch/_rviz_real.launch.py
-- Installing: /home/sarah/ros2_ws/install/tuos_tb3_tools/share/tuos_tb3_tools/launch/_slam_real.launch.py
-- Installing: /home/sarah/ros2_ws/install/tuos_tb3_tools/share/tuos_tb3_tools/rviz
-- Installing: /home/sarah/ros2_ws/install/tuos_tb3_tools/share/tuos_tb3_tools/rviz/slam_sim.rviz
-- Installing: /home/sarah/ros2_ws/install/tuos_tb3_tools/share/tuos_tb3_tools/rviz/waffle_slam.rviz
-- Installing: /home/sarah/ros2_ws/install/tuos_tb3_tools/share/tuos_tb3_tools/rviz/rviz_real.rviz
-- Installing: /home/sarah/ros2_ws/install/tuos_tb3_tools/share/tuos_tb3_tools/rviz/waffle.rviz
-- Installing: /home/sarah/ros2_ws/install/tuos_tb3_tools/share/tuos_tb3_tools/rviz/rviz_sim.rviz
-- Installing: /home/sarah/ros2_ws/install/tuos_tb3_tools/share/tuos_tb3_tools/rviz/slam_real.rviz
-- Installing: /home/sarah/ros2_ws/install/tuos_tb3_tools/share/ament_index/resource_index/package_run_dependencies/tuos_tb3_tools
-- Installing: /home/sarah/ros2_ws/install/tuos_tb3_tools/share/ament_index/resource_index/parent_prefix_path/tuos_tb3_tools
-- Installing: /home/sarah/ros2_ws/install/tuos_tb3_tools/share/tuos_tb3_tools/environment/ament_prefix_path.sh
-- Installing: /home/sarah/ros2_ws/install/tuos_tb3_tools/share/tuos_tb3_tools/environment/ament_prefix_path.dsv
-- Installing: /home/sarah/ros2_ws/install/tuos_tb3_tools/share/tuos_tb3_tools/environment/path.sh
-- Installing: /home/sarah/ros2_ws/install/tuos_tb3_tools/share/tuos_tb3_tools/environment/path.dsv
-- Installing: /home/sarah/ros2_ws/install/tuos_tb3_tools/share/tuos_tb3_tools/local_setup.bash
-- Installing: /home/sarah/ros2_ws/install/tuos_tb3_tools/share/tuos_tb3_tools/local_setup.sh
-- Installing: /home/sarah/ros2_ws/install/tuos_tb3_tools/share/tuos_tb3_tools/local_setup.zsh
-- Installing: /home/sarah/ros2_ws/install/tuos_tb3_tools/share/tuos_tb3_tools/local_setup.dsv
-- Installing: /home/sarah/ros2_ws/install/tuos_tb3_tools/share/tuos_tb3_tools/package.dsv
-- Installing: /home/sarah/ros2_ws/install/tuos_tb3_tools/share/ament_index/resource_index/packages/tuos_tb3_tools
-- Installing: /home/sarah/ros2_ws/install/tuos_tb3_tools/share/tuos_tb3_tools/cmake/tuos_tb3_toolsConfig.cmake
-- Installing: /home/sarah/ros2_ws/install/tuos_tb3_tools/share/tuos_tb3_tools/cmake/tuos_tb3_toolsConfig-version.cmake
-- Installing: /home/sarah/ros2_ws/install/tuos_tb3_tools/share/tuos_tb3_tools/package.xml
