[0.010s] Invoking command in '/home/sarah/ros2_ws/build/tuos_tb3_tools': CMAKE_PREFIX_PATH=/opt/ros/humble /usr/bin/cmake /home/sarah/ros2_ws/src/tuos_ros/tuos_tb3_tools -DCMAKE_INSTALL_PREFIX=/home/sarah/ros2_ws/install/tuos_tb3_tools
[0.064s] -- The C compiler identification is GNU 11.4.0
[0.108s] -- The CXX compiler identification is GNU 11.4.0
[0.112s] -- Detecting C compiler ABI info
[0.158s] -- Detecting C compiler ABI info - done
[0.166s] -- Check for working C compiler: /usr/bin/cc - skipped
[0.167s] -- Detecting C compile features
[0.167s] -- Detecting C compile features - done
[0.170s] -- Detecting CXX compiler ABI info
[0.236s] -- Detecting CXX compiler ABI info - done
[0.241s] -- Check for working CXX compiler: /usr/bin/c++ - skipped
[0.241s] -- Detecting CXX compile features
[0.242s] -- Detecting CXX compile features - done
[0.243s] -- Found ament_cmake: 1.3.14 (/opt/ros/humble/share/ament_cmake/cmake)
[0.352s] -- Found Python3: /usr/bin/python3 (found version "3.10.12") found components: Interpreter 
[0.415s] -- Found rclcpp: 16.0.19 (/opt/ros/humble/share/rclcpp/cmake)
[0.439s] -- Found rosidl_generator_c: 3.1.8 (/opt/ros/humble/share/rosidl_generator_c/cmake)
[0.441s] -- Found rosidl_adapter: 3.1.8 (/opt/ros/humble/share/rosidl_adapter/cmake)
[0.446s] -- Found rosidl_generator_cpp: 3.1.8 (/opt/ros/humble/share/rosidl_generator_cpp/cmake)
[0.454s] -- Using all available rosidl_typesupport_c: rosidl_typesupport_fastrtps_c;rosidl_typesupport_introspection_c
[0.463s] -- Using all available rosidl_typesupport_cpp: rosidl_typesupport_fastrtps_cpp;rosidl_typesupport_introspection_cpp
[0.490s] -- Found rmw_implementation_cmake: 6.1.2 (/opt/ros/humble/share/rmw_implementation_cmake/cmake)
[0.491s] -- Found rmw_fastrtps_cpp: 6.2.10 (/opt/ros/humble/share/rmw_fastrtps_cpp/cmake)
[0.551s] -- Found OpenSSL: /usr/lib/x86_64-linux-gnu/libcrypto.so (found version "3.0.2")  
[0.573s] -- Found FastRTPS: /opt/ros/humble/include  
[0.602s] -- Using RMW implementation 'rmw_fastrtps_cpp' as default
[0.606s] -- Looking for pthread.h
[0.668s] -- Looking for pthread.h - found
[0.669s] -- Performing Test CMAKE_HAVE_LIBC_PTHREAD
[0.728s] -- Performing Test CMAKE_HAVE_LIBC_PTHREAD - Success
[0.729s] -- Found Threads: TRUE  
[0.763s] -- Found rclpy: 3.3.21 (/opt/ros/humble/share/rclpy/cmake)
[0.806s] -- Configuring done
[0.808s] -- Generating done
[0.810s] -- Build files have been written to: /home/sarah/ros2_ws/build/tuos_tb3_tools
