-- The C compiler identification is GNU 11.4.0
-- The CXX compiler identification is GNU 11.4.0
-- Detecting C compiler ABI info
-- Detecting C compiler ABI info - done
-- Check for working C compiler: /usr/bin/cc - skipped
-- Detecting C compile features
-- Detecting C compile features - done
-- Detecting CXX compiler ABI info
-- Detecting CXX compiler ABI info - done
-- Check for working CXX compiler: /usr/bin/c++ - skipped
-- Detecting CXX compile features
-- Detecting CXX compile features - done
-- Found ament_cmake: 1.3.14 (/opt/ros/humble/share/ament_cmake/cmake)
-- Found Python3: /usr/bin/python3 (found version "3.10.12") found components: Interpreter 
[31mCMake Error at CMakeLists.txt:16 (find_package):
  By not providing "Findros_gz_sim.cmake" in CMAKE_MODULE_PATH this project
  has asked CMake to find a package configuration file provided by
  "ros_gz_sim", but CMake did not find one.

  Could not find a package configuration file provided by "ros_gz_sim" with
  any of the following names:

    ros_gz_simConfig.cmake
    ros_gz_sim-config.cmake

  Add the installation prefix of "ros_gz_sim" to CMAKE_PREFIX_PATH or set
  "ros_gz_sim_DIR" to a directory containing one of the above files.  If
  "ros_gz_sim" provides a separate development package or SDK, be sure it has
  been installed.

[0m
-- Configuring incomplete, errors occurred!
See also "/home/sarah/ros2_ws/build/tuos_simulations/CMakeFiles/CMakeOutput.log".
