[0.010s] Invoking command in '/home/sarah/ros2_ws/build/tuos_simulations': CMAKE_PREFIX_PATH=/opt/ros/humble /usr/bin/cmake /home/sarah/ros2_ws/src/tuos_ros/tuos_simulations -DCMAKE_INSTALL_PREFIX=/home/sarah/ros2_ws/install/tuos_simulations
[0.068s] -- The C compiler identification is GNU 11.4.0
[0.114s] -- The CXX compiler identification is GNU 11.4.0
[0.121s] -- Detecting C compiler ABI info
[0.168s] -- Detecting C compiler ABI info - done
[0.173s] -- Check for working C compiler: /usr/bin/cc - skipped
[0.173s] -- Detecting C compile features
[0.173s] -- Detecting C compile features - done
[0.175s] -- Detecting CXX compiler ABI info
[0.235s] -- Detecting CXX compiler ABI info - done
[0.243s] -- Check for working CXX compiler: /usr/bin/c++ - skipped
[0.243s] -- Detecting CXX compile features
[0.244s] -- Detecting CXX compile features - done
[0.246s] -- Found ament_cmake: 1.3.14 (/opt/ros/humble/share/ament_cmake/cmake)
[0.359s] -- Found Python3: /usr/bin/python3 (found version "3.10.12") found components: Interpreter 
[0.434s] [31mCMake Error at CMakeLists.txt:16 (find_package):
[0.434s]   By not providing "Findros_gz_sim.cmake" in CMAKE_MODULE_PATH this project
[0.434s]   has asked CMake to find a package configuration file provided by
[0.434s]   "ros_gz_sim", but CMake did not find one.
[0.434s] 
[0.434s]   Could not find a package configuration file provided by "ros_gz_sim" with
[0.434s]   any of the following names:
[0.435s] 
[0.435s]     ros_gz_simConfig.cmake
[0.435s]     ros_gz_sim-config.cmake
[0.435s] 
[0.435s]   Add the installation prefix of "ros_gz_sim" to CMAKE_PREFIX_PATH or set
[0.435s]   "ros_gz_sim_DIR" to a directory containing one of the above files.  If
[0.435s]   "ros_gz_sim" provides a separate development package or SDK, be sure it has
[0.435s]   been installed.
[0.435s] 
[0.435s] [0m
[0.435s] -- Configuring incomplete, errors occurred!
[0.435s] See also "/home/sarah/ros2_ws/build/tuos_simulations/CMakeFiles/CMakeOutput.log".
[0.437s] Invoked command in '/home/sarah/ros2_ws/build/tuos_simulations' returned '1': CMAKE_PREFIX_PATH=/opt/ros/humble /usr/bin/cmake /home/sarah/ros2_ws/src/tuos_ros/tuos_simulations -DCMAKE_INSTALL_PREFIX=/home/sarah/ros2_ws/install/tuos_simulations
