[0.009s] Invoking command in '/home/sarah/ros2_ws/build/part1_pubsub': CMAKE_PREFIX_PATH=${CMAKE_PREFIX_PATH}:/opt/ros/humble /usr/bin/cmake --build /home/sarah/ros2_ws/build/part1_pubsub -- -j12 -l12
[0.031s] -- Found ament_cmake: 1.3.14 (/opt/ros/humble/share/ament_cmake/cmake)
[0.126s] -- Override CMake install command with custom implementation using symlinks instead of copying resources
[0.130s] -- Found rclcpp: 16.0.19 (/opt/ros/humble/share/rclcpp/cmake)
[0.149s] -- Found rosidl_generator_c: 3.1.8 (/opt/ros/humble/share/rosidl_generator_c/cmake)
[0.151s] -- Found rosidl_adapter: 3.1.8 (/opt/ros/humble/share/rosidl_adapter/cmake)
[0.154s] -- Found rosidl_generator_cpp: 3.1.8 (/opt/ros/humble/share/rosidl_generator_cpp/cmake)
[0.160s] -- Using all available rosidl_typesupport_c: rosidl_typesupport_fastrtps_c;rosidl_typesupport_introspection_c
[0.168s] -- Using all available rosidl_typesupport_cpp: rosidl_typesupport_fastrtps_cpp;rosidl_typesupport_introspection_cpp
[0.189s] -- Found rmw_implementation_cmake: 6.1.2 (/opt/ros/humble/share/rmw_implementation_cmake/cmake)
[0.190s] -- Found rmw_fastrtps_cpp: 6.2.10 (/opt/ros/humble/share/rmw_fastrtps_cpp/cmake)
[0.260s] -- Using RMW implementation 'rmw_fastrtps_cpp' as default
[0.292s] -- Found rclpy: 3.3.21 (/opt/ros/humble/share/rclpy/cmake)
[0.380s] -- Configuring done
[0.383s] -- Generating done
[0.384s] -- Build files have been written to: /home/sarah/ros2_ws/build/part1_pubsub
[0.430s] Built target ament_cmake_python_symlink_part1_pubsub_modules
[0.588s] running egg_info
[0.588s] writing part1_pubsub_modules.egg-info/PKG-INFO
[0.588s] writing dependency_links to part1_pubsub_modules.egg-info/dependency_links.txt
[0.588s] writing top-level names to part1_pubsub_modules.egg-info/top_level.txt
[0.590s] reading manifest file 'part1_pubsub_modules.egg-info/SOURCES.txt'
[0.590s] writing manifest file 'part1_pubsub_modules.egg-info/SOURCES.txt'
[0.608s] Built target ament_cmake_python_build_part1_pubsub_modules_egg
[0.616s] Invoked command in '/home/sarah/ros2_ws/build/part1_pubsub' returned '0': CMAKE_PREFIX_PATH=${CMAKE_PREFIX_PATH}:/opt/ros/humble /usr/bin/cmake --build /home/sarah/ros2_ws/build/part1_pubsub -- -j12 -l12
[0.626s] Invoking command in '/home/sarah/ros2_ws/build/part1_pubsub': CMAKE_PREFIX_PATH=${CMAKE_PREFIX_PATH}:/opt/ros/humble /usr/bin/cmake --install /home/sarah/ros2_ws/build/part1_pubsub
[0.633s] -- Install configuration: ""
[0.634s] -- Execute custom install script
[0.634s] -- Up-to-date symlink: /home/sarah/ros2_ws/install/part1_pubsub/share/part1_pubsub/environment/pythonpath.sh
[0.634s] -- Up-to-date symlink: /home/sarah/ros2_ws/install/part1_pubsub/share/part1_pubsub/environment/pythonpath.dsv
[0.634s] -- Up-to-date symlink: /home/sarah/ros2_ws/install/part1_pubsub/local/lib/python3.10/dist-packages/part1_pubsub_modules-0.0.0-py3.10.egg-info/PKG-INFO
[0.634s] -- Up-to-date symlink: /home/sarah/ros2_ws/install/part1_pubsub/local/lib/python3.10/dist-packages/part1_pubsub_modules-0.0.0-py3.10.egg-info/SOURCES.txt
[0.634s] -- Up-to-date symlink: /home/sarah/ros2_ws/install/part1_pubsub/local/lib/python3.10/dist-packages/part1_pubsub_modules-0.0.0-py3.10.egg-info/dependency_links.txt
[0.634s] -- Up-to-date symlink: /home/sarah/ros2_ws/install/part1_pubsub/local/lib/python3.10/dist-packages/part1_pubsub_modules-0.0.0-py3.10.egg-info/top_level.txt
[0.634s] -- Up-to-date symlink: /home/sarah/ros2_ws/install/part1_pubsub/local/lib/python3.10/dist-packages/part1_pubsub_modules/__init__.py
[0.634s] -- Up-to-date symlink: /home/sarah/ros2_ws/install/part1_pubsub/local/lib/python3.10/dist-packages/part1_pubsub_modules/tb3_tools.py
[0.634s] -- Up-to-date symlink: /home/sarah/ros2_ws/install/part1_pubsub/lib/part1_pubsub/basic_velocity_control.py
[0.634s] -- Up-to-date symlink: /home/sarah/ros2_ws/install/part1_pubsub/lib/part1_pubsub/stop_me.py
[0.635s] -- Up-to-date symlink: /home/sarah/ros2_ws/install/part1_pubsub/lib/part1_pubsub/publisher.py
[0.635s] -- Symlinking: /home/sarah/ros2_ws/install/part1_pubsub/lib/part1_pubsub/subscriber.py
[0.644s] -- Up-to-date symlink: /home/sarah/ros2_ws/install/part1_pubsub/share/ament_index/resource_index/package_run_dependencies/part1_pubsub
[0.645s] -- Up-to-date symlink: /home/sarah/ros2_ws/install/part1_pubsub/share/ament_index/resource_index/parent_prefix_path/part1_pubsub
[0.645s] -- Up-to-date symlink: /home/sarah/ros2_ws/install/part1_pubsub/share/part1_pubsub/environment/ament_prefix_path.sh
[0.645s] -- Up-to-date symlink: /home/sarah/ros2_ws/install/part1_pubsub/share/part1_pubsub/environment/ament_prefix_path.dsv
[0.645s] -- Up-to-date symlink: /home/sarah/ros2_ws/install/part1_pubsub/share/part1_pubsub/environment/path.sh
[0.645s] -- Up-to-date symlink: /home/sarah/ros2_ws/install/part1_pubsub/share/part1_pubsub/environment/path.dsv
[0.645s] -- Up-to-date symlink: /home/sarah/ros2_ws/install/part1_pubsub/share/part1_pubsub/local_setup.bash
[0.645s] -- Up-to-date symlink: /home/sarah/ros2_ws/install/part1_pubsub/share/part1_pubsub/local_setup.sh
[0.645s] -- Up-to-date symlink: /home/sarah/ros2_ws/install/part1_pubsub/share/part1_pubsub/local_setup.zsh
[0.645s] -- Up-to-date symlink: /home/sarah/ros2_ws/install/part1_pubsub/share/part1_pubsub/local_setup.dsv
[0.645s] -- Symlinking: /home/sarah/ros2_ws/install/part1_pubsub/share/part1_pubsub/package.dsv
[0.654s] -- Up-to-date symlink: /home/sarah/ros2_ws/install/part1_pubsub/share/ament_index/resource_index/packages/part1_pubsub
[0.654s] -- Up-to-date symlink: /home/sarah/ros2_ws/install/part1_pubsub/share/part1_pubsub/cmake/part1_pubsubConfig.cmake
[0.654s] -- Up-to-date symlink: /home/sarah/ros2_ws/install/part1_pubsub/share/part1_pubsub/cmake/part1_pubsubConfig-version.cmake
[0.654s] -- Up-to-date symlink: /home/sarah/ros2_ws/install/part1_pubsub/share/part1_pubsub/package.xml
[0.680s] Listing '/home/sarah/ros2_ws/install/part1_pubsub/local/lib/python3.10/dist-packages/part1_pubsub_modules'...
[0.684s] Invoked command in '/home/sarah/ros2_ws/build/part1_pubsub' returned '0': CMAKE_PREFIX_PATH=${CMAKE_PREFIX_PATH}:/opt/ros/humble /usr/bin/cmake --install /home/sarah/ros2_ws/build/part1_pubsub
